Archive member included to satisfy reference by file (symbol)

E:/CLion2024/arm-gnu-toolchain-13.3.rel1-mingw-w64-i686-arm-none-eabi/arm-gnu-toolchain-13.3.rel1-mingw-w64-i686-arm-none-eabi/bin/../lib/gcc/arm-none-eabi/13.3.1/thumb/v7-m/nofp\libgcc.a(_arm_muldf3.o)
                              CMakeFiles/OLED.elf.dir/Core/Src/oled.c.obj (__aeabi_dmul)
E:/CLion2024/arm-gnu-toolchain-13.3.rel1-mingw-w64-i686-arm-none-eabi/arm-gnu-toolchain-13.3.rel1-mingw-w64-i686-arm-none-eabi/bin/../lib/gcc/arm-none-eabi/13.3.1/thumb/v7-m/nofp\libgcc.a(_arm_addsubdf3.o)
                              CMakeFiles/OLED.elf.dir/Core/Src/oled.c.obj (__aeabi_dsub)
E:/CLion2024/arm-gnu-toolchain-13.3.rel1-mingw-w64-i686-arm-none-eabi/arm-gnu-toolchain-13.3.rel1-mingw-w64-i686-arm-none-eabi/bin/../lib/gcc/arm-none-eabi/13.3.1/thumb/v7-m/nofp\libgcc.a(_arm_fixdfsi.o)
                              CMakeFiles/OLED.elf.dir/Core/Src/oled.c.obj (__aeabi_d2iz)
E:/CLion2024/arm-gnu-toolchain-13.3.rel1-mingw-w64-i686-arm-none-eabi/arm-gnu-toolchain-13.3.rel1-mingw-w64-i686-arm-none-eabi/bin/../lib/gcc/arm-none-eabi/13.3.1/thumb/v7-m/nofp\libg.a(libc_a-exit.o)
                              E:/CLion2024/arm-gnu-toolchain-13.3.rel1-mingw-w64-i686-arm-none-eabi/arm-gnu-toolchain-13.3.rel1-mingw-w64-i686-arm-none-eabi/bin/../lib/gcc/arm-none-eabi/13.3.1/thumb/v7-m/nofp/crt0.o (exit)
E:/CLion2024/arm-gnu-toolchain-13.3.rel1-mingw-w64-i686-arm-none-eabi/arm-gnu-toolchain-13.3.rel1-mingw-w64-i686-arm-none-eabi/bin/../lib/gcc/arm-none-eabi/13.3.1/thumb/v7-m/nofp\libg.a(libc_a-findfp.o)
                              E:/CLion2024/arm-gnu-toolchain-13.3.rel1-mingw-w64-i686-arm-none-eabi/arm-gnu-toolchain-13.3.rel1-mingw-w64-i686-arm-none-eabi/bin/../lib/gcc/arm-none-eabi/13.3.1/thumb/v7-m/nofp\libg.a(libc_a-exit.o) (__stdio_exit_handler)
E:/CLion2024/arm-gnu-toolchain-13.3.rel1-mingw-w64-i686-arm-none-eabi/arm-gnu-toolchain-13.3.rel1-mingw-w64-i686-arm-none-eabi/bin/../lib/gcc/arm-none-eabi/13.3.1/thumb/v7-m/nofp\libg.a(libc_a-fwalk.o)
                              E:/CLion2024/arm-gnu-toolchain-13.3.rel1-mingw-w64-i686-arm-none-eabi/arm-gnu-toolchain-13.3.rel1-mingw-w64-i686-arm-none-eabi/bin/../lib/gcc/arm-none-eabi/13.3.1/thumb/v7-m/nofp\libg.a(libc_a-findfp.o) (_fwalk_sglue)
E:/CLion2024/arm-gnu-toolchain-13.3.rel1-mingw-w64-i686-arm-none-eabi/arm-gnu-toolchain-13.3.rel1-mingw-w64-i686-arm-none-eabi/bin/../lib/gcc/arm-none-eabi/13.3.1/thumb/v7-m/nofp\libg.a(libc_a-sprintf.o)
                              CMakeFiles/OLED.elf.dir/Core/Src/ball_game.c.obj (sprintf)
E:/CLion2024/arm-gnu-toolchain-13.3.rel1-mingw-w64-i686-arm-none-eabi/arm-gnu-toolchain-13.3.rel1-mingw-w64-i686-arm-none-eabi/bin/../lib/gcc/arm-none-eabi/13.3.1/thumb/v7-m/nofp\libg.a(libc_a-stdio.o)
                              E:/CLion2024/arm-gnu-toolchain-13.3.rel1-mingw-w64-i686-arm-none-eabi/arm-gnu-toolchain-13.3.rel1-mingw-w64-i686-arm-none-eabi/bin/../lib/gcc/arm-none-eabi/13.3.1/thumb/v7-m/nofp\libg.a(libc_a-findfp.o) (__sread)
E:/CLion2024/arm-gnu-toolchain-13.3.rel1-mingw-w64-i686-arm-none-eabi/arm-gnu-toolchain-13.3.rel1-mingw-w64-i686-arm-none-eabi/bin/../lib/gcc/arm-none-eabi/13.3.1/thumb/v7-m/nofp\libg.a(libc_a-memcmp.o)
                              CMakeFiles/OLED.elf.dir/Core/Src/oled.c.obj (memcmp)
E:/CLion2024/arm-gnu-toolchain-13.3.rel1-mingw-w64-i686-arm-none-eabi/arm-gnu-toolchain-13.3.rel1-mingw-w64-i686-arm-none-eabi/bin/../lib/gcc/arm-none-eabi/13.3.1/thumb/v7-m/nofp\libg.a(libc_a-memset.o)
                              E:/CLion2024/arm-gnu-toolchain-13.3.rel1-mingw-w64-i686-arm-none-eabi/arm-gnu-toolchain-13.3.rel1-mingw-w64-i686-arm-none-eabi/bin/../lib/gcc/arm-none-eabi/13.3.1/thumb/v7-m/nofp/crt0.o (memset)
E:/CLion2024/arm-gnu-toolchain-13.3.rel1-mingw-w64-i686-arm-none-eabi/arm-gnu-toolchain-13.3.rel1-mingw-w64-i686-arm-none-eabi/bin/../lib/gcc/arm-none-eabi/13.3.1/thumb/v7-m/nofp\libg.a(libc_a-closer.o)
                              E:/CLion2024/arm-gnu-toolchain-13.3.rel1-mingw-w64-i686-arm-none-eabi/arm-gnu-toolchain-13.3.rel1-mingw-w64-i686-arm-none-eabi/bin/../lib/gcc/arm-none-eabi/13.3.1/thumb/v7-m/nofp\libg.a(libc_a-stdio.o) (_close_r)
E:/CLion2024/arm-gnu-toolchain-13.3.rel1-mingw-w64-i686-arm-none-eabi/arm-gnu-toolchain-13.3.rel1-mingw-w64-i686-arm-none-eabi/bin/../lib/gcc/arm-none-eabi/13.3.1/thumb/v7-m/nofp\libg.a(libc_a-reent.o)
                              E:/CLion2024/arm-gnu-toolchain-13.3.rel1-mingw-w64-i686-arm-none-eabi/arm-gnu-toolchain-13.3.rel1-mingw-w64-i686-arm-none-eabi/bin/../lib/gcc/arm-none-eabi/13.3.1/thumb/v7-m/nofp\libg.a(libc_a-closer.o) (errno)
E:/CLion2024/arm-gnu-toolchain-13.3.rel1-mingw-w64-i686-arm-none-eabi/arm-gnu-toolchain-13.3.rel1-mingw-w64-i686-arm-none-eabi/bin/../lib/gcc/arm-none-eabi/13.3.1/thumb/v7-m/nofp\libg.a(libc_a-impure.o)
[...]
Memory Configuration

Name             Origin             Length             Attributes
RAM              0x20000000         0x00005000         xrw
FLASH            0x08000000         0x00010000         xr
*default*        0x00000000         0xffffffff

Linker script and memory map

LOAD E:/CLion2024/arm-gnu-toolchain-13.3.rel1-mingw-w64-i686-arm-none-eabi/arm-gnu-toolchain-13.3.rel1-mingw-w64-i686-arm-none-eabi/bin/../lib/gcc/arm-none-eabi/13.3.1/thumb/v7-m/nofp/crti.o
LOAD E:/CLion2024/arm-gnu-toolchain-13.3.rel1-mingw-w64-i686-arm-none-eabi/arm-gnu-toolchain-13.3.rel1-mingw-w64-i686-arm-none-eabi/bin/../lib/gcc/arm-none-eabi/13.3.1/thumb/v7-m/nofp/crtbegin.o
LOAD E:/CLion2024/arm-gnu-toolchain-13.3.rel1-mingw-w64-i686-arm-none-eabi/arm-gnu-toolchain-13.3.rel1-mingw-w64-i686-arm-none-eabi/bin/../lib/gcc/arm-none-eabi/13.3.1/thumb/v7-m/nofp/crt0.o
LOAD CMakeFiles/OLED.elf.dir/Core/Src/ball_game.c.obj
LOAD CMakeFiles/OLED.elf.dir/Core/Src/font.c.obj
LOAD CMakeFiles/OLED.elf.dir/Core/Src/gpio.c.obj
LOAD CMakeFiles/OLED.elf.dir/Core/Src/i2c.c.obj
LOAD CMakeFiles/OLED.elf.dir/Core/Src/key.c.obj
LOAD CMakeFiles/OLED.elf.dir/Core/Src/main.c.obj
LOAD CMakeFiles/OLED.elf.dir/Core/Src/oled.c.obj
LOAD CMakeFiles/OLED.elf.dir/Core/Src/stm32f1xx_hal_msp.c.obj
LOAD CMakeFiles/OLED.elf.dir/Core/Src/stm32f1xx_it.c.obj
LOAD CMakeFiles/OLED.elf.dir/Core/Src/syscalls.c.obj
LOAD CMakeFiles/OLED.elf.dir/Core/Src/sysmem.c.obj
LOAD CMakeFiles/OLED.elf.dir/Core/Src/system_stm32f1xx.c.obj
LOAD CMakeFiles/OLED.elf.dir/Core/Startup/startup_stm32f103c8tx.s.obj
LOAD CMakeFiles/OLED.elf.dir/Drivers/STM32F1xx_HAL_Driver/Src/stm32f1xx_hal.c.obj
LOAD CMakeFiles/OLED.elf.dir/Drivers/STM32F1xx_HAL_Driver/Src/stm32f1xx_hal_cortex.c.obj
LOAD CMakeFiles/OLED.elf.dir/Drivers/STM32F1xx_HAL_Driver/Src/stm32f1xx_hal_dma.c.obj
LOAD CMakeFiles/OLED.elf.dir/Drivers/STM32F1xx_HAL_Driver/Src/stm32f1xx_hal_exti.c.obj
LOAD CMakeFiles/OLED.elf.dir/Drivers/STM32F1xx_HAL_Driver/Src/stm32f1xx_hal_flash.c.obj
LOAD CMakeFiles/OLED.elf.dir/Drivers/STM32F1xx_HAL_Driver/Src/stm32f1xx_hal_flash_ex.c.obj
LOAD CMakeFiles/OLED.elf.dir/Drivers/STM32F1xx_HAL_Driver/Src/stm32f1xx_hal_gpio.c.obj
LOAD CMakeFiles/OLED.elf.dir/Drivers/STM32F1xx_HAL_Driver/Src/stm32f1xx_hal_gpio_ex.c.obj
LOAD CMakeFiles/OLED.elf.dir/Drivers/STM32F1xx_HAL_Driver/Src/stm32f1xx_hal_i2c.c.obj
LOAD CMakeFiles/OLED.elf.dir/Drivers/STM32F1xx_HAL_Driver/Src/stm32f1xx_hal_pwr.c.obj
LOAD CMakeFiles/OLED.elf.dir/Drivers/STM32F1xx_HAL_Driver/Src/stm32f1xx_hal_rcc.c.obj
LOAD CMakeFiles/OLED.elf.dir/Drivers/STM32F1xx_HAL_Driver/Src/stm32f1xx_hal_rcc_ex.c.obj
LOAD CMakeFiles/OLED.elf.dir/Drivers/STM32F1xx_HAL_Driver/Src/stm32f1xx_hal_tim.c.obj
LOAD CMakeFiles/OLED.elf.dir/Drivers/STM32F1xx_HAL_Driver/Src/stm32f1xx_hal_tim_ex.c.obj
START GROUP
LOAD E:/CLion2024/arm-gnu-toolchain-13.3.rel1-mingw-w64-i686-arm-none-eabi/arm-gnu-toolchain-13.3.rel1-mingw-w64-i686-arm-none-eabi/bin/../lib/gcc/arm-none-eabi/13.3.1/thumb/v7-m/nofp\libgcc.a
LOAD E:/CLion2024/arm-gnu-toolchain-13.3.rel1-mingw-w64-i686-arm-none-eabi/arm-gnu-toolchain-13.3.rel1-mingw-w64-i686-arm-none-eabi/bin/../lib/gcc/arm-none-eabi/13.3.1/thumb/v7-m/nofp\libg.a
LOAD E:/CLion2024/arm-gnu-toolchain-13.3.rel1-mingw-w64-i686-arm-none-eabi/arm-gnu-toolchain-13.3.rel1-mingw-w64-i686-arm-none-eabi/bin/../lib/gcc/arm-none-eabi/13.3.1/thumb/v7-m/nofp\libc.a
END GROUP
LOAD E:/CLion2024/arm-gnu-toolchain-13.3.rel1-mingw-w64-i686-arm-none-eabi/arm-gnu-toolchain-13.3.rel1-mingw-w64-i686-arm-none-eabi/bin/../lib/gcc/arm-none-eabi/13.3.1/thumb/v7-m/nofp/crtend.o
LOAD E:/CLion2024/arm-gnu-toolchain-13.3.rel1-mingw-w64-i686-arm-none-eabi/arm-gnu-toolchain-13.3.rel1-mingw-w64-i686-arm-none-eabi/bin/../lib/gcc/arm-none-eabi/13.3.1/thumb/v7-m/nofp/crtn.o
                0x20005000                        _estack = (ORIGIN (RAM) + LENGTH (RAM))
                0x00000200                        _Min_Heap_Size = 0x200
                0x00000400                        _Min_Stack_Size = 0x400

.isr_vector     0x08000000      0x10c
                0x08000000                        . = ALIGN (0x4)
 *(.isr_vector)
 .isr_vector    0x08000000      0x10c CMakeFiles/OLED.elf.dir/Core/Startup/startup_stm32f103c8tx.s.obj
                0x08000000                g_pfnVectors
                0x0800010c                        . = ALIGN (0x4)

.text           0x08000110     0x88f0
                0x08000110                        . = ALIGN (0x4)
 *(.text)
 .text          0x08000110      0x378 E:/CLion2024/arm-gnu-toolchain-13.3.rel1-mingw-w64-i686-arm-none-eabi/arm-gnu-toolchain-13.3.rel1-mingw-w64-i686-arm-none-eabi/bin/../lib/gcc/arm-none-eabi/13.3.1/thumb/v7-m/nofp\libgcc.a(_arm_addsubdf3.o)
                0x08000110                __aeabi_drsub
                0x08000118                __aeabi_dsub
                0x08000118                __subdf3
                0x0800011c                __aeabi_dadd
                0x0800011c                __adddf3
                0x08000394                __floatunsidf
                0x08000394                __aeabi_ui2d
                0x080003b4                __floatsidf
                0x080003b4                __aeabi_i2d
                0x080003d8                __aeabi_f2d
                0x080003d8                __extendsfdf2
                0x0800041c                __floatundidf
                0x0800041c                __aeabi_ul2d
                0x0800042c                __floatdidf
                0x0800042c                __aeabi_l2d
 .text          0x08000488       0x50 E:/CLion2024/arm-gnu-toolchain-13.3.rel1-mingw-w64-i686-arm-none-eabi/arm-gnu-toolchain-13.3.rel1-mingw-w64-i686-arm-none-eabi/bin/../lib/gcc/arm-none-eabi/13.3.1/thumb/v7-m/nofp\libgcc.a(_arm_fixdfsi.o)
                0x08000488                __aeabi_d2iz
                0x08000488                __fixdfsi
 .text          0x080004d8       0xec E:/CLion2024/arm-gnu-toolchain-13.3.rel1-mingw-w64-i686-arm-none-eabi/arm-gnu-toolchain-13.3.rel1-mingw-w64-i686-arm-none-eabi/bin/../lib/gcc/arm-none-eabi/13.3.1/thumb/v7-m/nofp\libg.a(libc_a-memcpy.o)
                0x080004d8                memcpy
 .text          0x080005c4      0x424 E:/CLion2024/arm-gnu-toolchain-13.3.rel1-mingw-w64-i686-arm-none-eabi/arm-gnu-toolchain-13.3.rel1-mingw-w64-i686-arm-none-eabi/bin/../lib/gcc/arm-none-eabi/13.3.1/thumb/v7-m/nofp\libgcc.a(_arm_muldivdf3.o)
                0x080005c4                __aeabi_dmul
                0x080005c4                __muldf3
                0x08000818                __divdf3
                0x08000818                __aeabi_ddiv
 .text          0x080009e8      0x110 E:/CLion2024/arm-gnu-toolchain-13.3.rel1-mingw-w64-i686-arm-none-eabi/arm-gnu-toolchain-13.3.rel1-mingw-w64-i686-arm-none-eabi/bin/../lib/gcc/arm-none-eabi/13.3.1/thumb/v7-m/nofp\libgcc.a(_arm_cmpdf2.o)
                0x080009e8                __gtdf2
                0x080009e8                __gedf2
                0x080009f0                __ltdf2
                0x080009f0                __ledf2
                0x080009f8                __nedf2
                0x080009f8                __eqdf2
                0x080009f8                __cmpdf2
                0x08000a74                __aeabi_cdrcmple
                0x08000a84                __aeabi_cdcmpeq
                0x08000a84                __aeabi_cdcmple
                0x08000a94                __aeabi_dcmpeq
                0x08000aa8                __aeabi_dcmplt
                0x08000abc                __aeabi_dcmple
                0x08000ad0                __aeabi_dcmpge
                0x08000ae4                __aeabi_dcmpgt
 .text          0x08000af8       0x2c E:/CLion2024/arm-gnu-toolchain-13.3.rel1-mingw-w64-i686-arm-none-eabi/arm-gnu-toolchain-13.3.rel1-mingw-w64-i686-arm-none-eabi/bin/../lib/gcc/arm-none-eabi/13.3.1/thumb/v7-m/nofp\libgcc.a(_arm_unorddf2.o)
                0x08000af8                __unorddf2
                0x08000af8                __aeabi_dcmpun
 *(.text*)
 .text.deregister_tm_clones
                0x08000b24       0x1c E:/CLion2024/arm-gnu-toolchain-13.3.rel1-mingw-w64-i686-arm-none-eabi/arm-gnu-toolchain-13.3.rel1-mingw-w64-i686-arm-none-eabi/bin/../lib/gcc/arm-none-eabi/13.3.1/thumb/v7-m/nofp/crtbegin.o
 .text.register_tm_clones
                0x08000b40       0x24 E:/CLion2024/arm-gnu-toolchain-13.3.rel1-mingw-w64-i686-arm-none-eabi/arm-gnu-toolchain-13.3.rel1-mingw-w64-i686-arm-none-eabi/bin/../lib/gcc/arm-none-eabi/13.3.1/thumb/v7-m/nofp/crtbegin.o
 .text.__do_global_dtors_aux
                0x08000b64       0x28 E:/CLion2024/arm-gnu-toolchain-13.3.rel1-mingw-w64-i686-arm-none-eabi/arm-gnu-toolchain-13.3.rel1-mingw-w64-i686-arm-none-eabi/bin/../lib/gcc/arm-none-eabi/13.3.1/thumb/v7-m/nofp/crtbegin.o
 .text.frame_dummy
                0x08000b8c       0x24 E:/CLion2024/arm-gnu-toolchain-13.3.rel1-mingw-w64-i686-arm-none-eabi/arm-gnu-toolchain-13.3.rel1-mingw-w64-i686-arm-none-eabi/bin/../lib/gcc/arm-none-eabi/13.3.1/thumb/v7-m/nofp/crtbegin.o
 .text.Game_Init
                0x08000bb0       0x24 CMakeFiles/OLED.elf.dir/Core/Src/ball_game.c.obj
                0x08000bb0                Game_Init
 .text.Game_HandleInput
                0x08000bd4       0x48 CMakeFiles/OLED.elf.dir/Core/Src/ball_game.c.obj
                0x08000bd4                Game_HandleInput
 .text.Game_Update
                0x08000c1c       0xe0 CMakeFiles/OLED.elf.dir/Core/Src/ball_game.c.obj
                0x08000c1c                Game_Update
 .text.Game_Draw
                0x08000cfc       0xf8 CMakeFiles/OLED.elf.dir/Core/Src/ball_game.c.obj
                0x08000cfc                Game_Draw
 .text.MX_GPIO_Init
                0x08000df4       0x78 CMakeFiles/OLED.elf.dir/Core/Src/gpio.c.obj
                0x08000df4                MX_GPIO_Init
 .text.MX_I2C1_Init
                0x08000e6c       0x3c CMakeFiles/OLED.elf.dir/Core/Src/i2c.c.obj
                0x08000e6c                MX_I2C1_Init
 .text.HAL_I2C_MspInit
                0x08000ea8       0x64 CMakeFiles/OLED.elf.dir/Core/Src/i2c.c.obj
                0x08000ea8                HAL_I2C_MspInit
 .text.KEY_Read
                0x08000f0c       0x60 CMakeFiles/OLED.elf.dir/Core/Src/key.c.obj
                0x08000f0c                KEY_Read
 .text.KEY1_Read
                0x08000f6c        0xa CMakeFiles/OLED.elf.dir/Core/Src/key.c.obj
                0x08000f6c                KEY1_Read
 .text.KEY2_Read
                0x08000f76        0xa CMakeFiles/OLED.elf.dir/Core/Src/key.c.obj
                0x08000f76                KEY2_Read
 .text.Error_Handler
                0x08000f80        0x4 CMakeFiles/OLED.elf.dir/Core/Src/main.c.obj
                0x08000f80                Error_Handler
 .text.SystemClock_Config
                0x08000f84       0x64 CMakeFiles/OLED.elf.dir/Core/Src/main.c.obj
                0x08000f84                SystemClock_Config
 .text.main     0x08000fe8       0x34 CMakeFiles/OLED.elf.dir/Core/Src/main.c.obj
                0x08000fe8                main
 .text.OLED_Send
                0x0800101c       0x20 CMakeFiles/OLED.elf.dir/Core/Src/oled.c.obj
                0x0800101c                OLED_Send
 .text.OLED_SendCmd
                0x0800103c       0x14 CMakeFiles/OLED.elf.dir/Core/Src/oled.c.obj
                0x0800103c                OLED_SendCmd
 .text.OLED_Init
                0x08001050       0xa0 CMakeFiles/OLED.elf.dir/Core/Src/oled.c.obj
                0x08001050                OLED_Init
 .text.OLED_NewFrame
                0x080010f0       0x14 CMakeFiles/OLED.elf.dir/Core/Src/oled.c.obj
                0x080010f0                OLED_NewFrame
 .text.OLED_ShowFrame
                0x08001104       0x50 CMakeFiles/OLED.elf.dir/Core/Src/oled.c.obj
                0x08001104                OLED_ShowFrame
 .text.OLED_SetPixel
                0x08001154       0x4c CMakeFiles/OLED.elf.dir/Core/Src/oled.c.obj
                0x08001154                OLED_SetPixel
 .text.OLED_SetByte_Fine
                0x080011a0       0x74 CMakeFiles/OLED.elf.dir/Core/Src/oled.c.obj
                0x080011a0                OLED_SetByte_Fine
 .text.OLED_SetBits_Fine
                0x08001214       0x78 CMakeFiles/OLED.elf.dir/Core/Src/oled.c.obj
                0x08001214                OLED_SetBits_Fine
 .text.OLED_SetBits
                0x0800128c       0x4e CMakeFiles/OLED.elf.dir/Core/Src/oled.c.obj
                0x0800128c                OLED_SetBits
 .text.OLED_SetBlock
                0x080012da       0x8e CMakeFiles/OLED.elf.dir/Core/Src/oled.c.obj
                0x080012da                OLED_SetBlock
 .text.OLED_DrawLine
                0x08001368      0x120 CMakeFiles/OLED.elf.dir/Core/Src/oled.c.obj
                0x08001368                OLED_DrawLine
 .text.OLED_DrawFilledRectangle
                0x08001488       0x3e CMakeFiles/OLED.elf.dir/Core/Src/oled.c.obj
                0x08001488                OLED_DrawFilledRectangle
 .text.OLED_DrawFilledCircle
                0x080014c6       0xee CMakeFiles/OLED.elf.dir/Core/Src/oled.c.obj
                0x080014c6                OLED_DrawFilledCircle
 .text.OLED_PrintASCIIChar
                0x080015b4       0x2c CMakeFiles/OLED.elf.dir/Core/Src/oled.c.obj
                0x080015b4                OLED_PrintASCIIChar
 .text._OLED_GetUTF8Len
                0x080015e0       0x36 CMakeFiles/OLED.elf.dir/Core/Src/oled.c.obj
                0x080015e0                _OLED_GetUTF8Len
 .text.OLED_PrintString
                0x08001616       0xf0 CMakeFiles/OLED.elf.dir/Core/Src/oled.c.obj
                0x08001616                OLED_PrintString
 *fill*         0x08001706        0x2 
 .text.HAL_MspInit
                0x08001708       0x44 CMakeFiles/OLED.elf.dir/Core/Src/stm32f1xx_hal_msp.c.obj
                0x08001708                HAL_MspInit
 .text.NMI_Handler
                0x0800174c        0x2 CMakeFiles/OLED.elf.dir/Core/Src/stm32f1xx_it.c.obj
                0x0800174c                NMI_Handler
 .text.HardFault_Handler
                0x0800174e        0x2 CMakeFiles/OLED.elf.dir/Core/Src/stm32f1xx_it.c.obj
                0x0800174e                HardFault_Handler
 .text.MemManage_Handler
                0x08001750        0x2 CMakeFiles/OLED.elf.dir/Core/Src/stm32f1xx_it.c.obj
                0x08001750                MemManage_Handler
 .text.BusFault_Handler
                0x08001752        0x2 CMakeFiles/OLED.elf.dir/Core/Src/stm32f1xx_it.c.obj
                0x08001752                BusFault_Handler
 .text.UsageFault_Handler
                0x08001754        0x2 CMakeFiles/OLED.elf.dir/Core/Src/stm32f1xx_it.c.obj
                0x08001754                UsageFault_Handler
 .text.SVC_Handler
                0x08001756        0x2 CMakeFiles/OLED.elf.dir/Core/Src/stm32f1xx_it.c.obj
                0x08001756                SVC_Handler
 .text.DebugMon_Handler
                0x08001758        0x2 CMakeFiles/OLED.elf.dir/Core/Src/stm32f1xx_it.c.obj
                0x08001758                DebugMon_Handler
 .text.PendSV_Handler
                0x0800175a        0x2 CMakeFiles/OLED.elf.dir/Core/Src/stm32f1xx_it.c.obj
                0x0800175a                PendSV_Handler
 .text.SysTick_Handler
                0x0800175c        0x8 CMakeFiles/OLED.elf.dir/Core/Src/stm32f1xx_it.c.obj
                0x0800175c                SysTick_Handler
 .text._getpid  0x08001764        0x4 CMakeFiles/OLED.elf.dir/Core/Src/syscalls.c.obj
                0x08001764                _getpid
 .text._kill    0x08001768       0x10 CMakeFiles/OLED.elf.dir/Core/Src/syscalls.c.obj
                0x08001768                _kill
 .text._exit    0x08001778        0xc CMakeFiles/OLED.elf.dir/Core/Src/syscalls.c.obj
                0x08001778                _exit
 .text._read    0x08001784       0x20 CMakeFiles/OLED.elf.dir/Core/Src/syscalls.c.obj
                0x08001784                _read
 .text._write   0x080017a4       0x1c CMakeFiles/OLED.elf.dir/Core/Src/syscalls.c.obj
                0x080017a4                _write
 .text._close   0x080017c0        0x6 CMakeFiles/OLED.elf.dir/Core/Src/syscalls.c.obj
                0x080017c0                _close
 .text._fstat   0x080017c6        0xa CMakeFiles/OLED.elf.dir/Core/Src/syscalls.c.obj
                0x080017c6                _fstat
 .text._isatty  0x080017d0        0x4 CMakeFiles/OLED.elf.dir/Core/Src/syscalls.c.obj
                0x080017d0                _isatty
 .text._lseek   0x080017d4        0x4 CMakeFiles/OLED.elf.dir/Core/Src/syscalls.c.obj
                0x080017d4                _lseek
 .text._sbrk    0x080017d8       0x48 CMakeFiles/OLED.elf.dir/Core/Src/sysmem.c.obj
                0x080017d8                _sbrk
 .text.SystemInit
                0x08001820        0x2 CMakeFiles/OLED.elf.dir/Core/Src/system_stm32f1xx.c.obj
                0x08001820                SystemInit
 *fill*         0x08001822        0x2 
 .text.Reset_Handler
                0x08001824       0x48 CMakeFiles/OLED.elf.dir/Core/Startup/startup_stm32f103c8tx.s.obj
                0x08001824                Reset_Handler
 .text.Default_Handler
                0x0800186c        0x2 CMakeFiles/OLED.elf.dir/Core/Startup/startup_stm32f103c8tx.s.obj
                0x0800186c                RTC_Alarm_IRQHandler
                0x0800186c                EXTI2_IRQHandler
                0x0800186c                TIM1_CC_IRQHandler
                0x0800186c                PVD_IRQHandler
                0x0800186c                EXTI3_IRQHandler
                0x0800186c                EXTI0_IRQHandler
                0x0800186c                I2C2_EV_IRQHandler
                0x0800186c                ADC1_2_IRQHandler
                0x0800186c                SPI1_IRQHandler
                0x0800186c                TAMPER_IRQHandler
                0x0800186c                DMA1_Channel4_IRQHandler
                0x0800186c                USART3_IRQHandler
                0x0800186c                RTC_IRQHandler
                0x0800186c                DMA1_Channel7_IRQHandler
                0x0800186c                CAN1_RX1_IRQHandler
                0x0800186c                TIM4_IRQHandler
                0x0800186c                I2C1_EV_IRQHandler
                0x0800186c                DMA1_Channel6_IRQHandler
                0x0800186c                TIM3_IRQHandler
                0x0800186c                RCC_IRQHandler
                0x0800186c                TIM1_TRG_COM_IRQHandler
                0x0800186c                DMA1_Channel1_IRQHandler
                0x0800186c                Default_Handler
                0x0800186c                EXTI15_10_IRQHandler
                0x0800186c                EXTI9_5_IRQHandler
                0x0800186c                SPI2_IRQHandler
                0x0800186c                DMA1_Channel5_IRQHandler
                0x0800186c                EXTI4_IRQHandler
                0x0800186c                USB_LP_CAN1_RX0_IRQHandler
                0x0800186c                USB_HP_CAN1_TX_IRQHandler
                0x0800186c                DMA1_Channel3_IRQHandler
                0x0800186c                TIM1_UP_IRQHandler
                0x0800186c                WWDG_IRQHandler
                0x0800186c                TIM2_IRQHandler
                0x0800186c                TIM1_BRK_IRQHandler
                0x0800186c                EXTI1_IRQHandler
                0x0800186c                USART2_IRQHandler
                0x0800186c                I2C2_ER_IRQHandler
                0x0800186c                DMA1_Channel2_IRQHandler
                0x0800186c                CAN1_SCE_IRQHandler
                0x0800186c                FLASH_IRQHandler
                0x0800186c                USART1_IRQHandler
                0x0800186c                I2C1_ER_IRQHandler
                0x0800186c                USBWakeUp_IRQHandler
 *fill*         0x0800186e        0x2 
 .text.HAL_InitTick
                0x08001870       0x4c CMakeFiles/OLED.elf.dir/Drivers/STM32F1xx_HAL_Driver/Src/stm32f1xx_hal.c.obj
                0x08001870                HAL_InitTick
 .text.HAL_Init
                0x080018bc       0x24 CMakeFiles/OLED.elf.dir/Drivers/STM32F1xx_HAL_Driver/Src/stm32f1xx_hal.c.obj
                0x080018bc                HAL_Init
 .text.HAL_IncTick
                0x080018e0       0x18 CMakeFiles/OLED.elf.dir/Drivers/STM32F1xx_HAL_Driver/Src/stm32f1xx_hal.c.obj
                0x080018e0                HAL_IncTick
 .text.HAL_GetTick
                0x080018f8        0xc CMakeFiles/OLED.elf.dir/Drivers/STM32F1xx_HAL_Driver/Src/stm32f1xx_hal.c.obj
                0x080018f8                HAL_GetTick
 .text.HAL_Delay
                0x08001904       0x28 CMakeFiles/OLED.elf.dir/Drivers/STM32F1xx_HAL_Driver/Src/stm32f1xx_hal.c.obj
                0x08001904                HAL_Delay
 .text.__NVIC_SetPriority
                0x0800192c       0x28 CMakeFiles/OLED.elf.dir/Drivers/STM32F1xx_HAL_Driver/Src/stm32f1xx_hal_cortex.c.obj
 .text.NVIC_EncodePriority
                0x08001954       0x3e CMakeFiles/OLED.elf.dir/Drivers/STM32F1xx_HAL_Driver/Src/stm32f1xx_hal_cortex.c.obj
 *fill*         0x08001992        0x2 
 .text.HAL_NVIC_SetPriorityGrouping
                0x08001994       0x24 CMakeFiles/OLED.elf.dir/Drivers/STM32F1xx_HAL_Driver/Src/stm32f1xx_hal_cortex.c.obj
                0x08001994                HAL_NVIC_SetPriorityGrouping
 .text.HAL_NVIC_SetPriority
                0x080019b8       0x20 CMakeFiles/OLED.elf.dir/Drivers/STM32F1xx_HAL_Driver/Src/stm32f1xx_hal_cortex.c.obj
                0x080019b8                HAL_NVIC_SetPriority
 .text.HAL_SYSTICK_Config
                0x080019d8       0x28 CMakeFiles/OLED.elf.dir/Drivers/STM32F1xx_HAL_Driver/Src/stm32f1xx_hal_cortex.c.obj
                0x080019d8                HAL_SYSTICK_Config
 .text.HAL_GPIO_Init
                0x08001a00      0x21c CMakeFiles/OLED.elf.dir/Drivers/STM32F1xx_HAL_Driver/Src/stm32f1xx_hal_gpio.c.obj
                0x08001a00                HAL_GPIO_Init
 .text.HAL_GPIO_ReadPin
                0x08001c1c        0xe CMakeFiles/OLED.elf.dir/Drivers/STM32F1xx_HAL_Driver/Src/stm32f1xx_hal_gpio.c.obj
                0x08001c1c                HAL_GPIO_ReadPin
 .text.I2C_IsAcknowledgeFailed
                0x08001c2a       0x32 CMakeFiles/OLED.elf.dir/Drivers/STM32F1xx_HAL_Driver/Src/stm32f1xx_hal_i2c.c.obj
 .text.I2C_WaitOnFlagUntilTimeout
                0x08001c5c       0xaa CMakeFiles/OLED.elf.dir/Drivers/STM32F1xx_HAL_Driver/Src/stm32f1xx_hal_i2c.c.obj
 .text.I2C_WaitOnMasterAddressFlagUntilTimeout
                0x08001d06       0xd6 CMakeFiles/OLED.elf.dir/Drivers/STM32F1xx_HAL_Driver/Src/stm32f1xx_hal_i2c.c.obj
 .text.I2C_MasterRequestWrite
                0x08001ddc       0xb4 CMakeFiles/OLED.elf.dir/Drivers/STM32F1xx_HAL_Driver/Src/stm32f1xx_hal_i2c.c.obj
 .text.I2C_WaitOnTXEFlagUntilTimeout
                0x08001e90       0x5e CMakeFiles/OLED.elf.dir/Drivers/STM32F1xx_HAL_Driver/Src/stm32f1xx_hal_i2c.c.obj
 .text.I2C_WaitOnBTFFlagUntilTimeout
                0x08001eee       0x5e CMakeFiles/OLED.elf.dir/Drivers/STM32F1xx_HAL_Driver/Src/stm32f1xx_hal_i2c.c.obj
 .text.HAL_I2C_Init
                0x08001f4c      0x1bc CMakeFiles/OLED.elf.dir/Drivers/STM32F1xx_HAL_Driver/Src/stm32f1xx_hal_i2c.c.obj
                0x08001f4c                HAL_I2C_Init
 .text.HAL_I2C_Master_Transmit
                0x08002108      0x178 CMakeFiles/OLED.elf.dir/Drivers/STM32F1xx_HAL_Driver/Src/stm32f1xx_hal_i2c.c.obj
                0x08002108                HAL_I2C_Master_Transmit
 .text.RCC_Delay
                0x08002280       0x2c CMakeFiles/OLED.elf.dir/Drivers/STM32F1xx_HAL_Driver/Src/stm32f1xx_hal_rcc.c.obj
 .text.HAL_RCC_OscConfig
                0x080022ac      0x410 CMakeFiles/OLED.elf.dir/Drivers/STM32F1xx_HAL_Driver/Src/stm32f1xx_hal_rcc.c.obj
                0x080022ac                HAL_RCC_OscConfig
 .text.HAL_RCC_GetSysClockFreq
                0x080026bc       0x54 CMakeFiles/OLED.elf.dir/Drivers/STM32F1xx_HAL_Driver/Src/stm32f1xx_hal_rcc.c.obj
                0x080026bc                HAL_RCC_GetSysClockFreq
 .text.HAL_RCC_ClockConfig
                0x08002710      0x16c CMakeFiles/OLED.elf.dir/Drivers/STM32F1xx_HAL_Driver/Src/stm32f1xx_hal_rcc.c.obj
                0x08002710                HAL_RCC_ClockConfig
 .text.HAL_RCC_GetHCLKFreq
                0x0800287c        0xc CMakeFiles/OLED.elf.dir/Drivers/STM32F1xx_HAL_Driver/Src/stm32f1xx_hal_rcc.c.obj
                0x0800287c                HAL_RCC_GetHCLKFreq
 .text.HAL_RCC_GetPCLK1Freq
                0x08002888       0x20 CMakeFiles/OLED.elf.dir/Drivers/STM32F1xx_HAL_Driver/Src/stm32f1xx_hal_rcc.c.obj
                0x08002888                HAL_RCC_GetPCLK1Freq
 .text.stdio_exit_handler
                0x080028a8       0x18 E:/CLion2024/arm-gnu-toolchain-13.3.rel1-mingw-w64-i686-arm-none-eabi/arm-gnu-toolchain-13.3.rel1-mingw-w64-i686-arm-none-eabi/bin/../lib/gcc/arm-none-eabi/13.3.1/thumb/v7-m/nofp\libg.a(libc_a-findfp.o)
 .text.cleanup_stdio
                0x080028c0       0x40 E:/CLion2024/arm-gnu-toolchain-13.3.rel1-mingw-w64-i686-arm-none-eabi/arm-gnu-toolchain-13.3.rel1-mingw-w64-i686-arm-none-eabi/bin/../lib/gcc/arm-none-eabi/13.3.1/thumb/v7-m/nofp\libg.a(libc_a-findfp.o)
 .text.global_stdio_init.part.0
                0x08002900       0xf0 E:/CLion2024/arm-gnu-toolchain-13.3.rel1-mingw-w64-i686-arm-none-eabi/arm-gnu-toolchain-13.3.rel1-mingw-w64-i686-arm-none-eabi/bin/../lib/gcc/arm-none-eabi/13.3.1/thumb/v7-m/nofp\libg.a(libc_a-findfp.o)
 .text.__sinit  0x080029f0       0x3c E:/CLion2024/arm-gnu-toolchain-13.3.rel1-mingw-w64-i686-arm-none-eabi/arm-gnu-toolchain-13.3.rel1-mingw-w64-i686-arm-none-eabi/bin/../lib/gcc/arm-none-eabi/13.3.1/thumb/v7-m/nofp\libg.a(libc_a-findfp.o)
                0x080029f0                __sinit
 .text.__sfp_lock_acquire
                0x08002a2c        0xc E:/CLion2024/arm-gnu-toolchain-13.3.rel1-mingw-w64-i686-arm-none-eabi/arm-gnu-toolchain-13.3.rel1-mingw-w64-i686-arm-none-eabi/bin/../lib/gcc/arm-none-eabi/13.3.1/thumb/v7-m/nofp\libg.a(libc_a-findfp.o)
                0x08002a2c                __sfp_lock_acquire
 .text.__sfp_lock_release
                0x08002a38        0xc E:/CLion2024/arm-gnu-toolchain-13.3.rel1-mingw-w64-i686-arm-none-eabi/arm-gnu-toolchain-13.3.rel1-mingw-w64-i686-arm-none-eabi/bin/../lib/gcc/arm-none-eabi/13.3.1/thumb/v7-m/nofp\libg.a(libc_a-findfp.o)
                0x08002a38                __sfp_lock_release
 .text._fwalk_sglue
                0x08002a44       0x44 E:/CLion2024/arm-gnu-toolchain-13.3.rel1-mingw-w64-i686-arm-none-eabi/arm-gnu-toolchain-13.3.rel1-mingw-w64-i686-arm-none-eabi/bin/../lib/gcc/arm-none-eabi/13.3.1/thumb/v7-m/nofp\libg.a(libc_a-fwalk.o)
                0x08002a44                _fwalk_sglue
 .text.sprintf  0x08002a88       0x44 E:/CLion2024/arm-gnu-toolchain-13.3.rel1-mingw-w64-i686-arm-none-eabi/arm-gnu-toolchain-13.3.rel1-mingw-w64-i686-arm-none-eabi/bin/../lib/gcc/arm-none-eabi/13.3.1/thumb/v7-m/nofp\libg.a(libc_a-sprintf.o)
                0x08002a88                sprintf
 .text.__sread  0x08002acc       0x24 E:/CLion2024/arm-gnu-toolchain-13.3.rel1-mingw-w64-i686-arm-none-eabi/arm-gnu-toolchain-13.3.rel1-mingw-w64-i686-arm-none-eabi/bin/../lib/gcc/arm-none-eabi/13.3.1/thumb/v7-m/nofp\libg.a(libc_a-stdio.o)
                0x08002acc                __sread
 .text.__swrite
                0x08002af0       0x40 E:/CLion2024/arm-gnu-toolchain-13.3.rel1-mingw-w64-i686-arm-none-eabi/arm-gnu-toolchain-13.3.rel1-mingw-w64-i686-arm-none-eabi/bin/../lib/gcc/arm-none-eabi/13.3.1/thumb/v7-m/nofp\libg.a(libc_a-stdio.o)
                0x08002af0                __swrite
 .text.__sseek  0x08002b30       0x24 E:/CLion2024/arm-gnu-toolchain-13.3.rel1-mingw-w64-i686-arm-none-eabi/arm-gnu-toolchain-13.3.rel1-mingw-w64-i686-arm-none-eabi/bin/../lib/gcc/arm-none-eabi/13.3.1/thumb/v7-m/nofp\libg.a(libc_a-stdio.o)
                0x08002b30                __sseek
 .text.__sclose
                0x08002b54        0x8 E:/CLion2024/arm-gnu-toolchain-13.3.rel1-mingw-w64-i686-arm-none-eabi/arm-gnu-toolchain-13.3.rel1-mingw-w64-i686-arm-none-eabi/bin/../lib/gcc/arm-none-eabi/13.3.1/thumb/v7-m/nofp\libg.a(libc_a-stdio.o)
                0x08002b54                __sclose
 .text.memcmp   0x08002b5c       0x5c E:/CLion2024/arm-gnu-toolchain-13.3.rel1-mingw-w64-i686-arm-none-eabi/arm-gnu-toolchain-13.3.rel1-mingw-w64-i686-arm-none-eabi/bin/../lib/gcc/arm-none-eabi/13.3.1/thumb/v7-m/nofp\libg.a(libc_a-memcmp.o)
                0x08002b5c                memcmp
 .text.memset   0x08002bb8       0xa0 E:/CLion2024/arm-gnu-toolchain-13.3.rel1-mingw-w64-i686-arm-none-eabi/arm-gnu-toolchain-13.3.rel1-mingw-w64-i686-arm-none-eabi/bin/../lib/gcc/arm-none-eabi/13.3.1/thumb/v7-m/nofp\libg.a(libc_a-memset.o)
                0x08002bb8                memset
 .text._close_r
                0x08002c58       0x24 E:/CLion2024/arm-gnu-toolchain-13.3.rel1-mingw-w64-i686-arm-none-eabi/arm-gnu-toolchain-13.3.rel1-mingw-w64-i686-arm-none-eabi/bin/../lib/gcc/arm-none-eabi/13.3.1/thumb/v7-m/nofp\libg.a(libc_a-closer.o)
                0x08002c58                _close_r
 .text._lseek_r
                0x08002c7c       0x2c E:/CLion2024/arm-gnu-toolchain-13.3.rel1-mingw-w64-i686-arm-none-eabi/arm-gnu-toolchain-13.3.rel1-mingw-w64-i686-arm-none-eabi/bin/../lib/gcc/arm-none-eabi/13.3.1/thumb/v7-m/nofp\libg.a(libc_a-lseekr.o)
                0x08002c7c                _lseek_r
 .text._read_r  0x08002ca8       0x2c E:/CLion2024/arm-gnu-toolchain-13.3.rel1-mingw-w64-i686-arm-none-eabi/arm-gnu-toolchain-13.3.rel1-mingw-w64-i686-arm-none-eabi/bin/../lib/gcc/arm-none-eabi/13.3.1/thumb/v7-m/nofp\libg.a(libc_a-readr.o)
                0x08002ca8                _read_r
 .text._write_r
                0x08002cd4       0x2c E:/CLion2024/arm-gnu-toolchain-13.3.rel1-mingw-w64-i686-arm-none-eabi/arm-gnu-toolchain-13.3.rel1-mingw-w64-i686-arm-none-eabi/bin/../lib/gcc/arm-none-eabi/13.3.1/thumb/v7-m/nofp\libg.a(libc_a-writer.o)
                0x08002cd4                _write_r
 .text.__errno  0x08002d00        0xc E:/CLion2024/arm-gnu-toolchain-13.3.rel1-mingw-w64-i686-arm-none-eabi/arm-gnu-toolchain-13.3.rel1-mingw-w64-i686-arm-none-eabi/bin/../lib/gcc/arm-none-eabi/13.3.1/thumb/v7-m/nofp\libg.a(libc_a-errno.o)
                0x08002d00                __errno
 .text.__libc_init_array
                0x08002d0c       0x50 E:/CLion2024/arm-gnu-toolchain-13.3.rel1-mingw-w64-i686-arm-none-eabi/arm-gnu-toolchain-13.3.rel1-mingw-w64-i686-arm-none-eabi/bin/../lib/gcc/arm-none-eabi/13.3.1/thumb/v7-m/nofp\libg.a(libc_a-init.o)
                0x08002d0c                __libc_init_array
 .text.__retarget_lock_init_recursive
                0x08002d5c        0x4 E:/CLion2024/arm-gnu-toolchain-13.3.rel1-mingw-w64-i686-arm-none-eabi/arm-gnu-toolchain-13.3.rel1-mingw-w64-i686-arm-none-eabi/bin/../lib/gcc/arm-none-eabi/13.3.1/thumb/v7-m/nofp\libg.a(libc_a-lock.o)
                0x08002d5c                __retarget_lock_init_recursive
 .text.__retarget_lock_close_recursive
                0x08002d60        0x4 E:/CLion2024/arm-gnu-toolchain-13.3.rel1-mingw-w64-i686-arm-none-eabi/arm-gnu-toolchain-13.3.rel1-mingw-w64-i686-arm-none-eabi/bin/../lib/gcc/arm-none-eabi/13.3.1/thumb/v7-m/nofp\libg.a(libc_a-lock.o)
                0x08002d60                __retarget_lock_close_recursive
 .text.__retarget_lock_acquire_recursive
                0x08002d64        0x4 E:/CLion2024/arm-gnu-toolchain-13.3.rel1-mingw-w64-i686-arm-none-eabi/arm-gnu-toolchain-13.3.rel1-mingw-w64-i686-arm-none-eabi/bin/../lib/gcc/arm-none-eabi/13.3.1/thumb/v7-m/nofp\libg.a(libc_a-lock.o)
                0x08002d64                __retarget_lock_acquire_recursive
 .text.__retarget_lock_release_recursive
                0x08002d68        0x4 E:/CLion2024/arm-gnu-toolchain-13.3.rel1-mingw-w64-i686-arm-none-eabi/arm-gnu-toolchain-13.3.rel1-mingw-w64-i686-arm-none-eabi/bin/../lib/gcc/arm-none-eabi/13.3.1/thumb/v7-m/nofp\libg.a(libc_a-lock.o)
                0x08002d68                __retarget_lock_release_recursive
 .text.startup.register_fini
                0x08002d6c       0x14 E:/CLion2024/arm-gnu-toolchain-13.3.rel1-mingw-w64-i686-arm-none-eabi/arm-gnu-toolchain-13.3.rel1-mingw-w64-i686-arm-none-eabi/bin/../lib/gcc/arm-none-eabi/13.3.1/thumb/v7-m/nofp\libg.a(libc_a-__call_atexit.o)
 .text.atexit   0x08002d80        0xc E:/CLion2024/arm-gnu-toolchain-13.3.rel1-mingw-w64-i686-arm-none-eabi/arm-gnu-toolchain-13.3.rel1-mingw-w64-i686-arm-none-eabi/bin/../lib/gcc/arm-none-eabi/13.3.1/thumb/v7-m/nofp\libg.a(libc_a-atexit.o)
                0x08002d80                atexit
 .text._malloc_trim_r
                0x08002d8c       0xb8 E:/CLion2024/arm-gnu-toolchain-13.3.rel1-mingw-w64-i686-arm-none-eabi/arm-gnu-toolchain-13.3.rel1-mingw-w64-i686-arm-none-eabi/bin/../lib/gcc/arm-none-eabi/13.3.1/thumb/v7-m/nofp\libg.a(libc_a-freer.o)
                0x08002d8c                _malloc_trim_r
 .text._free_r  0x08002e44      0x1f8 E:/CLion2024/arm-gnu-toolchain-13.3.rel1-mingw-w64-i686-arm-none-eabi/arm-gnu-toolchain-13.3.rel1-mingw-w64-i686-arm-none-eabi/bin/../lib/gcc/arm-none-eabi/13.3.1/thumb/v7-m/nofp\libg.a(libc_a-freer.o)
                0x08002e44                _free_r
 .text._malloc_r
                0x0800303c      0x568 E:/CLion2024/arm-gnu-toolchain-13.3.rel1-mingw-w64-i686-arm-none-eabi/arm-gnu-toolchain-13.3.rel1-mingw-w64-i686-arm-none-eabi/bin/../lib/gcc/arm-none-eabi/13.3.1/thumb/v7-m/nofp\libg.a(libc_a-mallocr.o)
                0x0800303c                _malloc_r
 .text.__malloc_lock
                0x080035a4        0xc E:/CLion2024/arm-gnu-toolchain-13.3.rel1-mingw-w64-i686-arm-none-eabi/arm-gnu-toolchain-13.3.rel1-mingw-w64-i686-arm-none-eabi/bin/../lib/gcc/arm-none-eabi/13.3.1/thumb/v7-m/nofp\libg.a(libc_a-mlock.o)
                0x080035a4                __malloc_lock
 .text.__malloc_unlock
                0x080035b0        0xc E:/CLion2024/arm-gnu-toolchain-13.3.rel1-mingw-w64-i686-arm-none-eabi/arm-gnu-toolchain-13.3.rel1-mingw-w64-i686-arm-none-eabi/bin/../lib/gcc/arm-none-eabi/13.3.1/thumb/v7-m/nofp\libg.a(libc_a-mlock.o)
                0x080035b0                __malloc_unlock
 .text._svfprintf_r
                0x080035bc     0x1b2c E:/CLion2024/arm-gnu-toolchain-13.3.rel1-mingw-w64-i686-arm-none-eabi/arm-gnu-toolchain-13.3.rel1-mingw-w64-i686-arm-none-eabi/bin/../lib/gcc/arm-none-eabi/13.3.1/thumb/v7-m/nofp\libg.a(libc_a-svfprintf.o)
                0x080035bc                _svfprintf_r
 .text.__ssprint_r
                0x080050e8       0x58 E:/CLion2024/arm-gnu-toolchain-13.3.rel1-mingw-w64-i686-arm-none-eabi/arm-gnu-toolchain-13.3.rel1-mingw-w64-i686-arm-none-eabi/bin/../lib/gcc/arm-none-eabi/13.3.1/thumb/v7-m/nofp\libg.a(libc_a-ssprint_r.o)
                0x080050e8                __ssprint_r
 .text._fclose_r
                0x08005140       0xc0 E:/CLion2024/arm-gnu-toolchain-13.3.rel1-mingw-w64-i686-arm-none-eabi/arm-gnu-toolchain-13.3.rel1-mingw-w64-i686-arm-none-eabi/bin/../lib/gcc/arm-none-eabi/13.3.1/thumb/v7-m/nofp\libg.a(libc_a-fclose.o)
                0x08005140                _fclose_r
 .text.__sflush_r
                0x08005200      0x128 E:/CLion2024/arm-gnu-toolchain-13.3.rel1-mingw-w64-i686-arm-none-eabi/arm-gnu-toolchain-13.3.rel1-mingw-w64-i686-arm-none-eabi/bin/../lib/gcc/arm-none-eabi/13.3.1/thumb/v7-m/nofp\libg.a(libc_a-fflush.o)
                0x08005200                __sflush_r
 .text._fflush_r
                0x08005328       0x54 E:/CLion2024/arm-gnu-toolchain-13.3.rel1-mingw-w64-i686-arm-none-eabi/arm-gnu-toolchain-13.3.rel1-mingw-w64-i686-arm-none-eabi/bin/../lib/gcc/arm-none-eabi/13.3.1/thumb/v7-m/nofp\libg.a(libc_a-fflush.o)
                0x08005328                _fflush_r
 .text.strncpy  0x0800537c       0x6c E:/CLion2024/arm-gnu-toolchain-13.3.rel1-mingw-w64-i686-arm-none-eabi/arm-gnu-toolchain-13.3.rel1-mingw-w64-i686-arm-none-eabi/bin/../lib/gcc/arm-none-eabi/13.3.1/thumb/v7-m/nofp\libg.a(libc_a-strncpy.o)
                0x0800537c                strncpy
 .text.__locale_mb_cur_max
                0x080053e8        0xc E:/CLion2024/arm-gnu-toolchain-13.3.rel1-mingw-w64-i686-arm-none-eabi/arm-gnu-toolchain-13.3.rel1-mingw-w64-i686-arm-none-eabi/bin/../lib/gcc/arm-none-eabi/13.3.1/thumb/v7-m/nofp\libg.a(libc_a-locale.o)
                0x080053e8                __locale_mb_cur_max
 .text._localeconv_r
                0x080053f4        0x8 E:/CLion2024/arm-gnu-toolchain-13.3.rel1-mingw-w64-i686-arm-none-eabi/arm-gnu-toolchain-13.3.rel1-mingw-w64-i686-arm-none-eabi/bin/../lib/gcc/arm-none-eabi/13.3.1/thumb/v7-m/nofp\libg.a(libc_a-localeconv.o)
                0x080053f4                _localeconv_r
 .text._sbrk_r  0x080053fc       0x24 E:/CLion2024/arm-gnu-toolchain-13.3.rel1-mingw-w64-i686-arm-none-eabi/arm-gnu-toolchain-13.3.rel1-mingw-w64-i686-arm-none-eabi/bin/../lib/gcc/arm-none-eabi/13.3.1/thumb/v7-m/nofp\libg.a(libc_a-sbrkr.o)
                0x080053fc                _sbrk_r
 .text.__libc_fini_array
                0x08005420       0x28 E:/CLion2024/arm-gnu-toolchain-13.3.rel1-mingw-w64-i686-arm-none-eabi/arm-gnu-toolchain-13.3.rel1-mingw-w64-i686-arm-none-eabi/bin/../lib/gcc/arm-none-eabi/13.3.1/thumb/v7-m/nofp\libg.a(libc_a-fini.o)
                0x08005420                __libc_fini_array
 .text.sysconf  0x08005448       0x1c E:/CLion2024/arm-gnu-toolchain-13.3.rel1-mingw-w64-i686-arm-none-eabi/arm-gnu-toolchain-13.3.rel1-mingw-w64-i686-arm-none-eabi/bin/../lib/gcc/arm-none-eabi/13.3.1/thumb/v7-m/nofp\libg.a(libc_a-sysconf.o)
                0x08005448                sysconf
 .text.memchr   0x08005464       0x98 E:/CLion2024/arm-gnu-toolchain-13.3.rel1-mingw-w64-i686-arm-none-eabi/arm-gnu-toolchain-13.3.rel1-mingw-w64-i686-arm-none-eabi/bin/../lib/gcc/arm-none-eabi/13.3.1/thumb/v7-m/nofp\libg.a(libc_a-memchr-stub.o)
                0x08005464                memchr
 .text.strlen   0x080054fc       0x5c E:/CLion2024/arm-gnu-toolchain-13.3.rel1-mingw-w64-i686-arm-none-eabi/arm-gnu-toolchain-13.3.rel1-mingw-w64-i686-arm-none-eabi/bin/../lib/gcc/arm-none-eabi/13.3.1/thumb/v7-m/nofp\libg.a(libc_a-strlen-stub.o)
                0x080054fc                strlen
 .text.frexp    0x08005558       0x6c E:/CLion2024/arm-gnu-toolchain-13.3.rel1-mingw-w64-i686-arm-none-eabi/arm-gnu-toolchain-13.3.rel1-mingw-w64-i686-arm-none-eabi/bin/../lib/gcc/arm-none-eabi/13.3.1/thumb/v7-m/nofp\libg.a(libm_a-s_frexp.o)
                0x08005558                frexp
 .text.__register_exitproc
                0x080055c4       0x80 E:/CLion2024/arm-gnu-toolchain-13.3.rel1-mingw-w64-i686-arm-none-eabi/arm-gnu-toolchain-13.3.rel1-mingw-w64-i686-arm-none-eabi/bin/../lib/gcc/arm-none-eabi/13.3.1/thumb/v7-m/nofp\libg.a(libc_a-__atexit.o)
                0x080055c4                __register_exitproc
 .text.quorem   0x08005644      0x13c E:/CLion2024/arm-gnu-toolchain-13.3.rel1-mingw-w64-i686-arm-none-eabi/arm-gnu-toolchain-13.3.rel1-mingw-w64-i686-arm-none-eabi/bin/../lib/gcc/arm-none-eabi/13.3.1/thumb/v7-m/nofp\libg.a(libc_a-dtoa.o)
 .text._dtoa_r  0x08005780      0xe94 E:/CLion2024/arm-gnu-toolchain-13.3.rel1-mingw-w64-i686-arm-none-eabi/arm-gnu-toolchain-13.3.rel1-mingw-w64-i686-arm-none-eabi/bin/../lib/gcc/arm-none-eabi/13.3.1/thumb/v7-m/nofp\libg.a(libc_a-dtoa.o)
                0x08005780                _dtoa_r
 .text.__ascii_mbtowc
                0x08006614       0x2c E:/CLion2024/arm-gnu-toolchain-13.3.rel1-mingw-w64-i686-arm-none-eabi/arm-gnu-toolchain-13.3.rel1-mingw-w64-i686-arm-none-eabi/bin/../lib/gcc/arm-none-eabi/13.3.1/thumb/v7-m/nofp\libg.a(libc_a-mbtowc_r.o)
                0x08006614                __ascii_mbtowc
 .text._Balloc  0x08006640       0x4c E:/CLion2024/arm-gnu-toolchain-13.3.rel1-mingw-w64-i686-arm-none-eabi/arm-gnu-toolchain-13.3.rel1-mingw-w64-i686-arm-none-eabi/bin/../lib/gcc/arm-none-eabi/13.3.1/thumb/v7-m/nofp\libg.a(libc_a-mprec.o)
                0x08006640                _Balloc
 .text._Bfree   0x0800668c       0x14 E:/CLion2024/arm-gnu-toolchain-13.3.rel1-mingw-w64-i686-arm-none-eabi/arm-gnu-toolchain-13.3.rel1-mingw-w64-i686-arm-none-eabi/bin/../lib/gcc/arm-none-eabi/13.3.1/thumb/v7-m/nofp\libg.a(libc_a-mprec.o)
                0x0800668c                _Bfree
 .text.__multadd
                0x080066a0       0xa4 E:/CLion2024/arm-gnu-toolchain-13.3.rel1-mingw-w64-i686-arm-none-eabi/arm-gnu-toolchain-13.3.rel1-mingw-w64-i686-arm-none-eabi/bin/../lib/gcc/arm-none-eabi/13.3.1/thumb/v7-m/nofp\libg.a(libc_a-mprec.o)
                0x080066a0                __multadd
 .text.__hi0bits
                0x08006744       0x44 E:/CLion2024/arm-gnu-toolchain-13.3.rel1-mingw-w64-i686-arm-none-eabi/arm-gnu-toolchain-13.3.rel1-mingw-w64-i686-arm-none-eabi/bin/../lib/gcc/arm-none-eabi/13.3.1/thumb/v7-m/nofp\libg.a(libc_a-mprec.o)
                0x08006744                __hi0bits
 .text.__lo0bits
                0x08006788       0x5c E:/CLion2024/arm-gnu-toolchain-13.3.rel1-mingw-w64-i686-arm-none-eabi/arm-gnu-toolchain-13.3.rel1-mingw-w64-i686-arm-none-eabi/bin/../lib/gcc/arm-none-eabi/13.3.1/thumb/v7-m/nofp\libg.a(libc_a-mprec.o)
                0x08006788                __lo0bits
 .text.__i2b    0x080067e4       0x5c E:/CLion2024/arm-gnu-toolchain-13.3.rel1-mingw-w64-i686-arm-none-eabi/arm-gnu-toolchain-13.3.rel1-mingw-w64-i686-arm-none-eabi/bin/../lib/gcc/arm-none-eabi/13.3.1/thumb/v7-m/nofp\libg.a(libc_a-mprec.o)
                0x080067e4                __i2b
 .text.__multiply
                0x08006840      0x164 E:/CLion2024/arm-gnu-toolchain-13.3.rel1-mingw-w64-i686-arm-none-eabi/arm-gnu-toolchain-13.3.rel1-mingw-w64-i686-arm-none-eabi/bin/../lib/gcc/arm-none-eabi/13.3.1/thumb/v7-m/nofp\libg.a(libc_a-mprec.o)
                0x08006840                __multiply
 .text.__pow5mult
                0x080069a4       0xb4 E:/CLion2024/arm-gnu-toolchain-13.3.rel1-mingw-w64-i686-arm-none-eabi/arm-gnu-toolchain-13.3.rel1-mingw-w64-i686-arm-none-eabi/bin/../lib/gcc/arm-none-eabi/13.3.1/thumb/v7-m/nofp\libg.a(libc_a-mprec.o)
                0x080069a4                __pow5mult
 .text.__lshift
                0x08006a58       0xec E:/CLion2024/arm-gnu-toolchain-13.3.rel1-mingw-w64-i686-arm-none-eabi/arm-gnu-toolchain-13.3.rel1-mingw-w64-i686-arm-none-eabi/bin/../lib/gcc/arm-none-eabi/13.3.1/thumb/v7-m/nofp\libg.a(libc_a-mprec.o)
                0x08006a58                __lshift
 .text.__mcmp   0x08006b44       0x40 E:/CLion2024/arm-gnu-toolchain-13.3.rel1-mingw-w64-i686-arm-none-eabi/arm-gnu-toolchain-13.3.rel1-mingw-w64-i686-arm-none-eabi/bin/../lib/gcc/arm-none-eabi/13.3.1/thumb/v7-m/nofp\libg.a(libc_a-mprec.o)
                0x08006b44                __mcmp
 .text.__mdiff  0x08006b84      0x178 E:/CLion2024/arm-gnu-toolchain-13.3.rel1-mingw-w64-i686-arm-none-eabi/arm-gnu-toolchain-13.3.rel1-mingw-w64-i686-arm-none-eabi/bin/../lib/gcc/arm-none-eabi/13.3.1/thumb/v7-m/nofp\libg.a(libc_a-mprec.o)
                0x08006b84                __mdiff
 .text.__d2b    0x08006cfc       0xbc E:/CLion2024/arm-gnu-toolchain-13.3.rel1-mingw-w64-i686-arm-none-eabi/arm-gnu-toolchain-13.3.rel1-mingw-w64-i686-arm-none-eabi/bin/../lib/gcc/arm-none-eabi/13.3.1/thumb/v7-m/nofp\libg.a(libc_a-mprec.o)
                0x08006cfc                __d2b
 .text.__ascii_wctomb
                0x08006db8       0x1c E:/CLion2024/arm-gnu-toolchain-13.3.rel1-mingw-w64-i686-arm-none-eabi/arm-gnu-toolchain-13.3.rel1-mingw-w64-i686-arm-none-eabi/bin/../lib/gcc/arm-none-eabi/13.3.1/thumb/v7-m/nofp\libg.a(libc_a-wctomb_r.o)
                0x08006db8                __ascii_wctomb
 .text._wcrtomb_r
                0x08006dd4       0x4c E:/CLion2024/arm-gnu-toolchain-13.3.rel1-mingw-w64-i686-arm-none-eabi/arm-gnu-toolchain-13.3.rel1-mingw-w64-i686-arm-none-eabi/bin/../lib/gcc/arm-none-eabi/13.3.1/thumb/v7-m/nofp\libg.a(libc_a-wcrtomb.o)
                0x08006dd4                _wcrtomb_r
 .text._wcsrtombs_r
                0x08006e20       0x18 E:/CLion2024/arm-gnu-toolchain-13.3.rel1-mingw-w64-i686-arm-none-eabi/arm-gnu-toolchain-13.3.rel1-mingw-w64-i686-arm-none-eabi/bin/../lib/gcc/arm-none-eabi/13.3.1/thumb/v7-m/nofp\libg.a(libc_a-wcsrtombs.o)
                0x08006e20                _wcsrtombs_r
 .text.__ssputs_r
                0x08006e38       0xc0 E:/CLion2024/arm-gnu-toolchain-13.3.rel1-mingw-w64-i686-arm-none-eabi/arm-gnu-toolchain-13.3.rel1-mingw-w64-i686-arm-none-eabi/bin/../lib/gcc/arm-none-eabi/13.3.1/thumb/v7-m/nofp\libg.a(libc_a-ssputs_r.o)
                0x08006e38                __ssputs_r
 .text.memmove  0x08006ef8       0xfc E:/CLion2024/arm-gnu-toolchain-13.3.rel1-mingw-w64-i686-arm-none-eabi/arm-gnu-toolchain-13.3.rel1-mingw-w64-i686-arm-none-eabi/bin/../lib/gcc/arm-none-eabi/13.3.1/thumb/v7-m/nofp\libg.a(libc_a-memmove.o)
                0x08006ef8                memmove
 .text.__assert_func
                0x08006ff4       0x40 E:/CLion2024/arm-gnu-toolchain-13.3.rel1-mingw-w64-i686-arm-none-eabi/arm-gnu-toolchain-13.3.rel1-mingw-w64-i686-arm-none-eabi/bin/../lib/gcc/arm-none-eabi/13.3.1/thumb/v7-m/nofp\libg.a(libc_a-assert.o)
                0x08006ff4                __assert_func
 .text._calloc_r
                0x08007034       0x6c E:/CLion2024/arm-gnu-toolchain-13.3.rel1-mingw-w64-i686-arm-none-eabi/arm-gnu-toolchain-13.3.rel1-mingw-w64-i686-arm-none-eabi/bin/../lib/gcc/arm-none-eabi/13.3.1/thumb/v7-m/nofp\libg.a(libc_a-callocr.o)
                0x08007034                _calloc_r
 .text._realloc_r
                0x080070a0      0x34c E:/CLion2024/arm-gnu-toolchain-13.3.rel1-mingw-w64-i686-arm-none-eabi/arm-gnu-toolchain-13.3.rel1-mingw-w64-i686-arm-none-eabi/bin/../lib/gcc/arm-none-eabi/13.3.1/thumb/v7-m/nofp\libg.a(libc_a-reallocr.o)
                0x080070a0                _realloc_r
 .text._wcsnrtombs_l
                0x080073ec       0xec E:/CLion2024/arm-gnu-toolchain-13.3.rel1-mingw-w64-i686-arm-none-eabi/arm-gnu-toolchain-13.3.rel1-mingw-w64-i686-arm-none-eabi/bin/../lib/gcc/arm-none-eabi/13.3.1/thumb/v7-m/nofp\libg.a(libc_a-wcsnrtombs.o)
                0x080073ec                _wcsnrtombs_l
 .text._wcsnrtombs_r
                0x080074d8       0x24 E:/CLion2024/arm-gnu-toolchain-13.3.rel1-mingw-w64-i686-arm-none-eabi/arm-gnu-toolchain-13.3.rel1-mingw-w64-i686-arm-none-eabi/bin/../lib/gcc/arm-none-eabi/13.3.1/thumb/v7-m/nofp\libg.a(libc_a-wcsnrtombs.o)
                0x080074d8                _wcsnrtombs_r
 .text.fiprintf
                0x080074fc       0x28 E:/CLion2024/arm-gnu-toolchain-13.3.rel1-mingw-w64-i686-arm-none-eabi/arm-gnu-toolchain-13.3.rel1-mingw-w64-i686-arm-none-eabi/bin/../lib/gcc/arm-none-eabi/13.3.1/thumb/v7-m/nofp\libg.a(libc_a-fiprintf.o)
                0x080074fc                fiprintf
 .text._vfiprintf_r
                0x08007524      0xeb8 E:/CLion2024/arm-gnu-toolchain-13.3.rel1-mingw-w64-i686-arm-none-eabi/arm-gnu-toolchain-13.3.rel1-mingw-w64-i686-arm-none-eabi/bin/../lib/gcc/arm-none-eabi/13.3.1/thumb/v7-m/nofp\libg.a(libc_a-vfiprintf.o)
                0x08007524                _vfiprintf_r
 .text.__sbprintf
                0x080083dc       0x80 E:/CLion2024/arm-gnu-toolchain-13.3.rel1-mingw-w64-i686-arm-none-eabi/arm-gnu-toolchain-13.3.rel1-mingw-w64-i686-arm-none-eabi/bin/../lib/gcc/arm-none-eabi/13.3.1/thumb/v7-m/nofp\libg.a(libc_a-vfiprintf.o)
 .text.__sprint_r
                0x0800845c       0x20 E:/CLion2024/arm-gnu-toolchain-13.3.rel1-mingw-w64-i686-arm-none-eabi/arm-gnu-toolchain-13.3.rel1-mingw-w64-i686-arm-none-eabi/bin/../lib/gcc/arm-none-eabi/13.3.1/thumb/v7-m/nofp\libg.a(libc_a-sprint_r.o)
                0x0800845c                __sprint_r
 .text.__sfvwrite_r
                0x0800847c      0x2ec E:/CLion2024/arm-gnu-toolchain-13.3.rel1-mingw-w64-i686-arm-none-eabi/arm-gnu-toolchain-13.3.rel1-mingw-w64-i686-arm-none-eabi/bin/../lib/gcc/arm-none-eabi/13.3.1/thumb/v7-m/nofp\libg.a(libc_a-fvwrite.o)
                0x0800847c                __sfvwrite_r
 .text.__swsetup_r
                0x08008768       0xc4 E:/CLion2024/arm-gnu-toolchain-13.3.rel1-mingw-w64-i686-arm-none-eabi/arm-gnu-toolchain-13.3.rel1-mingw-w64-i686-arm-none-eabi/bin/../lib/gcc/arm-none-eabi/13.3.1/thumb/v7-m/nofp\libg.a(libc_a-wsetup.o)
                0x08008768                __swsetup_r
 .text.abort    0x0800882c       0x10 E:/CLion2024/arm-gnu-toolchain-13.3.rel1-mingw-w64-i686-arm-none-eabi/arm-gnu-toolchain-13.3.rel1-mingw-w64-i686-arm-none-eabi/bin/../lib/gcc/arm-none-eabi/13.3.1/thumb/v7-m/nofp\libg.a(libc_a-abort.o)
                0x0800882c                abort
 .text.__smakebuf_r
                0x0800883c       0xdc E:/CLion2024/arm-gnu-toolchain-13.3.rel1-mingw-w64-i686-arm-none-eabi/arm-gnu-toolchain-13.3.rel1-mingw-w64-i686-arm-none-eabi/bin/../lib/gcc/arm-none-eabi/13.3.1/thumb/v7-m/nofp\libg.a(libc_a-makebuf.o)
                0x0800883c                __smakebuf_r
 .text.raise    0x08008918       0x58 E:/CLion2024/arm-gnu-toolchain-13.3.rel1-mingw-w64-i686-arm-none-eabi/arm-gnu-toolchain-13.3.rel1-mingw-w64-i686-arm-none-eabi/bin/../lib/gcc/arm-none-eabi/13.3.1/thumb/v7-m/nofp\libg.a(libc_a-signal.o)
                0x08008918                raise
 .text._fstat_r
                0x08008970       0x28 E:/CLion2024/arm-gnu-toolchain-13.3.rel1-mingw-w64-i686-arm-none-eabi/arm-gnu-toolchain-13.3.rel1-mingw-w64-i686-arm-none-eabi/bin/../lib/gcc/arm-none-eabi/13.3.1/thumb/v7-m/nofp\libg.a(libc_a-fstatr.o)
                0x08008970                _fstat_r
 .text._isatty_r
                0x08008998       0x24 E:/CLion2024/arm-gnu-toolchain-13.3.rel1-mingw-w64-i686-arm-none-eabi/arm-gnu-toolchain-13.3.rel1-mingw-w64-i686-arm-none-eabi/bin/../lib/gcc/arm-none-eabi/13.3.1/thumb/v7-m/nofp\libg.a(libc_a-isattyr.o)
                0x08008998                _isatty_r
 .text._kill_r  0x080089bc       0x28 E:/CLion2024/arm-gnu-toolchain-13.3.rel1-mingw-w64-i686-arm-none-eabi/arm-gnu-toolchain-13.3.rel1-mingw-w64-i686-arm-none-eabi/bin/../lib/gcc/arm-none-eabi/13.3.1/thumb/v7-m/nofp\libg.a(libc_a-signalr.o)
                0x080089bc                _kill_r
 .text._getpid_r
                0x080089e4        0x4 E:/CLion2024/arm-gnu-toolchain-13.3.rel1-mingw-w64-i686-arm-none-eabi/arm-gnu-toolchain-13.3.rel1-mingw-w64-i686-arm-none-eabi/bin/../lib/gcc/arm-none-eabi/13.3.1/thumb/v7-m/nofp\libg.a(libc_a-signalr.o)
                0x080089e4                _getpid_r
 *(.glue_7)
 .glue_7        0x080089e8        0x0 linker stubs
 *(.glue_7t)
 .glue_7t       0x080089e8        0x0 linker stubs
 *(.eh_frame)
 .eh_frame      0x080089e8        0x0 E:/CLion2024/arm-gnu-toolchain-13.3.rel1-mingw-w64-i686-arm-none-eabi/arm-gnu-toolchain-13.3.rel1-mingw-w64-i686-arm-none-eabi/bin/../lib/gcc/arm-none-eabi/13.3.1/thumb/v7-m/nofp/crtbegin.o
 *(.init)
 .init          0x080089e8        0x4 E:/CLion2024/arm-gnu-toolchain-13.3.rel1-mingw-w64-i686-arm-none-eabi/arm-gnu-toolchain-13.3.rel1-mingw-w64-i686-arm-none-eabi/bin/../lib/gcc/arm-none-eabi/13.3.1/thumb/v7-m/nofp/crti.o
                0x080089e8                _init
 .init          0x080089ec        0x8 E:/CLion2024/arm-gnu-toolchain-13.3.rel1-mingw-w64-i686-arm-none-eabi/arm-gnu-toolchain-13.3.rel1-mingw-w64-i686-arm-none-eabi/bin/../lib/gcc/arm-none-eabi/13.3.1/thumb/v7-m/nofp/crtn.o
 *(.fini)
 .fini          0x080089f4        0x4 E:/CLion2024/arm-gnu-toolchain-13.3.rel1-mingw-w64-i686-arm-none-eabi/arm-gnu-toolchain-13.3.rel1-mingw-w64-i686-arm-none-eabi/bin/../lib/gcc/arm-none-eabi/13.3.1/thumb/v7-m/nofp/crti.o
                0x080089f4                _fini
 .fini          0x080089f8        0x8 E:/CLion2024/arm-gnu-toolchain-13.3.rel1-mingw-w64-i686-arm-none-eabi/arm-gnu-toolchain-13.3.rel1-mingw-w64-i686-arm-none-eabi/bin/../lib/gcc/arm-none-eabi/13.3.1/thumb/v7-m/nofp/crtn.o
                0x08008a00                        . = ALIGN (0x4)
                0x08008a00                        _etext = .

.vfp11_veneer   0x08008a00        0x0
 .vfp11_veneer  0x08008a00        0x0 linker stubs

.v4_bx          0x08008a00        0x0
 .v4_bx         0x08008a00        0x0 linker stubs

.iplt           0x08008a00        0x0
 .iplt          0x08008a00        0x0 E:/CLion2024/arm-gnu-toolchain-13.3.rel1-mingw-w64-i686-arm-none-eabi/arm-gnu-toolchain-13.3.rel1-mingw-w64-i686-arm-none-eabi/bin/../lib/gcc/arm-none-eabi/13.3.1/thumb/v7-m/nofp/crtbegin.o

.rodata         0x08008a00      0xae4
                0x08008a00                        . = ALIGN (0x4)
 *(.rodata)
 *(.rodata*)
 .rodata.Game_Draw.str1.4
                0x08008a00      0x1db CMakeFiles/OLED.elf.dir/Core/Src/ball_game.c.obj
                                 0x33 (size before relaxing)
 *fill*         0x08008bdb        0x1 
 .rodata.font16x16
                0x08008bdc       0x10 CMakeFiles/OLED.elf.dir/Core/Src/font.c.obj
                0x08008bdc                font16x16
 .rodata.zh16x16
                0x08008bec       0x90 CMakeFiles/OLED.elf.dir/Core/Src/font.c.obj
                0x08008bec                zh16x16
 .rodata.afont16x8
                0x08008c7c        0x8 CMakeFiles/OLED.elf.dir/Core/Src/font.c.obj
                0x08008c7c                afont16x8
 .rodata.ascii_16x8
                0x08008c84      0x5f0 CMakeFiles/OLED.elf.dir/Core/Src/font.c.obj
                0x08008c84                ascii_16x8
 .rodata.APBPrescTable
                0x08009274        0x8 CMakeFiles/OLED.elf.dir/Core/Src/system_stm32f1xx.c.obj
                0x08009274                APBPrescTable
 .rodata.AHBPrescTable
                0x0800927c       0x10 CMakeFiles/OLED.elf.dir/Core/Src/system_stm32f1xx.c.obj
                0x0800927c                AHBPrescTable
 .rodata.aPredivFactorTable.0
                0x0800928c        0x2 CMakeFiles/OLED.elf.dir/Drivers/STM32F1xx_HAL_Driver/Src/stm32f1xx_hal_rcc.c.obj
 *fill*         0x0800928e        0x2 
 .rodata.aPLLMULFactorTable.1
                0x08009290       0x10 CMakeFiles/OLED.elf.dir/Drivers/STM32F1xx_HAL_Driver/Src/stm32f1xx_hal_rcc.c.obj
 .rodata._svfprintf_r.str1.4
                0x080092a0       0x42 E:/CLion2024/arm-gnu-toolchain-13.3.rel1-mingw-w64-i686-arm-none-eabi/arm-gnu-toolchain-13.3.rel1-mingw-w64-i686-arm-none-eabi/bin/../lib/gcc/arm-none-eabi/13.3.1/thumb/v7-m/nofp\libg.a(libc_a-svfprintf.o)
 .rodata.zeroes.0
                0x080092a0       0x10 E:/CLion2024/arm-gnu-toolchain-13.3.rel1-mingw-w64-i686-arm-none-eabi/arm-gnu-toolchain-13.3.rel1-mingw-w64-i686-arm-none-eabi/bin/../lib/gcc/arm-none-eabi/13.3.1/thumb/v7-m/nofp\libg.a(libc_a-svfprintf.o)
 .rodata.blanks.1
                0x080092b0       0x10 E:/CLion2024/arm-gnu-toolchain-13.3.rel1-mingw-w64-i686-arm-none-eabi/arm-gnu-toolchain-13.3.rel1-mingw-w64-i686-arm-none-eabi/bin/../lib/gcc/arm-none-eabi/13.3.1/thumb/v7-m/nofp\libg.a(libc_a-svfprintf.o)
 .rodata.str1.4
                0x080092c0       0x4c E:/CLion2024/arm-gnu-toolchain-13.3.rel1-mingw-w64-i686-arm-none-eabi/arm-gnu-toolchain-13.3.rel1-mingw-w64-i686-arm-none-eabi/bin/../lib/gcc/arm-none-eabi/13.3.1/thumb/v7-m/nofp\libg.a(libc_a-locale.o)
 .rodata._dtoa_r.str1.4
                0x080092c0       0x81 E:/CLion2024/arm-gnu-toolchain-13.3.rel1-mingw-w64-i686-arm-none-eabi/arm-gnu-toolchain-13.3.rel1-mingw-w64-i686-arm-none-eabi/bin/../lib/gcc/arm-none-eabi/13.3.1/thumb/v7-m/nofp\libg.a(libc_a-dtoa.o)
 .rodata.__multadd.str1.4
                0x080092c0       0x6e E:/CLion2024/arm-gnu-toolchain-13.3.rel1-mingw-w64-i686-arm-none-eabi/arm-gnu-toolchain-13.3.rel1-mingw-w64-i686-arm-none-eabi/bin/../lib/gcc/arm-none-eabi/13.3.1/thumb/v7-m/nofp\libg.a(libc_a-mprec.o)
 .rodata.p05.0  0x080092c0        0xc E:/CLion2024/arm-gnu-toolchain-13.3.rel1-mingw-w64-i686-arm-none-eabi/arm-gnu-toolchain-13.3.rel1-mingw-w64-i686-arm-none-eabi/bin/../lib/gcc/arm-none-eabi/13.3.1/thumb/v7-m/nofp\libg.a(libc_a-mprec.o)
 *fill*         0x080092cc        0x4 
 .rodata.__mprec_bigtens
                0x080092d0       0x28 E:/CLion2024/arm-gnu-toolchain-13.3.rel1-mingw-w64-i686-arm-none-eabi/arm-gnu-toolchain-13.3.rel1-mingw-w64-i686-arm-none-eabi/bin/../lib/gcc/arm-none-eabi/13.3.1/thumb/v7-m/nofp\libg.a(libc_a-mprec.o)
                0x080092d0                __mprec_bigtens
 .rodata.__mprec_tens
                0x080092f8       0xc8 E:/CLion2024/arm-gnu-toolchain-13.3.rel1-mingw-w64-i686-arm-none-eabi/arm-gnu-toolchain-13.3.rel1-mingw-w64-i686-arm-none-eabi/bin/../lib/gcc/arm-none-eabi/13.3.1/thumb/v7-m/nofp\libg.a(libc_a-mprec.o)
                0x080092f8                __mprec_tens
 .rodata._ctype_
                0x080093c0      0x101 E:/CLion2024/arm-gnu-toolchain-13.3.rel1-mingw-w64-i686-arm-none-eabi/arm-gnu-toolchain-13.3.rel1-mingw-w64-i686-arm-none-eabi/bin/../lib/gcc/arm-none-eabi/13.3.1/thumb/v7-m/nofp\libg.a(libc_a-ctype_.o)
                0x080093c0                _ctype_
 .rodata.__assert_func.str1.4
                0x080094c1       0x43 E:/CLion2024/arm-gnu-toolchain-13.3.rel1-mingw-w64-i686-arm-none-eabi/arm-gnu-toolchain-13.3.rel1-mingw-w64-i686-arm-none-eabi/bin/../lib/gcc/arm-none-eabi/13.3.1/thumb/v7-m/nofp\libg.a(libc_a-assert.o)
 .rodata._vfiprintf_r.str1.4
                0x080094c1       0x2f E:/CLion2024/arm-gnu-toolchain-13.3.rel1-mingw-w64-i686-arm-none-eabi/arm-gnu-toolchain-13.3.rel1-mingw-w64-i686-arm-none-eabi/bin/../lib/gcc/arm-none-eabi/13.3.1/thumb/v7-m/nofp\libg.a(libc_a-vfiprintf.o)
 *fill*         0x080094c1        0x3 
 .rodata.zeroes.0
                0x080094c4       0x10 E:/CLion2024/arm-gnu-toolchain-13.3.rel1-mingw-w64-i686-arm-none-eabi/arm-gnu-toolchain-13.3.rel1-mingw-w64-i686-arm-none-eabi/bin/../lib/gcc/arm-none-eabi/13.3.1/thumb/v7-m/nofp\libg.a(libc_a-vfiprintf.o)
 .rodata.blanks.1
                0x080094d4       0x10 E:/CLion2024/arm-gnu-toolchain-13.3.rel1-mingw-w64-i686-arm-none-eabi/arm-gnu-toolchain-13.3.rel1-mingw-w64-i686-arm-none-eabi/bin/../lib/gcc/arm-none-eabi/13.3.1/thumb/v7-m/nofp\libg.a(libc_a-vfiprintf.o)
                0x080094e4                        . = ALIGN (0x4)

.ARM.extab      0x080094e4        0x0
                0x080094e4                        . = ALIGN (0x4)
 *(.ARM.extab* .gnu.linkonce.armextab.*)
                0x080094e4                        . = ALIGN (0x4)

.ARM            0x080094e4        0x8
                0x080094e4                        . = ALIGN (0x4)
                0x080094e4                        __exidx_start = .
 *(.ARM.exidx*)
 .ARM.exidx     0x080094e4        0x8 E:/CLion2024/arm-gnu-toolchain-13.3.rel1-mingw-w64-i686-arm-none-eabi/arm-gnu-toolchain-13.3.rel1-mingw-w64-i686-arm-none-eabi/bin/../lib/gcc/arm-none-eabi/13.3.1/thumb/v7-m/nofp\libg.a(libc_a-memcpy.o)
                0x080094ec                        __exidx_end = .
                0x080094ec                        . = ALIGN (0x4)

.preinit_array  0x080094ec        0x0
                0x080094ec                        . = ALIGN (0x4)
                0x080094ec                        PROVIDE (__preinit_array_start = .)
 *(.preinit_array*)
                0x080094ec                        PROVIDE (__preinit_array_end = .)
                0x080094ec                        . = ALIGN (0x4)

.init_array     0x080094ec        0x8
                0x080094ec                        . = ALIGN (0x4)
                0x080094ec                        PROVIDE (__init_array_start = .)
 *(SORT_BY_NAME(.init_array.*))
 .init_array.00000
                0x080094ec        0x4 E:/CLion2024/arm-gnu-toolchain-13.3.rel1-mingw-w64-i686-arm-none-eabi/arm-gnu-toolchain-13.3.rel1-mingw-w64-i686-arm-none-eabi/bin/../lib/gcc/arm-none-eabi/13.3.1/thumb/v7-m/nofp\libg.a(libc_a-__call_atexit.o)
 *(.init_array*)
 .init_array    0x080094f0        0x4 E:/CLion2024/arm-gnu-toolchain-13.3.rel1-mingw-w64-i686-arm-none-eabi/arm-gnu-toolchain-13.3.rel1-mingw-w64-i686-arm-none-eabi/bin/../lib/gcc/arm-none-eabi/13.3.1/thumb/v7-m/nofp/crtbegin.o
                0x080094f4                        PROVIDE (__init_array_end = .)
                0x080094f4                        . = ALIGN (0x4)

.fini_array     0x080094f4        0x4
                0x080094f4                        . = ALIGN (0x4)
                0x080094f4                        PROVIDE (__fini_array_start = .)
 *(SORT_BY_NAME(.fini_array.*))
 *(.fini_array*)
 .fini_array    0x080094f4        0x4 E:/CLion2024/arm-gnu-toolchain-13.3.rel1-mingw-w64-i686-arm-none-eabi/arm-gnu-toolchain-13.3.rel1-mingw-w64-i686-arm-none-eabi/bin/../lib/gcc/arm-none-eabi/13.3.1/thumb/v7-m/nofp/crtbegin.o
                0x080094f8                        PROVIDE (__fini_array_end = .)
                0x080094f8                        . = ALIGN (0x4)
                0x080094f8                        _sidata = LOADADDR (.data)

.rel.dyn        0x080094f8        0x0
 .rel.iplt      0x080094f8        0x0 E:/CLion2024/arm-gnu-toolchain-13.3.rel1-mingw-w64-i686-arm-none-eabi/arm-gnu-toolchain-13.3.rel1-mingw-w64-i686-arm-none-eabi/bin/../lib/gcc/arm-none-eabi/13.3.1/thumb/v7-m/nofp/crtbegin.o

.data           0x20000000      0x6e4 load address 0x080094f8
                0x20000000                        . = ALIGN (0x4)
                0x20000000                        _sdata = .
 *(.data)
 *(.data*)
 .data.SystemCoreClock
                0x20000000        0x4 CMakeFiles/OLED.elf.dir/Core/Src/system_stm32f1xx.c.obj
                0x20000000                SystemCoreClock
 .data.uwTickFreq
                0x20000004        0x1 CMakeFiles/OLED.elf.dir/Drivers/STM32F1xx_HAL_Driver/Src/stm32f1xx_hal.c.obj
                0x20000004                uwTickFreq
 *fill*         0x20000005        0x3 
 .data.uwTickPrio
                0x20000008        0x4 CMakeFiles/OLED.elf.dir/Drivers/STM32F1xx_HAL_Driver/Src/stm32f1xx_hal.c.obj
                0x20000008                uwTickPrio
 .data.__sglue  0x2000000c        0xc E:/CLion2024/arm-gnu-toolchain-13.3.rel1-mingw-w64-i686-arm-none-eabi/arm-gnu-toolchain-13.3.rel1-mingw-w64-i686-arm-none-eabi/bin/../lib/gcc/arm-none-eabi/13.3.1/thumb/v7-m/nofp\libg.a(libc_a-findfp.o)
                0x2000000c                __sglue
 .data._impure_ptr
                0x20000018        0x4 E:/CLion2024/arm-gnu-toolchain-13.3.rel1-mingw-w64-i686-arm-none-eabi/arm-gnu-toolchain-13.3.rel1-mingw-w64-i686-arm-none-eabi/bin/../lib/gcc/arm-none-eabi/13.3.1/thumb/v7-m/nofp\libg.a(libc_a-impure.o)
                0x20000018                _impure_ptr
 *fill*         0x2000001c        0x4 
 .data._impure_data
                0x20000020      0x140 E:/CLion2024/arm-gnu-toolchain-13.3.rel1-mingw-w64-i686-arm-none-eabi/arm-gnu-toolchain-13.3.rel1-mingw-w64-i686-arm-none-eabi/bin/../lib/gcc/arm-none-eabi/13.3.1/thumb/v7-m/nofp\libg.a(libc_a-impure.o)
                0x20000020                _impure_data
 .data.__atexit_recursive_mutex
                0x20000160        0x4 E:/CLion2024/arm-gnu-toolchain-13.3.rel1-mingw-w64-i686-arm-none-eabi/arm-gnu-toolchain-13.3.rel1-mingw-w64-i686-arm-none-eabi/bin/../lib/gcc/arm-none-eabi/13.3.1/thumb/v7-m/nofp\libg.a(libc_a-__call_atexit.o)
                0x20000160                __atexit_recursive_mutex
 .data.__malloc_sbrk_base
                0x20000164        0x4 E:/CLion2024/arm-gnu-toolchain-13.3.rel1-mingw-w64-i686-arm-none-eabi/arm-gnu-toolchain-13.3.rel1-mingw-w64-i686-arm-none-eabi/bin/../lib/gcc/arm-none-eabi/13.3.1/thumb/v7-m/nofp\libg.a(libc_a-mallocr.o)
                0x20000164                __malloc_sbrk_base
 .data.__malloc_trim_threshold
                0x20000168        0x4 E:/CLion2024/arm-gnu-toolchain-13.3.rel1-mingw-w64-i686-arm-none-eabi/arm-gnu-toolchain-13.3.rel1-mingw-w64-i686-arm-none-eabi/bin/../lib/gcc/arm-none-eabi/13.3.1/thumb/v7-m/nofp\libg.a(libc_a-mallocr.o)
                0x20000168                __malloc_trim_threshold
 *fill*         0x2000016c        0x4 
 .data.__malloc_av_
                0x20000170      0x408 E:/CLion2024/arm-gnu-toolchain-13.3.rel1-mingw-w64-i686-arm-none-eabi/arm-gnu-toolchain-13.3.rel1-mingw-w64-i686-arm-none-eabi/bin/../lib/gcc/arm-none-eabi/13.3.1/thumb/v7-m/nofp\libg.a(libc_a-mallocr.o)
                0x20000170                __malloc_av_
 .data.__global_locale
                0x20000578      0x16c E:/CLion2024/arm-gnu-toolchain-13.3.rel1-mingw-w64-i686-arm-none-eabi/arm-gnu-toolchain-13.3.rel1-mingw-w64-i686-arm-none-eabi/bin/../lib/gcc/arm-none-eabi/13.3.1/thumb/v7-m/nofp\libg.a(libc_a-locale.o)
                0x20000578                __global_locale
 *(.RamFunc)
 *(.RamFunc*)
                0x200006e4                        . = ALIGN (0x4)
                0x200006e4                        _edata = .

.tm_clone_table
                0x200006e4        0x0 load address 0x08009bdc
 .tm_clone_table
                0x200006e4        0x0 E:/CLion2024/arm-gnu-toolchain-13.3.rel1-mingw-w64-i686-arm-none-eabi/arm-gnu-toolchain-13.3.rel1-mingw-w64-i686-arm-none-eabi/bin/../lib/gcc/arm-none-eabi/13.3.1/thumb/v7-m/nofp/crtbegin.o
 .tm_clone_table
                0x200006e4        0x0 E:/CLion2024/arm-gnu-toolchain-13.3.rel1-mingw-w64-i686-arm-none-eabi/arm-gnu-toolchain-13.3.rel1-mingw-w64-i686-arm-none-eabi/bin/../lib/gcc/arm-none-eabi/13.3.1/thumb/v7-m/nofp/crtend.o

.igot.plt       0x200006e4        0x0 load address 0x08009bdc
 .igot.plt      0x200006e4        0x0 E:/CLion2024/arm-gnu-toolchain-13.3.rel1-mingw-w64-i686-arm-none-eabi/arm-gnu-toolchain-13.3.rel1-mingw-w64-i686-arm-none-eabi/bin/../lib/gcc/arm-none-eabi/13.3.1/thumb/v7-m/nofp/crtbegin.o
                0x200006e4                        . = ALIGN (0x4)

.bss            0x200006e4      0x828 load address 0x08009bdc
                0x200006e4                        _sbss = .
                0x200006e4                        __bss_start__ = _sbss
 *(.bss)
 *(.bss*)
 .bss.completed.1
                0x200006e4        0x1 E:/CLion2024/arm-gnu-toolchain-13.3.rel1-mingw-w64-i686-arm-none-eabi/arm-gnu-toolchain-13.3.rel1-mingw-w64-i686-arm-none-eabi/bin/../lib/gcc/arm-none-eabi/13.3.1/thumb/v7-m/nofp/crtbegin.o
 *fill*         0x200006e5        0x3 
 .bss.object.0  0x200006e8       0x18 E:/CLion2024/arm-gnu-toolchain-13.3.rel1-mingw-w64-i686-arm-none-eabi/arm-gnu-toolchain-13.3.rel1-mingw-w64-i686-arm-none-eabi/bin/../lib/gcc/arm-none-eabi/13.3.1/thumb/v7-m/nofp/crtbegin.o
 .bss.game      0x20000700        0xe CMakeFiles/OLED.elf.dir/Core/Src/ball_game.c.obj
 *fill*         0x2000070e        0x2 
 .bss.hi2c1     0x20000710       0x54 CMakeFiles/OLED.elf.dir/Core/Src/i2c.c.obj
                0x20000710                hi2c1
 .bss.temp.0    0x20000764        0x1 CMakeFiles/OLED.elf.dir/Core/Src/oled.c.obj
 .bss.temp.1    0x20000765        0x1 CMakeFiles/OLED.elf.dir/Core/Src/oled.c.obj
 *fill*         0x20000766        0x2 
 .bss.sendBuffer.2
                0x20000768       0x81 CMakeFiles/OLED.elf.dir/Core/Src/oled.c.obj
 *fill*         0x200007e9        0x3 
 .bss.sendBuffer.3
                0x200007ec        0x2 CMakeFiles/OLED.elf.dir/Core/Src/oled.c.obj
 *fill*         0x200007ee        0x2 
 .bss.OLED_GRAM
                0x200007f0      0x400 CMakeFiles/OLED.elf.dir/Core/Src/oled.c.obj
                0x200007f0                OLED_GRAM
 .bss.__sbrk_heap_end
                0x20000bf0        0x4 CMakeFiles/OLED.elf.dir/Core/Src/sysmem.c.obj
 .bss.uwTick    0x20000bf4        0x4 CMakeFiles/OLED.elf.dir/Drivers/STM32F1xx_HAL_Driver/Src/stm32f1xx_hal.c.obj
                0x20000bf4                uwTick
 .bss.__sf      0x20000bf8      0x138 E:/CLion2024/arm-gnu-toolchain-13.3.rel1-mingw-w64-i686-arm-none-eabi/arm-gnu-toolchain-13.3.rel1-mingw-w64-i686-arm-none-eabi/bin/../lib/gcc/arm-none-eabi/13.3.1/thumb/v7-m/nofp\libg.a(libc_a-findfp.o)
                0x20000bf8                __sf
 .bss.__stdio_exit_handler
                0x20000d30        0x4 E:/CLion2024/arm-gnu-toolchain-13.3.rel1-mingw-w64-i686-arm-none-eabi/arm-gnu-toolchain-13.3.rel1-mingw-w64-i686-arm-none-eabi/bin/../lib/gcc/arm-none-eabi/13.3.1/thumb/v7-m/nofp\libg.a(libc_a-findfp.o)
                0x20000d30                __stdio_exit_handler
 .bss.errno     0x20000d34        0x4 E:/CLion2024/arm-gnu-toolchain-13.3.rel1-mingw-w64-i686-arm-none-eabi/arm-gnu-toolchain-13.3.rel1-mingw-w64-i686-arm-none-eabi/bin/../lib/gcc/arm-none-eabi/13.3.1/thumb/v7-m/nofp\libg.a(libc_a-reent.o)
                0x20000d34                errno
 .bss.__lock___malloc_recursive_mutex
                0x20000d38        0x1 E:/CLion2024/arm-gnu-toolchain-13.3.rel1-mingw-w64-i686-arm-none-eabi/arm-gnu-toolchain-13.3.rel1-mingw-w64-i686-arm-none-eabi/bin/../lib/gcc/arm-none-eabi/13.3.1/thumb/v7-m/nofp\libg.a(libc_a-lock.o)
                0x20000d38                __lock___malloc_recursive_mutex
 *fill*         0x20000d39        0x3 
 .bss.__lock___atexit_recursive_mutex
                0x20000d3c        0x1 E:/CLion2024/arm-gnu-toolchain-13.3.rel1-mingw-w64-i686-arm-none-eabi/arm-gnu-toolchain-13.3.rel1-mingw-w64-i686-arm-none-eabi/bin/../lib/gcc/arm-none-eabi/13.3.1/thumb/v7-m/nofp\libg.a(libc_a-lock.o)
                0x20000d3c                __lock___atexit_recursive_mutex
 *fill*         0x20000d3d        0x3 
 .bss.__lock___sfp_recursive_mutex
                0x20000d40        0x1 E:/CLion2024/arm-gnu-toolchain-13.3.rel1-mingw-w64-i686-arm-none-eabi/arm-gnu-toolchain-13.3.rel1-mingw-w64-i686-arm-none-eabi/bin/../lib/gcc/arm-none-eabi/13.3.1/thumb/v7-m/nofp\libg.a(libc_a-lock.o)
                0x20000d40                __lock___sfp_recursive_mutex
 *fill*         0x20000d41        0x3 
 .bss.__atexit  0x20000d44        0x4 E:/CLion2024/arm-gnu-toolchain-13.3.rel1-mingw-w64-i686-arm-none-eabi/arm-gnu-toolchain-13.3.rel1-mingw-w64-i686-arm-none-eabi/bin/../lib/gcc/arm-none-eabi/13.3.1/thumb/v7-m/nofp\libg.a(libc_a-__call_atexit.o)
                0x20000d44                __atexit
 .bss.__malloc_current_mallinfo
                0x20000d48       0x28 E:/CLion2024/arm-gnu-toolchain-13.3.rel1-mingw-w64-i686-arm-none-eabi/arm-gnu-toolchain-13.3.rel1-mingw-w64-i686-arm-none-eabi/bin/../lib/gcc/arm-none-eabi/13.3.1/thumb/v7-m/nofp\libg.a(libc_a-mallocr.o)
                0x20000d48                __malloc_current_mallinfo
 .bss.__malloc_max_total_mem
                0x20000d70        0x4 E:/CLion2024/arm-gnu-toolchain-13.3.rel1-mingw-w64-i686-arm-none-eabi/arm-gnu-toolchain-13.3.rel1-mingw-w64-i686-arm-none-eabi/bin/../lib/gcc/arm-none-eabi/13.3.1/thumb/v7-m/nofp\libg.a(libc_a-mallocr.o)
                0x20000d70                __malloc_max_total_mem
 .bss.__malloc_max_sbrked_mem
                0x20000d74        0x4 E:/CLion2024/arm-gnu-toolchain-13.3.rel1-mingw-w64-i686-arm-none-eabi/arm-gnu-toolchain-13.3.rel1-mingw-w64-i686-arm-none-eabi/bin/../lib/gcc/arm-none-eabi/13.3.1/thumb/v7-m/nofp\libg.a(libc_a-mallocr.o)
                0x20000d74                __malloc_max_sbrked_mem
 .bss.__malloc_top_pad
                0x20000d78        0x4 E:/CLion2024/arm-gnu-toolchain-13.3.rel1-mingw-w64-i686-arm-none-eabi/arm-gnu-toolchain-13.3.rel1-mingw-w64-i686-arm-none-eabi/bin/../lib/gcc/arm-none-eabi/13.3.1/thumb/v7-m/nofp\libg.a(libc_a-mallocr.o)
                0x20000d78                __malloc_top_pad
 .bss.__atexit0
                0x20000d7c      0x190 E:/CLion2024/arm-gnu-toolchain-13.3.rel1-mingw-w64-i686-arm-none-eabi/arm-gnu-toolchain-13.3.rel1-mingw-w64-i686-arm-none-eabi/bin/../lib/gcc/arm-none-eabi/13.3.1/thumb/v7-m/nofp\libg.a(libc_a-__atexit.o)
                0x20000d7c                __atexit0
 *(COMMON)
                0x20000f0c                        . = ALIGN (0x4)
                0x20000f0c                        _ebss = .
                0x20000f0c                        __bss_end__ = _ebss

._user_heap_stack
                0x20000f0c      0x604 load address 0x08009bdc
                0x20000f10                        . = ALIGN (0x8)
 *fill*         0x20000f0c        0x4 
                [!provide]                        PROVIDE (end = .)
                0x20000f10                        PROVIDE (_end = .)
                0x20001110                        . = (. + _Min_Heap_Size)
 *fill*         0x20000f10      0x200 
                0x20001510                        . = (. + _Min_Stack_Size)
 *fill*         0x20001110      0x400 
                0x20001510                        . = ALIGN (0x8)

/DISCARD/
 libc.a(*)
 libm.a(*)
 libgcc.a(*)

.ARM.attributes
                0x00000000       0x29
 *(.ARM.attributes)
 .ARM.attributes
                0x00000000       0x1d E:/CLion2024/arm-gnu-toolchain-13.3.rel1-mingw-w64-i686-arm-none-eabi/arm-gnu-toolchain-13.3.rel1-mingw-w64-i686-arm-none-eabi/bin/../lib/gcc/arm-none-eabi/13.3.1/thumb/v7-m/nofp/crti.o
 .ARM.attributes
                0x0000001d       0x2d E:/CLion2024/arm-gnu-toolchain-13.3.rel1-mingw-w64-i686-arm-none-eabi/arm-gnu-toolchain-13.3.rel1-mingw-w64-i686-arm-none-eabi/bin/../lib/gcc/arm-none-eabi/13.3.1/thumb/v7-m/nofp/crtbegin.o
 .ARM.attributes
                0x0000004a       0x2d CMakeFiles/OLED.elf.dir/Core/Src/ball_game.c.obj
 .ARM.attributes
                0x00000077       0x2d CMakeFiles/OLED.elf.dir/Core/Src/font.c.obj
 .ARM.attributes
                0x000000a4       0x2d CMakeFiles/OLED.elf.dir/Core/Src/gpio.c.obj
 .ARM.attributes
                0x000000d1       0x2d CMakeFiles/OLED.elf.dir/Core/Src/i2c.c.obj
 .ARM.attributes
                0x000000fe       0x2d CMakeFiles/OLED.elf.dir/Core/Src/key.c.obj
 .ARM.attributes
                0x0000012b       0x2d CMakeFiles/OLED.elf.dir/Core/Src/main.c.obj
 .ARM.attributes
                0x00000158       0x2d CMakeFiles/OLED.elf.dir/Core/Src/oled.c.obj
 .ARM.attributes
                0x00000185       0x2d CMakeFiles/OLED.elf.dir/Core/Src/stm32f1xx_hal_msp.c.obj
 .ARM.attributes
                0x000001b2       0x2d CMakeFiles/OLED.elf.dir/Core/Src/stm32f1xx_it.c.obj
 .ARM.attributes
                0x000001df       0x2d CMakeFiles/OLED.elf.dir/Core/Src/syscalls.c.obj
 .ARM.attributes
                0x0000020c       0x2d CMakeFiles/OLED.elf.dir/Core/Src/sysmem.c.obj
 .ARM.attributes
                0x00000239       0x2d CMakeFiles/OLED.elf.dir/Core/Src/system_stm32f1xx.c.obj
 .ARM.attributes
                0x00000266       0x21 CMakeFiles/OLED.elf.dir/Core/Startup/startup_stm32f103c8tx.s.obj
 .ARM.attributes
                0x00000287       0x2d CMakeFiles/OLED.elf.dir/Drivers/STM32F1xx_HAL_Driver/Src/stm32f1xx_hal.c.obj
 .ARM.attributes
                0x000002b4       0x2d CMakeFiles/OLED.elf.dir/Drivers/STM32F1xx_HAL_Driver/Src/stm32f1xx_hal_cortex.c.obj
 .ARM.attributes
                0x000002e1       0x2d CMakeFiles/OLED.elf.dir/Drivers/STM32F1xx_HAL_Driver/Src/stm32f1xx_hal_gpio.c.obj
 .ARM.attributes
                0x0000030e       0x2d CMakeFiles/OLED.elf.dir/Drivers/STM32F1xx_HAL_Driver/Src/stm32f1xx_hal_i2c.c.obj
 .ARM.attributes
                0x0000033b       0x2d CMakeFiles/OLED.elf.dir/Drivers/STM32F1xx_HAL_Driver/Src/stm32f1xx_hal_rcc.c.obj
 .ARM.attributes
                0x00000368       0x1d E:/CLion2024/arm-gnu-toolchain-13.3.rel1-mingw-w64-i686-arm-none-eabi/arm-gnu-toolchain-13.3.rel1-mingw-w64-i686-arm-none-eabi/bin/../lib/gcc/arm-none-eabi/13.3.1/thumb/v7-m/nofp\libgcc.a(_arm_addsubdf3.o)
 .ARM.attributes
                0x00000385       0x1d E:/CLion2024/arm-gnu-toolchain-13.3.rel1-mingw-w64-i686-arm-none-eabi/arm-gnu-toolchain-13.3.rel1-mingw-w64-i686-arm-none-eabi/bin/../lib/gcc/arm-none-eabi/13.3.1/thumb/v7-m/nofp\libgcc.a(_arm_fixdfsi.o)
 .ARM.attributes
                0x000003a2       0x2d E:/CLion2024/arm-gnu-toolchain-13.3.rel1-mingw-w64-i686-arm-none-eabi/arm-gnu-toolchain-13.3.rel1-mingw-w64-i686-arm-none-eabi/bin/../lib/gcc/arm-none-eabi/13.3.1/thumb/v7-m/nofp\libg.a(libc_a-findfp.o)
 .ARM.attributes
                0x000003cf       0x2d E:/CLion2024/arm-gnu-toolchain-13.3.rel1-mingw-w64-i686-arm-none-eabi/arm-gnu-toolchain-13.3.rel1-mingw-w64-i686-arm-none-eabi/bin/../lib/gcc/arm-none-eabi/13.3.1/thumb/v7-m/nofp\libg.a(libc_a-fwalk.o)
 .ARM.attributes
                0x000003fc       0x2d E:/CLion2024/arm-gnu-toolchain-13.3.rel1-mingw-w64-i686-arm-none-eabi/arm-gnu-toolchain-13.3.rel1-mingw-w64-i686-arm-none-eabi/bin/../lib/gcc/arm-none-eabi/13.3.1/thumb/v7-m/nofp\libg.a(libc_a-sprintf.o)
 .ARM.attributes
                0x00000429       0x2d E:/CLion2024/arm-gnu-toolchain-13.3.rel1-mingw-w64-i686-arm-none-eabi/arm-gnu-toolchain-13.3.rel1-mingw-w64-i686-arm-none-eabi/bin/../lib/gcc/arm-none-eabi/13.3.1/thumb/v7-m/nofp\libg.a(libc_a-stdio.o)
 .ARM.attributes
                0x00000456       0x2d E:/CLion2024/arm-gnu-toolchain-13.3.rel1-mingw-w64-i686-arm-none-eabi/arm-gnu-toolchain-13.3.rel1-mingw-w64-i686-arm-none-eabi/bin/../lib/gcc/arm-none-eabi/13.3.1/thumb/v7-m/nofp\libg.a(libc_a-memcmp.o)
 .ARM.attributes
                0x00000483       0x2d E:/CLion2024/arm-gnu-toolchain-13.3.rel1-mingw-w64-i686-arm-none-eabi/arm-gnu-toolchain-13.3.rel1-mingw-w64-i686-arm-none-eabi/bin/../lib/gcc/arm-none-eabi/13.3.1/thumb/v7-m/nofp\libg.a(libc_a-memset.o)
 .ARM.attributes
                0x000004b0       0x2d E:/CLion2024/arm-gnu-toolchain-13.3.rel1-mingw-w64-i686-arm-none-eabi/arm-gnu-toolchain-13.3.rel1-mingw-w64-i686-arm-none-eabi/bin/../lib/gcc/arm-none-eabi/13.3.1/thumb/v7-m/nofp\libg.a(libc_a-closer.o)
 .ARM.attributes
                0x000004dd       0x2d E:/CLion2024/arm-gnu-toolchain-13.3.rel1-mingw-w64-i686-arm-none-eabi/arm-gnu-toolchain-13.3.rel1-mingw-w64-i686-arm-none-eabi/bin/../lib/gcc/arm-none-eabi/13.3.1/thumb/v7-m/nofp\libg.a(libc_a-reent.o)
 .ARM.attributes
                0x0000050a       0x2d E:/CLion2024/arm-gnu-toolchain-13.3.rel1-mingw-w64-i686-arm-none-eabi/arm-gnu-toolchain-13.3.rel1-mingw-w64-i686-arm-none-eabi/bin/../lib/gcc/arm-none-eabi/13.3.1/thumb/v7-m/nofp\libg.a(libc_a-impure.o)
 .ARM.attributes
                0x00000537       0x2d E:/CLion2024/arm-gnu-toolchain-13.3.rel1-mingw-w64-i686-arm-none-eabi/arm-gnu-toolchain-13.3.rel1-mingw-w64-i686-arm-none-eabi/bin/../lib/gcc/arm-none-eabi/13.3.1/thumb/v7-m/nofp\libg.a(libc_a-lseekr.o)
 .ARM.attributes
                0x00000564       0x2d E:/CLion2024/arm-gnu-toolchain-13.3.rel1-mingw-w64-i686-arm-none-eabi/arm-gnu-toolchain-13.3.rel1-mingw-w64-i686-arm-none-eabi/bin/../lib/gcc/arm-none-eabi/13.3.1/thumb/v7-m/nofp\libg.a(libc_a-readr.o)
 .ARM.attributes
                0x00000591       0x2d E:/CLion2024/arm-gnu-toolchain-13.3.rel1-mingw-w64-i686-arm-none-eabi/arm-gnu-toolchain-13.3.rel1-mingw-w64-i686-arm-none-eabi/bin/../lib/gcc/arm-none-eabi/13.3.1/thumb/v7-m/nofp\libg.a(libc_a-writer.o)
 .ARM.attributes
                0x000005be       0x2d E:/CLion2024/arm-gnu-toolchain-13.3.rel1-mingw-w64-i686-arm-none-eabi/arm-gnu-toolchain-13.3.rel1-mingw-w64-i686-arm-none-eabi/bin/../lib/gcc/arm-none-eabi/13.3.1/thumb/v7-m/nofp\libg.a(libc_a-errno.o)
 .ARM.attributes
                0x000005eb       0x2d E:/CLion2024/arm-gnu-toolchain-13.3.rel1-mingw-w64-i686-arm-none-eabi/arm-gnu-toolchain-13.3.rel1-mingw-w64-i686-arm-none-eabi/bin/../lib/gcc/arm-none-eabi/13.3.1/thumb/v7-m/nofp\libg.a(libc_a-init.o)
 .ARM.attributes
                0x00000618       0x2d E:/CLion2024/arm-gnu-toolchain-13.3.rel1-mingw-w64-i686-arm-none-eabi/arm-gnu-toolchain-13.3.rel1-mingw-w64-i686-arm-none-eabi/bin/../lib/gcc/arm-none-eabi/13.3.1/thumb/v7-m/nofp\libg.a(libc_a-lock.o)
 .ARM.attributes
                0x00000645       0x1b E:/CLion2024/arm-gnu-toolchain-13.3.rel1-mingw-w64-i686-arm-none-eabi/arm-gnu-toolchain-13.3.rel1-mingw-w64-i686-arm-none-eabi/bin/../lib/gcc/arm-none-eabi/13.3.1/thumb/v7-m/nofp\libg.a(libc_a-memcpy.o)
 .ARM.attributes
                0x00000660       0x2d E:/CLion2024/arm-gnu-toolchain-13.3.rel1-mingw-w64-i686-arm-none-eabi/arm-gnu-toolchain-13.3.rel1-mingw-w64-i686-arm-none-eabi/bin/../lib/gcc/arm-none-eabi/13.3.1/thumb/v7-m/nofp\libg.a(libc_a-__call_atexit.o)
 .ARM.attributes
                0x0000068d       0x2d E:/CLion2024/arm-gnu-toolchain-13.3.rel1-mingw-w64-i686-arm-none-eabi/arm-gnu-toolchain-13.3.rel1-mingw-w64-i686-arm-none-eabi/bin/../lib/gcc/arm-none-eabi/13.3.1/thumb/v7-m/nofp\libg.a(libc_a-atexit.o)
 .ARM.attributes
                0x000006ba       0x2d E:/CLion2024/arm-gnu-toolchain-13.3.rel1-mingw-w64-i686-arm-none-eabi/arm-gnu-toolchain-13.3.rel1-mingw-w64-i686-arm-none-eabi/bin/../lib/gcc/arm-none-eabi/13.3.1/thumb/v7-m/nofp\libg.a(libc_a-freer.o)
 .ARM.attributes
                0x000006e7       0x2d E:/CLion2024/arm-gnu-toolchain-13.3.rel1-mingw-w64-i686-arm-none-eabi/arm-gnu-toolchain-13.3.rel1-mingw-w64-i686-arm-none-eabi/bin/../lib/gcc/arm-none-eabi/13.3.1/thumb/v7-m/nofp\libg.a(libc_a-mallocr.o)
 .ARM.attributes
                0x00000714       0x2d E:/CLion2024/arm-gnu-toolchain-13.3.rel1-mingw-w64-i686-arm-none-eabi/arm-gnu-toolchain-13.3.rel1-mingw-w64-i686-arm-none-eabi/bin/../lib/gcc/arm-none-eabi/13.3.1/thumb/v7-m/nofp\libg.a(libc_a-mlock.o)
 .ARM.attributes
                0x00000741       0x2d E:/CLion2024/arm-gnu-toolchain-13.3.rel1-mingw-w64-i686-arm-none-eabi/arm-gnu-toolchain-13.3.rel1-mingw-w64-i686-arm-none-eabi/bin/../lib/gcc/arm-none-eabi/13.3.1/thumb/v7-m/nofp\libg.a(libc_a-svfprintf.o)
 .ARM.attributes
                0x0000076e       0x2d E:/CLion2024/arm-gnu-toolchain-13.3.rel1-mingw-w64-i686-arm-none-eabi/arm-gnu-toolchain-13.3.rel1-mingw-w64-i686-arm-none-eabi/bin/../lib/gcc/arm-none-eabi/13.3.1/thumb/v7-m/nofp\libg.a(libc_a-ssprint_r.o)
 .ARM.attributes
                0x0000079b       0x2d E:/CLion2024/arm-gnu-toolchain-13.3.rel1-mingw-w64-i686-arm-none-eabi/arm-gnu-toolchain-13.3.rel1-mingw-w64-i686-arm-none-eabi/bin/../lib/gcc/arm-none-eabi/13.3.1/thumb/v7-m/nofp\libg.a(libc_a-fclose.o)
 .ARM.attributes
                0x000007c8       0x2d E:/CLion2024/arm-gnu-toolchain-13.3.rel1-mingw-w64-i686-arm-none-eabi/arm-gnu-toolchain-13.3.rel1-mingw-w64-i686-arm-none-eabi/bin/../lib/gcc/arm-none-eabi/13.3.1/thumb/v7-m/nofp\libg.a(libc_a-fflush.o)
 .ARM.attributes
                0x000007f5       0x2d E:/CLion2024/arm-gnu-toolchain-13.3.rel1-mingw-w64-i686-arm-none-eabi/arm-gnu-toolchain-13.3.rel1-mingw-w64-i686-arm-none-eabi/bin/../lib/gcc/arm-none-eabi/13.3.1/thumb/v7-m/nofp\libg.a(libc_a-strncpy.o)
 .ARM.attributes
                0x00000822       0x2d E:/CLion2024/arm-gnu-toolchain-13.3.rel1-mingw-w64-i686-arm-none-eabi/arm-gnu-toolchain-13.3.rel1-mingw-w64-i686-arm-none-eabi/bin/../lib/gcc/arm-none-eabi/13.3.1/thumb/v7-m/nofp\libg.a(libc_a-locale.o)
 .ARM.attributes
                0x0000084f       0x2d E:/CLion2024/arm-gnu-toolchain-13.3.rel1-mingw-w64-i686-arm-none-eabi/arm-gnu-toolchain-13.3.rel1-mingw-w64-i686-arm-none-eabi/bin/../lib/gcc/arm-none-eabi/13.3.1/thumb/v7-m/nofp\libg.a(libc_a-localeconv.o)
 .ARM.attributes
                0x0000087c       0x2d E:/CLion2024/arm-gnu-toolchain-13.3.rel1-mingw-w64-i686-arm-none-eabi/arm-gnu-toolchain-13.3.rel1-mingw-w64-i686-arm-none-eabi/bin/../lib/gcc/arm-none-eabi/13.3.1/thumb/v7-m/nofp\libg.a(libc_a-sbrkr.o)
 .ARM.attributes
                0x000008a9       0x2d E:/CLion2024/arm-gnu-toolchain-13.3.rel1-mingw-w64-i686-arm-none-eabi/arm-gnu-toolchain-13.3.rel1-mingw-w64-i686-arm-none-eabi/bin/../lib/gcc/arm-none-eabi/13.3.1/thumb/v7-m/nofp\libg.a(libc_a-fini.o)
 .ARM.attributes
                0x000008d6       0x2d E:/CLion2024/arm-gnu-toolchain-13.3.rel1-mingw-w64-i686-arm-none-eabi/arm-gnu-toolchain-13.3.rel1-mingw-w64-i686-arm-none-eabi/bin/../lib/gcc/arm-none-eabi/13.3.1/thumb/v7-m/nofp\libg.a(libc_a-sysconf.o)
 .ARM.attributes
                0x00000903       0x2d E:/CLion2024/arm-gnu-toolchain-13.3.rel1-mingw-w64-i686-arm-none-eabi/arm-gnu-toolchain-13.3.rel1-mingw-w64-i686-arm-none-eabi/bin/../lib/gcc/arm-none-eabi/13.3.1/thumb/v7-m/nofp\libg.a(libc_a-memchr-stub.o)
 .ARM.attributes
                0x00000930       0x2d E:/CLion2024/arm-gnu-toolchain-13.3.rel1-mingw-w64-i686-arm-none-eabi/arm-gnu-toolchain-13.3.rel1-mingw-w64-i686-arm-none-eabi/bin/../lib/gcc/arm-none-eabi/13.3.1/thumb/v7-m/nofp\libg.a(libc_a-strlen-stub.o)
 .ARM.attributes
                0x0000095d       0x2d E:/CLion2024/arm-gnu-toolchain-13.3.rel1-mingw-w64-i686-arm-none-eabi/arm-gnu-toolchain-13.3.rel1-mingw-w64-i686-arm-none-eabi/bin/../lib/gcc/arm-none-eabi/13.3.1/thumb/v7-m/nofp\libg.a(libm_a-s_frexp.o)
 .ARM.attributes
                0x0000098a       0x2d E:/CLion2024/arm-gnu-toolchain-13.3.rel1-mingw-w64-i686-arm-none-eabi/arm-gnu-toolchain-13.3.rel1-mingw-w64-i686-arm-none-eabi/bin/../lib/gcc/arm-none-eabi/13.3.1/thumb/v7-m/nofp\libg.a(libc_a-__atexit.o)
 .ARM.attributes
                0x000009b7       0x2d E:/CLion2024/arm-gnu-toolchain-13.3.rel1-mingw-w64-i686-arm-none-eabi/arm-gnu-toolchain-13.3.rel1-mingw-w64-i686-arm-none-eabi/bin/../lib/gcc/arm-none-eabi/13.3.1/thumb/v7-m/nofp\libg.a(libc_a-dtoa.o)
 .ARM.attributes
                0x000009e4       0x2d E:/CLion2024/arm-gnu-toolchain-13.3.rel1-mingw-w64-i686-arm-none-eabi/arm-gnu-toolchain-13.3.rel1-mingw-w64-i686-arm-none-eabi/bin/../lib/gcc/arm-none-eabi/13.3.1/thumb/v7-m/nofp\libg.a(libc_a-mbtowc_r.o)
 .ARM.attributes
                0x00000a11       0x2d E:/CLion2024/arm-gnu-toolchain-13.3.rel1-mingw-w64-i686-arm-none-eabi/arm-gnu-toolchain-13.3.rel1-mingw-w64-i686-arm-none-eabi/bin/../lib/gcc/arm-none-eabi/13.3.1/thumb/v7-m/nofp\libg.a(libc_a-mprec.o)
 .ARM.attributes
                0x00000a3e       0x2d E:/CLion2024/arm-gnu-toolchain-13.3.rel1-mingw-w64-i686-arm-none-eabi/arm-gnu-toolchain-13.3.rel1-mingw-w64-i686-arm-none-eabi/bin/../lib/gcc/arm-none-eabi/13.3.1/thumb/v7-m/nofp\libg.a(libc_a-wctomb_r.o)
 .ARM.attributes
                0x00000a6b       0x2d E:/CLion2024/arm-gnu-toolchain-13.3.rel1-mingw-w64-i686-arm-none-eabi/arm-gnu-toolchain-13.3.rel1-mingw-w64-i686-arm-none-eabi/bin/../lib/gcc/arm-none-eabi/13.3.1/thumb/v7-m/nofp\libg.a(libc_a-wcrtomb.o)
 .ARM.attributes
                0x00000a98       0x2d E:/CLion2024/arm-gnu-toolchain-13.3.rel1-mingw-w64-i686-arm-none-eabi/arm-gnu-toolchain-13.3.rel1-mingw-w64-i686-arm-none-eabi/bin/../lib/gcc/arm-none-eabi/13.3.1/thumb/v7-m/nofp\libg.a(libc_a-wcsrtombs.o)
 .ARM.attributes
                0x00000ac5       0x2d E:/CLion2024/arm-gnu-toolchain-13.3.rel1-mingw-w64-i686-arm-none-eabi/arm-gnu-toolchain-13.3.rel1-mingw-w64-i686-arm-none-eabi/bin/../lib/gcc/arm-none-eabi/13.3.1/thumb/v7-m/nofp\libg.a(libc_a-ctype_.o)
 .ARM.attributes
                0x00000af2       0x2d E:/CLion2024/arm-gnu-toolchain-13.3.rel1-mingw-w64-i686-arm-none-eabi/arm-gnu-toolchain-13.3.rel1-mingw-w64-i686-arm-none-eabi/bin/../lib/gcc/arm-none-eabi/13.3.1/thumb/v7-m/nofp\libg.a(libc_a-ssputs_r.o)
 .ARM.attributes
                0x00000b1f       0x2d E:/CLion2024/arm-gnu-toolchain-13.3.rel1-mingw-w64-i686-arm-none-eabi/arm-gnu-toolchain-13.3.rel1-mingw-w64-i686-arm-none-eabi/bin/../lib/gcc/arm-none-eabi/13.3.1/thumb/v7-m/nofp\libg.a(libc_a-memmove.o)
 .ARM.attributes
                0x00000b4c       0x2d E:/CLion2024/arm-gnu-toolchain-13.3.rel1-mingw-w64-i686-arm-none-eabi/arm-gnu-toolchain-13.3.rel1-mingw-w64-i686-arm-none-eabi/bin/../lib/gcc/arm-none-eabi/13.3.1/thumb/v7-m/nofp\libg.a(libc_a-assert.o)
 .ARM.attributes
                0x00000b79       0x2d E:/CLion2024/arm-gnu-toolchain-13.3.rel1-mingw-w64-i686-arm-none-eabi/arm-gnu-toolchain-13.3.rel1-mingw-w64-i686-arm-none-eabi/bin/../lib/gcc/arm-none-eabi/13.3.1/thumb/v7-m/nofp\libg.a(libc_a-callocr.o)
 .ARM.attributes
                0x00000ba6       0x2d E:/CLion2024/arm-gnu-toolchain-13.3.rel1-mingw-w64-i686-arm-none-eabi/arm-gnu-toolchain-13.3.rel1-mingw-w64-i686-arm-none-eabi/bin/../lib/gcc/arm-none-eabi/13.3.1/thumb/v7-m/nofp\libg.a(libc_a-reallocr.o)
 .ARM.attributes
                0x00000bd3       0x2d E:/CLion2024/arm-gnu-toolchain-13.3.rel1-mingw-w64-i686-arm-none-eabi/arm-gnu-toolchain-13.3.rel1-mingw-w64-i686-arm-none-eabi/bin/../lib/gcc/arm-none-eabi/13.3.1/thumb/v7-m/nofp\libg.a(libc_a-wcsnrtombs.o)
 .ARM.attributes
                0x00000c00       0x2d E:/CLion2024/arm-gnu-toolchain-13.3.rel1-mingw-w64-i686-arm-none-eabi/arm-gnu-toolchain-13.3.rel1-mingw-w64-i686-arm-none-eabi/bin/../lib/gcc/arm-none-eabi/13.3.1/thumb/v7-m/nofp\libg.a(libc_a-fiprintf.o)
 .ARM.attributes
                0x00000c2d       0x2d E:/CLion2024/arm-gnu-toolchain-13.3.rel1-mingw-w64-i686-arm-none-eabi/arm-gnu-toolchain-13.3.rel1-mingw-w64-i686-arm-none-eabi/bin/../lib/gcc/arm-none-eabi/13.3.1/thumb/v7-m/nofp\libg.a(libc_a-vfiprintf.o)
 .ARM.attributes
                0x00000c5a       0x2d E:/CLion2024/arm-gnu-toolchain-13.3.rel1-mingw-w64-i686-arm-none-eabi/arm-gnu-toolchain-13.3.rel1-mingw-w64-i686-arm-none-eabi/bin/../lib/gcc/arm-none-eabi/13.3.1/thumb/v7-m/nofp\libg.a(libc_a-sprint_r.o)
 .ARM.attributes
                0x00000c87       0x2d E:/CLion2024/arm-gnu-toolchain-13.3.rel1-mingw-w64-i686-arm-none-eabi/arm-gnu-toolchain-13.3.rel1-mingw-w64-i686-arm-none-eabi/bin/../lib/gcc/arm-none-eabi/13.3.1/thumb/v7-m/nofp\libg.a(libc_a-fvwrite.o)
 .ARM.attributes
                0x00000cb4       0x2d E:/CLion2024/arm-gnu-toolchain-13.3.rel1-mingw-w64-i686-arm-none-eabi/arm-gnu-toolchain-13.3.rel1-mingw-w64-i686-arm-none-eabi/bin/../lib/gcc/arm-none-eabi/13.3.1/thumb/v7-m/nofp\libg.a(libc_a-wsetup.o)
 .ARM.attributes
                0x00000ce1       0x2d E:/CLion2024/arm-gnu-toolchain-13.3.rel1-mingw-w64-i686-arm-none-eabi/arm-gnu-toolchain-13.3.rel1-mingw-w64-i686-arm-none-eabi/bin/../lib/gcc/arm-none-eabi/13.3.1/thumb/v7-m/nofp\libg.a(libc_a-abort.o)
 .ARM.attributes
                0x00000d0e       0x2d E:/CLion2024/arm-gnu-toolchain-13.3.rel1-mingw-w64-i686-arm-none-eabi/arm-gnu-toolchain-13.3.rel1-mingw-w64-i686-arm-none-eabi/bin/../lib/gcc/arm-none-eabi/13.3.1/thumb/v7-m/nofp\libg.a(libc_a-makebuf.o)
 .ARM.attributes
                0x00000d3b       0x2d E:/CLion2024/arm-gnu-toolchain-13.3.rel1-mingw-w64-i686-arm-none-eabi/arm-gnu-toolchain-13.3.rel1-mingw-w64-i686-arm-none-eabi/bin/../lib/gcc/arm-none-eabi/13.3.1/thumb/v7-m/nofp\libg.a(libc_a-signal.o)
 .ARM.attributes
                0x00000d68       0x2d E:/CLion2024/arm-gnu-toolchain-13.3.rel1-mingw-w64-i686-arm-none-eabi/arm-gnu-toolchain-13.3.rel1-mingw-w64-i686-arm-none-eabi/bin/../lib/gcc/arm-none-eabi/13.3.1/thumb/v7-m/nofp\libg.a(libc_a-fstatr.o)
 .ARM.attributes
                0x00000d95       0x2d E:/CLion2024/arm-gnu-toolchain-13.3.rel1-mingw-w64-i686-arm-none-eabi/arm-gnu-toolchain-13.3.rel1-mingw-w64-i686-arm-none-eabi/bin/../lib/gcc/arm-none-eabi/13.3.1/thumb/v7-m/nofp\libg.a(libc_a-isattyr.o)
 .ARM.attributes
                0x00000dc2       0x2d E:/CLion2024/arm-gnu-toolchain-13.3.rel1-mingw-w64-i686-arm-none-eabi/arm-gnu-toolchain-13.3.rel1-mingw-w64-i686-arm-none-eabi/bin/../lib/gcc/arm-none-eabi/13.3.1/thumb/v7-m/nofp\libg.a(libc_a-signalr.o)
 .ARM.attributes
                0x00000def       0x1d E:/CLion2024/arm-gnu-toolchain-13.3.rel1-mingw-w64-i686-arm-none-eabi/arm-gnu-toolchain-13.3.rel1-mingw-w64-i686-arm-none-eabi/bin/../lib/gcc/arm-none-eabi/13.3.1/thumb/v7-m/nofp\libgcc.a(_arm_muldivdf3.o)
 .ARM.attributes
                0x00000e0c       0x1d E:/CLion2024/arm-gnu-toolchain-13.3.rel1-mingw-w64-i686-arm-none-eabi/arm-gnu-toolchain-13.3.rel1-mingw-w64-i686-arm-none-eabi/bin/../lib/gcc/arm-none-eabi/13.3.1/thumb/v7-m/nofp\libgcc.a(_arm_cmpdf2.o)
 .ARM.attributes
                0x00000e29       0x1d E:/CLion2024/arm-gnu-toolchain-13.3.rel1-mingw-w64-i686-arm-none-eabi/arm-gnu-toolchain-13.3.rel1-mingw-w64-i686-arm-none-eabi/bin/../lib/gcc/arm-none-eabi/13.3.1/thumb/v7-m/nofp\libgcc.a(_arm_unorddf2.o)
 .ARM.attributes
                0x00000e46       0x2d E:/CLion2024/arm-gnu-toolchain-13.3.rel1-mingw-w64-i686-arm-none-eabi/arm-gnu-toolchain-13.3.rel1-mingw-w64-i686-arm-none-eabi/bin/../lib/gcc/arm-none-eabi/13.3.1/thumb/v7-m/nofp/crtend.o
 .ARM.attributes
                0x00000e73       0x1d E:/CLion2024/arm-gnu-toolchain-13.3.rel1-mingw-w64-i686-arm-none-eabi/arm-gnu-toolchain-13.3.rel1-mingw-w64-i686-arm-none-eabi/bin/../lib/gcc/arm-none-eabi/13.3.1/thumb/v7-m/nofp/crtn.o
OUTPUT(OLED.elf elf32-littlearm)
LOAD linker stubs
LOAD E:/CLion2024/arm-gnu-toolchain-13.3.rel1-mingw-w64-i686-arm-none-eabi/arm-gnu-toolchain-13.3.rel1-mingw-w64-i686-arm-none-eabi/bin/../lib/gcc/arm-none-eabi/13.3.1/thumb/v7-m/nofp\libc.a
LOAD E:/CLion2024/arm-gnu-toolchain-13.3.rel1-mingw-w64-i686-arm-none-eabi/arm-gnu-toolchain-13.3.rel1-mingw-w64-i686-arm-none-eabi/bin/../lib/gcc/arm-none-eabi/13.3.1/thumb/v7-m/nofp\libm.a
LOAD E:/CLion2024/arm-gnu-toolchain-13.3.rel1-mingw-w64-i686-arm-none-eabi/arm-gnu-toolchain-13.3.rel1-mingw-w64-i686-arm-none-eabi/bin/../lib/gcc/arm-none-eabi/13.3.1/thumb/v7-m/nofp\libgcc.a

.debug_info     0x00000000     0xa843
 .debug_info    0x00000000      0x5b5 CMakeFiles/OLED.elf.dir/Core/Src/ball_game.c.obj
 .debug_info    0x000005b5      0x4b0 CMakeFiles/OLED.elf.dir/Core/Src/font.c.obj
 .debug_info    0x00000a65      0x2a6 CMakeFiles/OLED.elf.dir/Core/Src/gpio.c.obj
 .debug_info    0x00000d0b      0x857 CMakeFiles/OLED.elf.dir/Core/Src/i2c.c.obj
 .debug_info    0x00001562      0x29d CMakeFiles/OLED.elf.dir/Core/Src/key.c.obj
 .debug_info    0x000017ff      0x3b4 CMakeFiles/OLED.elf.dir/Core/Src/main.c.obj
 .debug_info    0x00001bb3     0x20d7 CMakeFiles/OLED.elf.dir/Core/Src/oled.c.obj
 .debug_info    0x00003c8a      0x1f4 CMakeFiles/OLED.elf.dir/Core/Src/stm32f1xx_hal_msp.c.obj
 .debug_info    0x00003e7e      0x11d CMakeFiles/OLED.elf.dir/Core/Src/stm32f1xx_it.c.obj
 .debug_info    0x00003f9b      0x789 CMakeFiles/OLED.elf.dir/Core/Src/syscalls.c.obj
 .debug_info    0x00004724      0x171 CMakeFiles/OLED.elf.dir/Core/Src/sysmem.c.obj
 .debug_info    0x00004895      0x22d CMakeFiles/OLED.elf.dir/Core/Src/system_stm32f1xx.c.obj
 .debug_info    0x00004ac2       0x30 CMakeFiles/OLED.elf.dir/Core/Startup/startup_stm32f103c8tx.s.obj
 .debug_info    0x00004af2      0x7a2 CMakeFiles/OLED.elf.dir/Drivers/STM32F1xx_HAL_Driver/Src/stm32f1xx_hal.c.obj