Archive member included to satisfy reference by file (symbol)

E:/CLion2024/arm-gnu-toolchain-13.3.rel1-mingw-w64-i686-arm-none-eabi/arm-gnu-toolchain-13.3.rel1-mingw-w64-i686-arm-none-eabi/bin/../lib/gcc/arm-none-eabi/13.3.1/thumb/v7e-m+fp/hard\libgcc.a(_arm_muldf3.o)
                              CMakeFiles/omni-infantry.elf.dir/application/Chassis.c.obj (__aeabi_dmul)
E:/CLion2024/arm-gnu-toolchain-13.3.rel1-mingw-w64-i686-arm-none-eabi/arm-gnu-toolchain-13.3.rel1-mingw-w64-i686-arm-none-eabi/bin/../lib/gcc/arm-none-eabi/13.3.1/thumb/v7e-m+fp/hard\libgcc.a(_arm_addsubdf3.o)
                              CMakeFiles/omni-infantry.elf.dir/application/Chassis.c.obj (__aeabi_i2d)
E:/CLion2024/arm-gnu-toolchain-13.3.rel1-mingw-w64-i686-arm-none-eabi/arm-gnu-toolchain-13.3.rel1-mingw-w64-i686-arm-none-eabi/bin/../lib/gcc/arm-none-eabi/13.3.1/thumb/v7e-m+fp/hard\libgcc.a(_arm_cmpdf2.o)
                              CMakeFiles/omni-infantry.elf.dir/application/Chassis.c.obj (__aeabi_dcmplt)
E:/CLion2024/arm-gnu-toolchain-13.3.rel1-mingw-w64-i686-arm-none-eabi/arm-gnu-toolchain-13.3.rel1-mingw-w64-i686-arm-none-eabi/bin/../lib/gcc/arm-none-eabi/13.3.1/thumb/v7e-m+fp/hard\libgcc.a(_arm_truncdfsf2.o)
                              CMakeFiles/omni-infantry.elf.dir/application/Chassis.c.obj (__aeabi_d2f)
E:/CLion2024/arm-gnu-toolchain-13.3.rel1-mingw-w64-i686-arm-none-eabi/arm-gnu-toolchain-13.3.rel1-mingw-w64-i686-arm-none-eabi/bin/../lib/gcc/arm-none-eabi/13.3.1/thumb/v7e-m+fp/hard\libgcc.a(_aeabi_uldivmod.o)
                              CMakeFiles/omni-infantry.elf.dir/Drivers/STM32F4xx_HAL_Driver/Src/stm32f4xx_hal_rcc.c.obj (__aeabi_uldivmod)
E:/CLion2024/arm-gnu-toolchain-13.3.rel1-mingw-w64-i686-arm-none-eabi/arm-gnu-toolchain-13.3.rel1-mingw-w64-i686-arm-none-eabi/bin/../lib/gcc/arm-none-eabi/13.3.1/thumb/v7e-m+fp/hard\libgcc.a(_udivmoddi4.o)
                              E:/CLion2024/arm-gnu-toolchain-13.3.rel1-mingw-w64-i686-arm-none-eabi/arm-gnu-toolchain-13.3.rel1-mingw-w64-i686-arm-none-eabi/bin/../lib/gcc/arm-none-eabi/13.3.1/thumb/v7e-m+fp/hard\libgcc.a(_aeabi_uldivmod.o) (__udivmoddi4)
E:/CLion2024/arm-gnu-toolchain-13.3.rel1-mingw-w64-i686-arm-none-eabi/arm-gnu-toolchain-13.3.rel1-mingw-w64-i686-arm-none-eabi/bin/../lib/gcc/arm-none-eabi/13.3.1/thumb/v7e-m+fp/hard\libgcc.a(_dvmd_tls.o)
                              E:/CLion2024/arm-gnu-toolchain-13.3.rel1-mingw-w64-i686-arm-none-eabi/arm-gnu-toolchain-13.3.rel1-mingw-w64-i686-arm-none-eabi/bin/../lib/gcc/arm-none-eabi/13.3.1/thumb/v7e-m+fp/hard\libgcc.a(_aeabi_uldivmod.o) (__aeabi_ldiv0)
E:/CLion2024/arm-gnu-toolchain-13.3.rel1-mingw-w64-i686-arm-none-eabi/arm-gnu-toolchain-13.3.rel1-mingw-w64-i686-arm-none-eabi/bin/../lib/gcc/arm-none-eabi/13.3.1/thumb/v7e-m+fp/hard\libg.a(libc_a-exit.o)
                              E:/CLion2024/arm-gnu-toolchain-13.3.rel1-mingw-w64-i686-arm-none-eabi/arm-gnu-toolchain-13.3.rel1-mingw-w64-i686-arm-none-eabi/bin/../lib/gcc/arm-none-eabi/13.3.1/thumb/v7e-m+fp/hard/crt0.o (exit)
E:/CLion2024/arm-gnu-toolchain-13.3.rel1-mingw-w64-i686-arm-none-eabi/arm-gnu-toolchain-13.3.rel1-mingw-w64-i686-arm-none-eabi/bin/../lib/gcc/arm-none-eabi/13.3.1/thumb/v7e-m+fp/hard\libg.a(libc_a-malloc.o)
                              CMakeFiles/omni-infantry.elf.dir/component/support/fifo.c.obj (malloc)
E:/CLion2024/arm-gnu-toolchain-13.3.rel1-mingw-w64-i686-arm-none-eabi/arm-gnu-toolchain-13.3.rel1-mingw-w64-i686-arm-none-eabi/bin/../lib/gcc/arm-none-eabi/13.3.1/thumb/v7e-m+fp/hard\libg.a(libc_a-mallocr.o)
                              E:/CLion2024/arm-gnu-toolchain-13.3.rel1-mingw-w64-i686-arm-none-eabi/arm-gnu-toolchain-13.3.rel1-mingw-w64-i686-arm-none-eabi/bin/../lib/gcc/arm-none-eabi/13.3.1/thumb/v7e-m+fp/hard\libg.a(libc_a-malloc.o) (_malloc_r)
E:/CLion2024/arm-gnu-toolchain-13.3.rel1-mingw-w64-i686-arm-none-eabi/arm-gnu-toolchain-13.3.rel1-mingw-w64-i686-arm-none-eabi/bin/../lib/gcc/arm-none-eabi/13.3.1/thumb/v7e-m+fp/hard\libg.a(libc_a-mlock.o)
                              E:/CLion2024/arm-gnu-toolchain-13.3.rel1-mingw-w64-i686-arm-none-eabi/arm-gnu-toolchain-13.3.rel1-mingw-w64-i686-arm-none-eabi/bin/../lib/gcc/arm-none-eabi/13.3.1/thumb/v7e-m+fp/hard\libg.a(libc_a-mallocr.o) (__malloc_lock)
E:/CLion2024/arm-gnu-toolchain-13.3.rel1-mingw-w64-i686-arm-none-eabi/arm-gnu-toolchain-13.3.rel1-mingw-w64-i686-arm-none-eabi/bin/../lib/gcc/arm-none-eabi/13.3.1/thumb/v7e-m+fp/hard\libg.a(libc_a-findfp.o)
                              E:/CLion2024/arm-gnu-toolchain-13.3.rel1-mingw-w64-i686-arm-none-eabi/arm-gnu-toolchain-13.3.rel1-mingw-w64-i686-arm-none-eabi/bin/../lib/gcc/arm-none-eabi/13.3.1/thumb/v7e-m+fp/hard\libg.a(libc_a-exit.o) (__stdio_exit_handler)
E:/CLion2024/arm-gnu-toolchain-13.3.rel1-mingw-w64-i686-arm-none-eabi/arm-gnu-toolchain-13.3.rel1-mingw-w64-i686-arm-none-eabi/bin/../lib/gcc/arm-none-eabi/13.3.1/thumb/v7e-m+fp/hard\libg.a(libc_a-fwalk.o)
[...]
Memory Configuration

Name             Origin             Length             Attributes
CCMRAM           0x10000000         0x00010000         xrw
RAM              0x20000000         0x00020000         xrw
FLASH            0x08000000         0x00100000         xr
*default*        0x00000000         0xffffffff

Linker script and memory map

LOAD E:/CLion2024/arm-gnu-toolchain-13.3.rel1-mingw-w64-i686-arm-none-eabi/arm-gnu-toolchain-13.3.rel1-mingw-w64-i686-arm-none-eabi/bin/../lib/gcc/arm-none-eabi/13.3.1/thumb/v7e-m+fp/hard/crti.o
LOAD E:/CLion2024/arm-gnu-toolchain-13.3.rel1-mingw-w64-i686-arm-none-eabi/arm-gnu-toolchain-13.3.rel1-mingw-w64-i686-arm-none-eabi/bin/../lib/gcc/arm-none-eabi/13.3.1/thumb/v7e-m+fp/hard/crtbegin.o
LOAD E:/CLion2024/arm-gnu-toolchain-13.3.rel1-mingw-w64-i686-arm-none-eabi/arm-gnu-toolchain-13.3.rel1-mingw-w64-i686-arm-none-eabi/bin/../lib/gcc/arm-none-eabi/13.3.1/thumb/v7e-m+fp/hard/crt0.o
LOAD CMakeFiles/omni-infantry.elf.dir/Core/Src/adc.c.obj
LOAD CMakeFiles/omni-infantry.elf.dir/Core/Src/can.c.obj
LOAD CMakeFiles/omni-infantry.elf.dir/Core/Src/crc.c.obj
LOAD CMakeFiles/omni-infantry.elf.dir/Core/Src/dma.c.obj
LOAD CMakeFiles/omni-infantry.elf.dir/Core/Src/freertos.c.obj
LOAD CMakeFiles/omni-infantry.elf.dir/Core/Src/gpio.c.obj
LOAD CMakeFiles/omni-infantry.elf.dir/Core/Src/main.c.obj
LOAD CMakeFiles/omni-infantry.elf.dir/Core/Src/rng.c.obj
LOAD CMakeFiles/omni-infantry.elf.dir/Core/Src/spi.c.obj
LOAD CMakeFiles/omni-infantry.elf.dir/Core/Src/stm32f4xx_hal_msp.c.obj
LOAD CMakeFiles/omni-infantry.elf.dir/Core/Src/stm32f4xx_it.c.obj
LOAD CMakeFiles/omni-infantry.elf.dir/Core/Src/syscalls.c.obj
LOAD CMakeFiles/omni-infantry.elf.dir/Core/Src/sysmem.c.obj
LOAD CMakeFiles/omni-infantry.elf.dir/Core/Src/system_stm32f4xx.c.obj
LOAD CMakeFiles/omni-infantry.elf.dir/Core/Src/tim.c.obj
LOAD CMakeFiles/omni-infantry.elf.dir/Core/Src/usart.c.obj
LOAD CMakeFiles/omni-infantry.elf.dir/Core/Startup/startup_stm32f407ighx.s.obj
LOAD CMakeFiles/omni-infantry.elf.dir/Drivers/STM32F4xx_HAL_Driver/Src/stm32f4xx_hal.c.obj
LOAD CMakeFiles/omni-infantry.elf.dir/Drivers/STM32F4xx_HAL_Driver/Src/stm32f4xx_hal_adc.c.obj
LOAD CMakeFiles/omni-infantry.elf.dir/Drivers/STM32F4xx_HAL_Driver/Src/stm32f4xx_hal_adc_ex.c.obj
LOAD CMakeFiles/omni-infantry.elf.dir/Drivers/STM32F4xx_HAL_Driver/Src/stm32f4xx_hal_can.c.obj
LOAD CMakeFiles/omni-infantry.elf.dir/Drivers/STM32F4xx_HAL_Driver/Src/stm32f4xx_hal_cortex.c.obj
LOAD CMakeFiles/omni-infantry.elf.dir/Drivers/STM32F4xx_HAL_Driver/Src/stm32f4xx_hal_crc.c.obj
LOAD CMakeFiles/omni-infantry.elf.dir/Drivers/STM32F4xx_HAL_Driver/Src/stm32f4xx_hal_dma.c.obj
LOAD CMakeFiles/omni-infantry.elf.dir/Drivers/STM32F4xx_HAL_Driver/Src/stm32f4xx_hal_dma_ex.c.obj
LOAD CMakeFiles/omni-infantry.elf.dir/Drivers/STM32F4xx_HAL_Driver/Src/stm32f4xx_hal_exti.c.obj
LOAD CMakeFiles/omni-infantry.elf.dir/Drivers/STM32F4xx_HAL_Driver/Src/stm32f4xx_hal_flash.c.obj
LOAD CMakeFiles/omni-infantry.elf.dir/Drivers/STM32F4xx_HAL_Driver/Src/stm32f4xx_hal_flash_ex.c.obj
LOAD CMakeFiles/omni-infantry.elf.dir/Drivers/STM32F4xx_HAL_Driver/Src/stm32f4xx_hal_flash_ramfunc.c.obj
LOAD CMakeFiles/omni-infantry.elf.dir/Drivers/STM32F4xx_HAL_Driver/Src/stm32f4xx_hal_gpio.c.obj
LOAD CMakeFiles/omni-infantry.elf.dir/Drivers/STM32F4xx_HAL_Driver/Src/stm32f4xx_hal_pcd.c.obj
LOAD CMakeFiles/omni-infantry.elf.dir/Drivers/STM32F4xx_HAL_Driver/Src/stm32f4xx_hal_pcd_ex.c.obj
LOAD CMakeFiles/omni-infantry.elf.dir/Drivers/STM32F4xx_HAL_Driver/Src/stm32f4xx_hal_pwr.c.obj
LOAD CMakeFiles/omni-infantry.elf.dir/Drivers/STM32F4xx_HAL_Driver/Src/stm32f4xx_hal_pwr_ex.c.obj
LOAD CMakeFiles/omni-infantry.elf.dir/Drivers/STM32F4xx_HAL_Driver/Src/stm32f4xx_hal_rcc.c.obj
LOAD CMakeFiles/omni-infantry.elf.dir/Drivers/STM32F4xx_HAL_Driver/Src/stm32f4xx_hal_rcc_ex.c.obj
LOAD CMakeFiles/omni-infantry.elf.dir/Drivers/STM32F4xx_HAL_Driver/Src/stm32f4xx_hal_rng.c.obj
LOAD CMakeFiles/omni-infantry.elf.dir/Drivers/STM32F4xx_HAL_Driver/Src/stm32f4xx_hal_spi.c.obj
LOAD CMakeFiles/omni-infantry.elf.dir/Drivers/STM32F4xx_HAL_Driver/Src/stm32f4xx_hal_tim.c.obj
LOAD CMakeFiles/omni-infantry.elf.dir/Drivers/STM32F4xx_HAL_Driver/Src/stm32f4xx_hal_tim_ex.c.obj
LOAD CMakeFiles/omni-infantry.elf.dir/Drivers/STM32F4xx_HAL_Driver/Src/stm32f4xx_hal_uart.c.obj
LOAD CMakeFiles/omni-infantry.elf.dir/Drivers/STM32F4xx_HAL_Driver/Src/stm32f4xx_ll_adc.c.obj
LOAD CMakeFiles/omni-infantry.elf.dir/Drivers/STM32F4xx_HAL_Driver/Src/stm32f4xx_ll_usb.c.obj
LOAD CMakeFiles/omni-infantry.elf.dir/Middlewares/ST/STM32_USB_Device_Library/Class/CDC/Src/usbd_cdc.c.obj
LOAD CMakeFiles/omni-infantry.elf.dir/Middlewares/ST/STM32_USB_Device_Library/Core/Src/usbd_core.c.obj
LOAD CMakeFiles/omni-infantry.elf.dir/Middlewares/ST/STM32_USB_Device_Library/Core/Src/usbd_ctlreq.c.obj
LOAD CMakeFiles/omni-infantry.elf.dir/Middlewares/ST/STM32_USB_Device_Library/Core/Src/usbd_ioreq.c.obj
LOAD CMakeFiles/omni-infantry.elf.dir/Middlewares/Third_Party/FreeRTOS/Source/CMSIS_RTOS/cmsis_os.c.obj
LOAD CMakeFiles/omni-infantry.elf.dir/Middlewares/Third_Party/FreeRTOS/Source/croutine.c.obj
LOAD CMakeFiles/omni-infantry.elf.dir/Middlewares/Third_Party/FreeRTOS/Source/event_groups.c.obj
LOAD CMakeFiles/omni-infantry.elf.dir/Middlewares/Third_Party/FreeRTOS/Source/list.c.obj
LOAD CMakeFiles/omni-infantry.elf.dir/Middlewares/Third_Party/FreeRTOS/Source/portable/GCC/ARM_CM4F/port.c.obj
LOAD CMakeFiles/omni-infantry.elf.dir/Middlewares/Third_Party/FreeRTOS/Source/portable/MemMang/heap_4.c.obj
LOAD CMakeFiles/omni-infantry.elf.dir/Middlewares/Third_Party/FreeRTOS/Source/queue.c.obj
LOAD CMakeFiles/omni-infantry.elf.dir/Middlewares/Third_Party/FreeRTOS/Source/stream_buffer.c.obj
LOAD CMakeFiles/omni-infantry.elf.dir/Middlewares/Third_Party/FreeRTOS/Source/tasks.c.obj
LOAD CMakeFiles/omni-infantry.elf.dir/Middlewares/Third_Party/FreeRTOS/Source/timers.c.obj
LOAD CMakeFiles/omni-infantry.elf.dir/USB_DEVICE/App/usb_device.c.obj
LOAD CMakeFiles/omni-infantry.elf.dir/USB_DEVICE/App/usbd_cdc_if.c.obj
LOAD CMakeFiles/omni-infantry.elf.dir/USB_DEVICE/App/usbd_desc.c.obj
LOAD CMakeFiles/omni-infantry.elf.dir/USB_DEVICE/Target/usbd_conf.c.obj
LOAD CMakeFiles/omni-infantry.elf.dir/application/Atti.c.obj
LOAD CMakeFiles/omni-infantry.elf.dir/application/Auto.c.obj
LOAD CMakeFiles/omni-infantry.elf.dir/application/Calibrate.c.obj
LOAD CMakeFiles/omni-infantry.elf.dir/application/Cap.c.obj
LOAD CMakeFiles/omni-infantry.elf.dir/application/Chassis.c.obj
LOAD CMakeFiles/omni-infantry.elf.dir/application/Detection.c.obj
LOAD CMakeFiles/omni-infantry.elf.dir/application/Gimbal.c.obj
LOAD CMakeFiles/omni-infantry.elf.dir/application/Referee.c.obj
LOAD CMakeFiles/omni-infantry.elf.dir/application/can_receive.c.obj
LOAD CMakeFiles/omni-infantry.elf.dir/application/key_board.c.obj
LOAD CMakeFiles/omni-infantry.elf.dir/application/launcher.c.obj
LOAD CMakeFiles/omni-infantry.elf.dir/application/remote.c.obj
LOAD CMakeFiles/omni-infantry.elf.dir/application/usb_task.c.obj
LOAD CMakeFiles/omni-infantry.elf.dir/bsp/bsp_adc.c.obj
LOAD CMakeFiles/omni-infantry.elf.dir/bsp/bsp_buzzer.c.obj
LOAD CMakeFiles/omni-infantry.elf.dir/bsp/bsp_can.c.obj
LOAD CMakeFiles/omni-infantry.elf.dir/bsp/bsp_crc32.c.obj
LOAD CMakeFiles/omni-infantry.elf.dir/bsp/bsp_delay.c.obj
LOAD CMakeFiles/omni-infantry.elf.dir/bsp/bsp_flash.c.obj
LOAD CMakeFiles/omni-infantry.elf.dir/bsp/bsp_i2c.c.obj
LOAD CMakeFiles/omni-infantry.elf.dir/bsp/bsp_imu_pwm.c.obj
LOAD CMakeFiles/omni-infantry.elf.dir/bsp/bsp_laser.c.obj
LOAD CMakeFiles/omni-infantry.elf.dir/bsp/bsp_led.c.obj
LOAD CMakeFiles/omni-infantry.elf.dir/bsp/bsp_rc.c.obj
LOAD CMakeFiles/omni-infantry.elf.dir/bsp/bsp_servo_pwm.c.obj
LOAD CMakeFiles/omni-infantry.elf.dir/bsp/bsp_spi.c.obj
LOAD CMakeFiles/omni-infantry.elf.dir/bsp/bsp_usart.c.obj
LOAD CMakeFiles/omni-infantry.elf.dir/component/algorithm/AHRS.c.obj
LOAD CMakeFiles/omni-infantry.elf.dir/component/algorithm/AHRS_MiddleWare.c.obj
LOAD CMakeFiles/omni-infantry.elf.dir/component/algorithm/filter.c.obj
LOAD CMakeFiles/omni-infantry.elf.dir/component/algorithm/ramp.c.obj
LOAD CMakeFiles/omni-infantry.elf.dir/component/algorithm/user_lib.c.obj
LOAD CMakeFiles/omni-infantry.elf.dir/component/comunication/decode.c.obj
LOAD CMakeFiles/omni-infantry.elf.dir/component/comunication/packet.c.obj
LOAD CMakeFiles/omni-infantry.elf.dir/component/controller/PID.c.obj
LOAD CMakeFiles/omni-infantry.elf.dir/component/devices/BMI088Middleware.c.obj
LOAD CMakeFiles/omni-infantry.elf.dir/component/devices/BMI088driver.c.obj
LOAD CMakeFiles/omni-infantry.elf.dir/component/devices/test.c.obj
LOAD CMakeFiles/omni-infantry.elf.dir/component/support/CRC8_CRC16.c.obj
LOAD CMakeFiles/omni-infantry.elf.dir/component/support/fifo.c.obj
LOAD CMakeFiles/omni-infantry.elf.dir/component/support/mem_mang4.c.obj
START GROUP
LOAD E:/CLion2024/arm-gnu-toolchain-13.3.rel1-mingw-w64-i686-arm-none-eabi/arm-gnu-toolchain-13.3.rel1-mingw-w64-i686-arm-none-eabi/bin/../lib/gcc/arm-none-eabi/13.3.1/thumb/v7e-m+fp/hard\libgcc.a
LOAD E:/CLion2024/arm-gnu-toolchain-13.3.rel1-mingw-w64-i686-arm-none-eabi/arm-gnu-toolchain-13.3.rel1-mingw-w64-i686-arm-none-eabi/bin/../lib/gcc/arm-none-eabi/13.3.1/thumb/v7e-m+fp/hard\libg.a
LOAD E:/CLion2024/arm-gnu-toolchain-13.3.rel1-mingw-w64-i686-arm-none-eabi/arm-gnu-toolchain-13.3.rel1-mingw-w64-i686-arm-none-eabi/bin/../lib/gcc/arm-none-eabi/13.3.1/thumb/v7e-m+fp/hard\libc.a
END GROUP
LOAD E:/CLion2024/arm-gnu-toolchain-13.3.rel1-mingw-w64-i686-arm-none-eabi/arm-gnu-toolchain-13.3.rel1-mingw-w64-i686-arm-none-eabi/bin/../lib/gcc/arm-none-eabi/13.3.1/thumb/v7e-m+fp/hard/crtend.o
LOAD E:/CLion2024/arm-gnu-toolchain-13.3.rel1-mingw-w64-i686-arm-none-eabi/arm-gnu-toolchain-13.3.rel1-mingw-w64-i686-arm-none-eabi/bin/../lib/gcc/arm-none-eabi/13.3.1/thumb/v7e-m+fp/hard/crtn.o
                0x20020000                        _estack = (ORIGIN (RAM) + LENGTH (RAM))
                0x00002000                        _Min_Heap_Size = 0x2000
                0x00002000                        _Min_Stack_Size = 0x2000

.isr_vector     0x08000000      0x188
                0x08000000                        . = ALIGN (0x4)
 *(.isr_vector)
 .isr_vector    0x08000000      0x188 CMakeFiles/omni-infantry.elf.dir/Core/Startup/startup_stm32f407ighx.s.obj
                0x08000000                g_pfnVectors
                0x08000188                        . = ALIGN (0x4)

.text           0x080001c0    0x14ecc
                0x080001c0                        . = ALIGN (0x4)
 *(.text)
 .text          0x080001c0      0x378 E:/CLion2024/arm-gnu-toolchain-13.3.rel1-mingw-w64-i686-arm-none-eabi/arm-gnu-toolchain-13.3.rel1-mingw-w64-i686-arm-none-eabi/bin/../lib/gcc/arm-none-eabi/13.3.1/thumb/v7e-m+fp/hard\libgcc.a(_arm_addsubdf3.o)
                0x080001c0                __aeabi_drsub
                0x080001c8                __aeabi_dsub
                0x080001c8                __subdf3
                0x080001cc                __aeabi_dadd
                0x080001cc                __adddf3
                0x08000444                __floatunsidf
                0x08000444                __aeabi_ui2d
                0x08000464                __floatsidf
                0x08000464                __aeabi_i2d
                0x08000488                __aeabi_f2d
                0x08000488                __extendsfdf2
                0x080004cc                __floatundidf
                0x080004cc                __aeabi_ul2d
                0x080004dc                __floatdidf
                0x080004dc                __aeabi_l2d
 .text          0x08000538      0x110 E:/CLion2024/arm-gnu-toolchain-13.3.rel1-mingw-w64-i686-arm-none-eabi/arm-gnu-toolchain-13.3.rel1-mingw-w64-i686-arm-none-eabi/bin/../lib/gcc/arm-none-eabi/13.3.1/thumb/v7e-m+fp/hard\libgcc.a(_arm_cmpdf2.o)
                0x08000538                __gtdf2
                0x08000538                __gedf2
                0x08000540                __ltdf2
                0x08000540                __ledf2
                0x08000548                __nedf2
                0x08000548                __eqdf2
                0x08000548                __cmpdf2
                0x080005c4                __aeabi_cdrcmple
                0x080005d4                __aeabi_cdcmpeq
                0x080005d4                __aeabi_cdcmple
                0x080005e4                __aeabi_dcmpeq
                0x080005f8                __aeabi_dcmplt
                0x0800060c                __aeabi_dcmple
                0x08000620                __aeabi_dcmpge
                0x08000634                __aeabi_dcmpgt
 .text          0x08000648       0xa0 E:/CLion2024/arm-gnu-toolchain-13.3.rel1-mingw-w64-i686-arm-none-eabi/arm-gnu-toolchain-13.3.rel1-mingw-w64-i686-arm-none-eabi/bin/../lib/gcc/arm-none-eabi/13.3.1/thumb/v7e-m+fp/hard\libgcc.a(_arm_truncdfsf2.o)
                0x08000648                __truncdfsf2
                0x08000648                __aeabi_d2f
 .text          0x080006e8       0x30 E:/CLion2024/arm-gnu-toolchain-13.3.rel1-mingw-w64-i686-arm-none-eabi/arm-gnu-toolchain-13.3.rel1-mingw-w64-i686-arm-none-eabi/bin/../lib/gcc/arm-none-eabi/13.3.1/thumb/v7e-m+fp/hard\libgcc.a(_aeabi_uldivmod.o)
                0x080006e8                __aeabi_uldivmod
 .text          0x08000718        0x4 E:/CLion2024/arm-gnu-toolchain-13.3.rel1-mingw-w64-i686-arm-none-eabi/arm-gnu-toolchain-13.3.rel1-mingw-w64-i686-arm-none-eabi/bin/../lib/gcc/arm-none-eabi/13.3.1/thumb/v7e-m+fp/hard\libgcc.a(_dvmd_tls.o)
                0x08000718                __aeabi_idiv0
                0x08000718                __aeabi_ldiv0
 .text          0x0800071c      0x134 E:/CLion2024/arm-gnu-toolchain-13.3.rel1-mingw-w64-i686-arm-none-eabi/arm-gnu-toolchain-13.3.rel1-mingw-w64-i686-arm-none-eabi/bin/../lib/gcc/arm-none-eabi/13.3.1/thumb/v7e-m+fp/hard\libg.a(libc_a-memcpy.o)
                0x0800071c                memcpy
 *fill*         0x08000850       0x30 
 .text          0x08000880       0xd8 E:/CLion2024/arm-gnu-toolchain-13.3.rel1-mingw-w64-i686-arm-none-eabi/arm-gnu-toolchain-13.3.rel1-mingw-w64-i686-arm-none-eabi/bin/../lib/gcc/arm-none-eabi/13.3.1/thumb/v7e-m+fp/hard\libg.a(libc_a-strlen.o)
                0x08000880                strlen
 .text          0x08000958      0x424 E:/CLion2024/arm-gnu-toolchain-13.3.rel1-mingw-w64-i686-arm-none-eabi/arm-gnu-toolchain-13.3.rel1-mingw-w64-i686-arm-none-eabi/bin/../lib/gcc/arm-none-eabi/13.3.1/thumb/v7e-m+fp/hard\libgcc.a(_arm_muldivdf3.o)
                0x08000958                __aeabi_dmul
                0x08000958                __muldf3
                0x08000bac                __divdf3
                0x08000bac                __aeabi_ddiv
 .text          0x08000d7c       0x2c E:/CLion2024/arm-gnu-toolchain-13.3.rel1-mingw-w64-i686-arm-none-eabi/arm-gnu-toolchain-13.3.rel1-mingw-w64-i686-arm-none-eabi/bin/../lib/gcc/arm-none-eabi/13.3.1/thumb/v7e-m+fp/hard\libgcc.a(_arm_unorddf2.o)
                0x08000d7c                __unorddf2
                0x08000d7c                __aeabi_dcmpun
 .text          0x08000da8       0x50 E:/CLion2024/arm-gnu-toolchain-13.3.rel1-mingw-w64-i686-arm-none-eabi/arm-gnu-toolchain-13.3.rel1-mingw-w64-i686-arm-none-eabi/bin/../lib/gcc/arm-none-eabi/13.3.1/thumb/v7e-m+fp/hard\libgcc.a(_arm_fixdfsi.o)
                0x08000da8                __aeabi_d2iz
                0x08000da8                __fixdfsi
 *(.text*)
 .text.deregister_tm_clones
                0x08000df8       0x1c E:/CLion2024/arm-gnu-toolchain-13.3.rel1-mingw-w64-i686-arm-none-eabi/arm-gnu-toolchain-13.3.rel1-mingw-w64-i686-arm-none-eabi/bin/../lib/gcc/arm-none-eabi/13.3.1/thumb/v7e-m+fp/hard/crtbegin.o
 .text.register_tm_clones
                0x08000e14       0x24 E:/CLion2024/arm-gnu-toolchain-13.3.rel1-mingw-w64-i686-arm-none-eabi/arm-gnu-toolchain-13.3.rel1-mingw-w64-i686-arm-none-eabi/bin/../lib/gcc/arm-none-eabi/13.3.1/thumb/v7e-m+fp/hard/crtbegin.o
 .text.__do_global_dtors_aux
                0x08000e38       0x28 E:/CLion2024/arm-gnu-toolchain-13.3.rel1-mingw-w64-i686-arm-none-eabi/arm-gnu-toolchain-13.3.rel1-mingw-w64-i686-arm-none-eabi/bin/../lib/gcc/arm-none-eabi/13.3.1/thumb/v7e-m+fp/hard/crtbegin.o
 .text.frame_dummy
                0x08000e60       0x24 E:/CLion2024/arm-gnu-toolchain-13.3.rel1-mingw-w64-i686-arm-none-eabi/arm-gnu-toolchain-13.3.rel1-mingw-w64-i686-arm-none-eabi/bin/../lib/gcc/arm-none-eabi/13.3.1/thumb/v7e-m+fp/hard/crtbegin.o
 .text.MX_ADC1_Init
                0x08000e84       0x70 CMakeFiles/omni-infantry.elf.dir/Core/Src/adc.c.obj
                0x08000e84                MX_ADC1_Init
 .text.HAL_ADC_MspInit
                0x08000ef4       0x30 CMakeFiles/omni-infantry.elf.dir/Core/Src/adc.c.obj
                0x08000ef4                HAL_ADC_MspInit
 .text.MX_CAN1_Init
                0x08000f24       0x44 CMakeFiles/omni-infantry.elf.dir/Core/Src/can.c.obj
                0x08000f24                MX_CAN1_Init
 .text.MX_CAN2_Init
                0x08000f68       0x44 CMakeFiles/omni-infantry.elf.dir/Core/Src/can.c.obj
                0x08000f68                MX_CAN2_Init
 .text.HAL_CAN_MspInit
                0x08000fac      0x128 CMakeFiles/omni-infantry.elf.dir/Core/Src/can.c.obj
                0x08000fac                HAL_CAN_MspInit
 .text.MX_CRC_Init
                0x080010d4       0x20 CMakeFiles/omni-infantry.elf.dir/Core/Src/crc.c.obj
                0x080010d4                MX_CRC_Init
 .text.HAL_CRC_MspInit
                0x080010f4       0x30 CMakeFiles/omni-infantry.elf.dir/Core/Src/crc.c.obj
                0x080010f4                HAL_CRC_MspInit
 .text.MX_DMA_Init
                0x08001124       0x88 CMakeFiles/omni-infantry.elf.dir/Core/Src/dma.c.obj
                0x08001124                MX_DMA_Init
 .text.StartDefaultTask
                0x080011ac        0xe CMakeFiles/omni-infantry.elf.dir/Core/Src/freertos.c.obj
                0x080011ac                StartDefaultTask
 *fill*         0x080011ba        0x2 
 .text.vApplicationGetIdleTaskMemory
                0x080011bc       0x18 CMakeFiles/omni-infantry.elf.dir/Core/Src/freertos.c.obj
                0x080011bc                vApplicationGetIdleTaskMemory
 .text.MX_FREERTOS_Init
                0x080011d4      0x1a8 CMakeFiles/omni-infantry.elf.dir/Core/Src/freertos.c.obj
                0x080011d4                MX_FREERTOS_Init
 .text.MX_GPIO_Init
                0x0800137c      0x1e8 CMakeFiles/omni-infantry.elf.dir/Core/Src/gpio.c.obj
                0x0800137c                MX_GPIO_Init
 .text.Error_Handler
                0x08001564        0x4 CMakeFiles/omni-infantry.elf.dir/Core/Src/main.c.obj
                0x08001564                Error_Handler
 .text.SystemClock_Config
                0x08001568       0xa8 CMakeFiles/omni-infantry.elf.dir/Core/Src/main.c.obj
                0x08001568                SystemClock_Config
 .text.main     0x08001610       0xa8 CMakeFiles/omni-infantry.elf.dir/Core/Src/main.c.obj
                0x08001610                main
 .text.MX_RNG_Init
                0x080016b8       0x20 CMakeFiles/omni-infantry.elf.dir/Core/Src/rng.c.obj
                0x080016b8                MX_RNG_Init
 .text.HAL_RNG_MspInit
                0x080016d8       0x30 CMakeFiles/omni-infantry.elf.dir/Core/Src/rng.c.obj
                0x080016d8                HAL_RNG_MspInit
 .text.MX_SPI1_Init
                0x08001708       0x48 CMakeFiles/omni-infantry.elf.dir/Core/Src/spi.c.obj
                0x08001708                MX_SPI1_Init
 .text.HAL_SPI_MspInit
                0x08001750      0x130 CMakeFiles/omni-infantry.elf.dir/Core/Src/spi.c.obj
                0x08001750                HAL_SPI_MspInit
 .text.HAL_MspInit
                0x08001880       0x44 CMakeFiles/omni-infantry.elf.dir/Core/Src/stm32f4xx_hal_msp.c.obj
                0x08001880                HAL_MspInit
 .text.NMI_Handler
                0x080018c4        0x2 CMakeFiles/omni-infantry.elf.dir/Core/Src/stm32f4xx_it.c.obj
                0x080018c4                NMI_Handler
 .text.HardFault_Handler
                0x080018c6        0x2 CMakeFiles/omni-infantry.elf.dir/Core/Src/stm32f4xx_it.c.obj
                0x080018c6                HardFault_Handler
 .text.MemManage_Handler
                0x080018c8        0x2 CMakeFiles/omni-infantry.elf.dir/Core/Src/stm32f4xx_it.c.obj
                0x080018c8                MemManage_Handler
 .text.BusFault_Handler
                0x080018ca        0x2 CMakeFiles/omni-infantry.elf.dir/Core/Src/stm32f4xx_it.c.obj
                0x080018ca                BusFault_Handler
 .text.UsageFault_Handler
                0x080018cc        0x2 CMakeFiles/omni-infantry.elf.dir/Core/Src/stm32f4xx_it.c.obj
                0x080018cc                UsageFault_Handler
 .text.DebugMon_Handler
                0x080018ce        0x2 CMakeFiles/omni-infantry.elf.dir/Core/Src/stm32f4xx_it.c.obj
                0x080018ce                DebugMon_Handler
 .text.SysTick_Handler
                0x080018d0       0x16 CMakeFiles/omni-infantry.elf.dir/Core/Src/stm32f4xx_it.c.obj
                0x080018d0                SysTick_Handler
 .text.EXTI0_IRQHandler
                0x080018e6        0xa CMakeFiles/omni-infantry.elf.dir/Core/Src/stm32f4xx_it.c.obj
                0x080018e6                EXTI0_IRQHandler
 .text.EXTI4_IRQHandler
                0x080018f0        0xa CMakeFiles/omni-infantry.elf.dir/Core/Src/stm32f4xx_it.c.obj
                0x080018f0                EXTI4_IRQHandler
 *fill*         0x080018fa        0x2 
 .text.DMA1_Stream1_IRQHandler
                0x080018fc       0x10 CMakeFiles/omni-infantry.elf.dir/Core/Src/stm32f4xx_it.c.obj
                0x080018fc                DMA1_Stream1_IRQHandler
 .text.CAN1_RX0_IRQHandler
                0x0800190c       0x10 CMakeFiles/omni-infantry.elf.dir/Core/Src/stm32f4xx_it.c.obj
                0x0800190c                CAN1_RX0_IRQHandler
 .text.EXTI9_5_IRQHandler
                0x0800191c        0xa CMakeFiles/omni-infantry.elf.dir/Core/Src/stm32f4xx_it.c.obj
                0x0800191c                EXTI9_5_IRQHandler
 *fill*         0x08001926        0x2 
 .text.DMA2_Stream1_IRQHandler
                0x08001928       0x10 CMakeFiles/omni-infantry.elf.dir/Core/Src/stm32f4xx_it.c.obj
                0x08001928                DMA2_Stream1_IRQHandler
 .text.DMA2_Stream3_IRQHandler
                0x08001938       0x10 CMakeFiles/omni-infantry.elf.dir/Core/Src/stm32f4xx_it.c.obj
                0x08001938                DMA2_Stream3_IRQHandler
 .text.CAN2_RX0_IRQHandler
                0x08001948       0x10 CMakeFiles/omni-infantry.elf.dir/Core/Src/stm32f4xx_it.c.obj
                0x08001948                CAN2_RX0_IRQHandler
 .text.OTG_FS_IRQHandler
                0x08001958       0x10 CMakeFiles/omni-infantry.elf.dir/Core/Src/stm32f4xx_it.c.obj
                0x08001958                OTG_FS_IRQHandler
 .text.DMA2_Stream6_IRQHandler
                0x08001968       0x10 CMakeFiles/omni-infantry.elf.dir/Core/Src/stm32f4xx_it.c.obj
                0x08001968                DMA2_Stream6_IRQHandler
 .text.SystemInit
                0x08001978       0x14 CMakeFiles/omni-infantry.elf.dir/Core/Src/system_stm32f4xx.c.obj
                0x08001978                SystemInit
 .text.HAL_TIM_PWM_MspInit
                0x0800198c       0x78 CMakeFiles/omni-infantry.elf.dir/Core/Src/tim.c.obj
                0x0800198c                HAL_TIM_PWM_MspInit
 .text.HAL_TIM_Base_MspInit
                0x08001a04       0x78 CMakeFiles/omni-infantry.elf.dir/Core/Src/tim.c.obj
                0x08001a04                HAL_TIM_Base_MspInit
 .text.HAL_TIM_MspPostInit
                0x08001a7c      0x220 CMakeFiles/omni-infantry.elf.dir/Core/Src/tim.c.obj
                0x08001a7c                HAL_TIM_MspPostInit
 .text.MX_TIM1_Init
                0x08001c9c      0x120 CMakeFiles/omni-infantry.elf.dir/Core/Src/tim.c.obj
                0x08001c9c                MX_TIM1_Init
 .text.MX_TIM3_Init
                0x08001dbc       0x80 CMakeFiles/omni-infantry.elf.dir/Core/Src/tim.c.obj
                0x08001dbc                MX_TIM3_Init
 .text.MX_TIM4_Init
                0x08001e3c       0xb0 CMakeFiles/omni-infantry.elf.dir/Core/Src/tim.c.obj
                0x08001e3c                MX_TIM4_Init
 .text.MX_TIM5_Init
                0x08001eec       0xd4 CMakeFiles/omni-infantry.elf.dir/Core/Src/tim.c.obj
                0x08001eec                MX_TIM5_Init
 .text.MX_TIM8_Init
                0x08001fc0       0xd4 CMakeFiles/omni-infantry.elf.dir/Core/Src/tim.c.obj
                0x08001fc0                MX_TIM8_Init
 .text.MX_TIM10_Init
                0x08002094       0x74 CMakeFiles/omni-infantry.elf.dir/Core/Src/tim.c.obj
                0x08002094                MX_TIM10_Init
 .text.MX_USART3_UART_Init
                0x08002108       0x3c CMakeFiles/omni-infantry.elf.dir/Core/Src/usart.c.obj
                0x08002108                MX_USART3_UART_Init
 .text.MX_USART6_UART_Init
                0x08002144       0x34 CMakeFiles/omni-infantry.elf.dir/Core/Src/usart.c.obj
                0x08002144                MX_USART6_UART_Init
 .text.HAL_UART_MspInit
                0x08002178      0x1b0 CMakeFiles/omni-infantry.elf.dir/Core/Src/usart.c.obj
                0x08002178                HAL_UART_MspInit
 .text.Reset_Handler
                0x08002328       0x50 CMakeFiles/omni-infantry.elf.dir/Core/Startup/startup_stm32f407ighx.s.obj
                0x08002328                Reset_Handler
 .text.Default_Handler
                0x08002378        0x2 CMakeFiles/omni-infantry.elf.dir/Core/Startup/startup_stm32f407ighx.s.obj
                0x08002378                RTC_Alarm_IRQHandler
                0x08002378                HASH_RNG_IRQHandler
                0x08002378                EXTI2_IRQHandler
                0x08002378                TIM8_CC_IRQHandler
                0x08002378                TIM1_CC_IRQHandler
                0x08002378                DMA2_Stream5_IRQHandler
                0x08002378                DMA1_Stream5_IRQHandler
                0x08002378                PVD_IRQHandler
                0x08002378                SDIO_IRQHandler
                0x08002378                TAMP_STAMP_IRQHandler
                0x08002378                CAN2_RX1_IRQHandler
                0x08002378                EXTI3_IRQHandler
                0x08002378                TIM8_TRG_COM_TIM14_IRQHandler
                0x08002378                TIM1_UP_TIM10_IRQHandler
                0x08002378                TIM8_UP_TIM13_IRQHandler
                0x08002378                I2C3_ER_IRQHandler
                0x08002378                I2C2_EV_IRQHandler
                0x08002378                DMA1_Stream2_IRQHandler
                0x08002378                FPU_IRQHandler
                0x08002378                OTG_HS_WKUP_IRQHandler
                0x08002378                CAN2_SCE_IRQHandler
                0x08002378                SPI1_IRQHandler
                0x08002378                TIM6_DAC_IRQHandler
                0x08002378                TIM1_BRK_TIM9_IRQHandler
                0x08002378                DCMI_IRQHandler
                0x08002378                CAN1_RX1_IRQHandler
                0x08002378                UART5_IRQHandler
                0x08002378                DMA2_Stream0_IRQHandler
                0x08002378                TIM4_IRQHandler
                0x08002378                I2C1_EV_IRQHandler
                0x08002378                DMA1_Stream6_IRQHandler
                0x08002378                UART4_IRQHandler
                0x08002378                TIM3_IRQHandler
                0x08002378                RCC_IRQHandler
                0x08002378                TIM8_BRK_TIM12_IRQHandler
                0x08002378                Default_Handler
                0x08002378                EXTI15_10_IRQHandler
                0x08002378                ADC_IRQHandler
                0x08002378                DMA1_Stream7_IRQHandler
                0x08002378                TIM7_IRQHandler
                0x08002378                CAN2_TX_IRQHandler
                0x08002378                TIM5_IRQHandler
                0x08002378                DMA2_Stream7_IRQHandler
                0x08002378                I2C3_EV_IRQHandler
                0x08002378                RTC_WKUP_IRQHandler
                0x08002378                ETH_WKUP_IRQHandler
                0x08002378                SPI2_IRQHandler
                0x08002378                OTG_HS_EP1_IN_IRQHandler
                0x08002378                DMA1_Stream0_IRQHandler
                0x08002378                CAN1_TX_IRQHandler
                0x08002378                FSMC_IRQHandler
                0x08002378                ETH_IRQHandler
                0x08002378                OTG_HS_EP1_OUT_IRQHandler
                0x08002378                WWDG_IRQHandler
                0x08002378                TIM2_IRQHandler
                0x08002378                OTG_FS_WKUP_IRQHandler
                0x08002378                TIM1_TRG_COM_TIM11_IRQHandler
                0x08002378                OTG_HS_IRQHandler
                0x08002378                EXTI1_IRQHandler
                0x08002378                USART2_IRQHandler
                0x08002378                I2C2_ER_IRQHandler
                0x08002378                CAN1_SCE_IRQHandler
                0x08002378                FLASH_IRQHandler
                0x08002378                DMA2_Stream4_IRQHandler
                0x08002378                USART1_IRQHandler
                0x08002378                SPI3_IRQHandler
                0x08002378                DMA1_Stream4_IRQHandler
                0x08002378                I2C1_ER_IRQHandler
                0x08002378                DMA1_Stream3_IRQHandler
 *fill*         0x0800237a        0x2 
 .text.HAL_InitTick
                0x0800237c       0x4c CMakeFiles/omni-infantry.elf.dir/Drivers/STM32F4xx_HAL_Driver/Src/stm32f4xx_hal.c.obj
                0x0800237c                HAL_InitTick
 .text.HAL_Init
                0x080023c8       0x34 CMakeFiles/omni-infantry.elf.dir/Drivers/STM32F4xx_HAL_Driver/Src/stm32f4xx_hal.c.obj
                0x080023c8                HAL_Init
 .text.HAL_IncTick
                0x080023fc       0x18 CMakeFiles/omni-infantry.elf.dir/Drivers/STM32F4xx_HAL_Driver/Src/stm32f4xx_hal.c.obj
                0x080023fc                HAL_IncTick
 .text.HAL_GetTick
                0x08002414        0xc CMakeFiles/omni-infantry.elf.dir/Drivers/STM32F4xx_HAL_Driver/Src/stm32f4xx_hal.c.obj
                0x08002414                HAL_GetTick
 .text.HAL_Delay
                0x08002420       0x28 CMakeFiles/omni-infantry.elf.dir/Drivers/STM32F4xx_HAL_Driver/Src/stm32f4xx_hal.c.obj
                0x08002420                HAL_Delay
 .text.ADC_Init
                0x08002448      0x134 CMakeFiles/omni-infantry.elf.dir/Drivers/STM32F4xx_HAL_Driver/Src/stm32f4xx_hal_adc.c.obj
 .text.HAL_ADC_Init
                0x0800257c       0x56 CMakeFiles/omni-infantry.elf.dir/Drivers/STM32F4xx_HAL_Driver/Src/stm32f4xx_hal_adc.c.obj
                0x0800257c                HAL_ADC_Init
 *fill*         0x080025d2        0x2 
 .text.HAL_ADC_Start
                0x080025d4      0x144 CMakeFiles/omni-infantry.elf.dir/Drivers/STM32F4xx_HAL_Driver/Src/stm32f4xx_hal_adc.c.obj
                0x080025d4                HAL_ADC_Start
 .text.HAL_ADC_PollForConversion
                0x08002718       0xb8 CMakeFiles/omni-infantry.elf.dir/Drivers/STM32F4xx_HAL_Driver/Src/stm32f4xx_hal_adc.c.obj
                0x08002718                HAL_ADC_PollForConversion
 .text.HAL_ADC_GetValue
                0x080027d0        0x6 CMakeFiles/omni-infantry.elf.dir/Drivers/STM32F4xx_HAL_Driver/Src/stm32f4xx_hal_adc.c.obj
                0x080027d0                HAL_ADC_GetValue
 *fill*         0x080027d6        0x2 
 .text.HAL_ADC_ConfigChannel
                0x080027d8      0x194 CMakeFiles/omni-infantry.elf.dir/Drivers/STM32F4xx_HAL_Driver/Src/stm32f4xx_hal_adc.c.obj
                0x080027d8                HAL_ADC_ConfigChannel
 .text.HAL_CAN_Init
                0x0800296c      0x14c CMakeFiles/omni-infantry.elf.dir/Drivers/STM32F4xx_HAL_Driver/Src/stm32f4xx_hal_can.c.obj
                0x0800296c                HAL_CAN_Init
 .text.HAL_CAN_ConfigFilter
                0x08002ab8      0x138 CMakeFiles/omni-infantry.elf.dir/Drivers/STM32F4xx_HAL_Driver/Src/stm32f4xx_hal_can.c.obj
                0x08002ab8                HAL_CAN_ConfigFilter
 .text.HAL_CAN_Start
                0x08002bf0       0x5c CMakeFiles/omni-infantry.elf.dir/Drivers/STM32F4xx_HAL_Driver/Src/stm32f4xx_hal_can.c.obj
                0x08002bf0                HAL_CAN_Start
 .text.HAL_CAN_AddTxMessage
                0x08002c4c       0xfc CMakeFiles/omni-infantry.elf.dir/Drivers/STM32F4xx_HAL_Driver/Src/stm32f4xx_hal_can.c.obj
                0x08002c4c                HAL_CAN_AddTxMessage
 .text.HAL_CAN_GetRxMessage
                0x08002d48      0x14a CMakeFiles/omni-infantry.elf.dir/Drivers/STM32F4xx_HAL_Driver/Src/stm32f4xx_hal_can.c.obj
                0x08002d48                HAL_CAN_GetRxMessage
 .text.HAL_CAN_ActivateNotification
                0x08002e92       0x24 CMakeFiles/omni-infantry.elf.dir/Drivers/STM32F4xx_HAL_Driver/Src/stm32f4xx_hal_can.c.obj
                0x08002e92                HAL_CAN_ActivateNotification
 .text.HAL_CAN_TxMailbox0CompleteCallback
                0x08002eb6        0x2 CMakeFiles/omni-infantry.elf.dir/Drivers/STM32F4xx_HAL_Driver/Src/stm32f4xx_hal_can.c.obj
                0x08002eb6                HAL_CAN_TxMailbox0CompleteCallback
 .text.HAL_CAN_TxMailbox1CompleteCallback
                0x08002eb8        0x2 CMakeFiles/omni-infantry.elf.dir/Drivers/STM32F4xx_HAL_Driver/Src/stm32f4xx_hal_can.c.obj
                0x08002eb8                HAL_CAN_TxMailbox1CompleteCallback
 .text.HAL_CAN_TxMailbox2CompleteCallback
                0x08002eba        0x2 CMakeFiles/omni-infantry.elf.dir/Drivers/STM32F4xx_HAL_Driver/Src/stm32f4xx_hal_can.c.obj
                0x08002eba                HAL_CAN_TxMailbox2CompleteCallback
 .text.HAL_CAN_TxMailbox0AbortCallback
                0x08002ebc        0x2 CMakeFiles/omni-infantry.elf.dir/Drivers/STM32F4xx_HAL_Driver/Src/stm32f4xx_hal_can.c.obj
                0x08002ebc                HAL_CAN_TxMailbox0AbortCallback
 .text.HAL_CAN_TxMailbox1AbortCallback
                0x08002ebe        0x2 CMakeFiles/omni-infantry.elf.dir/Drivers/STM32F4xx_HAL_Driver/Src/stm32f4xx_hal_can.c.obj
                0x08002ebe                HAL_CAN_TxMailbox1AbortCallback
 .text.HAL_CAN_TxMailbox2AbortCallback
                0x08002ec0        0x2 CMakeFiles/omni-infantry.elf.dir/Drivers/STM32F4xx_HAL_Driver/Src/stm32f4xx_hal_can.c.obj
                0x08002ec0                HAL_CAN_TxMailbox2AbortCallback
 .text.HAL_CAN_RxFifo0FullCallback
                0x08002ec2        0x2 CMakeFiles/omni-infantry.elf.dir/Drivers/STM32F4xx_HAL_Driver/Src/stm32f4xx_hal_can.c.obj
                0x08002ec2                HAL_CAN_RxFifo0FullCallback
 .text.HAL_CAN_RxFifo1MsgPendingCallback
                0x08002ec4        0x2 CMakeFiles/omni-infantry.elf.dir/Drivers/STM32F4xx_HAL_Driver/Src/stm32f4xx_hal_can.c.obj
                0x08002ec4                HAL_CAN_RxFifo1MsgPendingCallback
 .text.HAL_CAN_RxFifo1FullCallback
                0x08002ec6        0x2 CMakeFiles/omni-infantry.elf.dir/Drivers/STM32F4xx_HAL_Driver/Src/stm32f4xx_hal_can.c.obj
                0x08002ec6                HAL_CAN_RxFifo1FullCallback
 .text.HAL_CAN_SleepCallback
                0x08002ec8        0x2 CMakeFiles/omni-infantry.elf.dir/Drivers/STM32F4xx_HAL_Driver/Src/stm32f4xx_hal_can.c.obj
                0x08002ec8                HAL_CAN_SleepCallback
 .text.HAL_CAN_WakeUpFromRxMsgCallback
                0x08002eca        0x2 CMakeFiles/omni-infantry.elf.dir/Drivers/STM32F4xx_HAL_Driver/Src/stm32f4xx_hal_can.c.obj
                0x08002eca                HAL_CAN_WakeUpFromRxMsgCallback
 .text.HAL_CAN_ErrorCallback
                0x08002ecc        0x2 CMakeFiles/omni-infantry.elf.dir/Drivers/STM32F4xx_HAL_Driver/Src/stm32f4xx_hal_can.c.obj
                0x08002ecc                HAL_CAN_ErrorCallback
 .text.HAL_CAN_IRQHandler
                0x08002ece      0x250 CMakeFiles/omni-infantry.elf.dir/Drivers/STM32F4xx_HAL_Driver/Src/stm32f4xx_hal_can.c.obj
                0x08002ece                HAL_CAN_IRQHandler
 *fill*         0x0800311e        0x2 
 .text.__NVIC_SetPriority
                0x08003120       0x28 CMakeFiles/omni-infantry.elf.dir/Drivers/STM32F4xx_HAL_Driver/Src/stm32f4xx_hal_cortex.c.obj
 .text.NVIC_EncodePriority
                0x08003148       0x3e CMakeFiles/omni-infantry.elf.dir/Drivers/STM32F4xx_HAL_Driver/Src/stm32f4xx_hal_cortex.c.obj
 *fill*         0x08003186        0x2 
 .text.HAL_NVIC_SetPriorityGrouping
                0x08003188       0x24 CMakeFiles/omni-infantry.elf.dir/Drivers/STM32F4xx_HAL_Driver/Src/stm32f4xx_hal_cortex.c.obj
                0x08003188                HAL_NVIC_SetPriorityGrouping
 .text.HAL_NVIC_SetPriority
                0x080031ac       0x20 CMakeFiles/omni-infantry.elf.dir/Drivers/STM32F4xx_HAL_Driver/Src/stm32f4xx_hal_cortex.c.obj
                0x080031ac                HAL_NVIC_SetPriority
 .text.HAL_NVIC_EnableIRQ
                0x080031cc       0x1c CMakeFiles/omni-infantry.elf.dir/Drivers/STM32F4xx_HAL_Driver/Src/stm32f4xx_hal_cortex.c.obj
                0x080031cc                HAL_NVIC_EnableIRQ
 .text.HAL_SYSTICK_Config
                0x080031e8       0x28 CMakeFiles/omni-infantry.elf.dir/Drivers/STM32F4xx_HAL_Driver/Src/stm32f4xx_hal_cortex.c.obj
                0x080031e8                HAL_SYSTICK_Config
 .text.HAL_CRC_Init
                0x08003210       0x1e CMakeFiles/omni-infantry.elf.dir/Drivers/STM32F4xx_HAL_Driver/Src/stm32f4xx_hal_crc.c.obj
                0x08003210                HAL_CRC_Init
 *fill*         0x0800322e        0x2 
 .text.DMA_CalcBaseAndBitshift
                0x08003230       0x3c CMakeFiles/omni-infantry.elf.dir/Drivers/STM32F4xx_HAL_Driver/Src/stm32f4xx_hal_dma.c.obj
 .text.DMA_CheckFifoParam
                0x0800326c       0x8e CMakeFiles/omni-infantry.elf.dir/Drivers/STM32F4xx_HAL_Driver/Src/stm32f4xx_hal_dma.c.obj
 *fill*         0x080032fa        0x2 
 .text.HAL_DMA_Init
                0x080032fc       0xcc CMakeFiles/omni-infantry.elf.dir/Drivers/STM32F4xx_HAL_Driver/Src/stm32f4xx_hal_dma.c.obj
                0x080032fc                HAL_DMA_Init
 .text.HAL_DMA_IRQHandler
                0x080033c8      0x1dc CMakeFiles/omni-infantry.elf.dir/Drivers/STM32F4xx_HAL_Driver/Src/stm32f4xx_hal_dma.c.obj
                0x080033c8                HAL_DMA_IRQHandler
 .text.FLASH_Program_DoubleWord
                0x080035a4       0x30 CMakeFiles/omni-infantry.elf.dir/Drivers/STM32F4xx_HAL_Driver/Src/stm32f4xx_hal_flash.c.obj
 .text.FLASH_Program_Word
                0x080035d4       0x24 CMakeFiles/omni-infantry.elf.dir/Drivers/STM32F4xx_HAL_Driver/Src/stm32f4xx_hal_flash.c.obj
 .text.FLASH_Program_HalfWord
                0x080035f8       0x24 CMakeFiles/omni-infantry.elf.dir/Drivers/STM32F4xx_HAL_Driver/Src/stm32f4xx_hal_flash.c.obj
 .text.FLASH_Program_Byte
                0x0800361c       0x20 CMakeFiles/omni-infantry.elf.dir/Drivers/STM32F4xx_HAL_Driver/Src/stm32f4xx_hal_flash.c.obj
 .text.FLASH_SetErrorCode
                0x0800363c       0x8c CMakeFiles/omni-infantry.elf.dir/Drivers/STM32F4xx_HAL_Driver/Src/stm32f4xx_hal_flash.c.obj
 .text.HAL_FLASH_Unlock
                0x080036c8       0x30 CMakeFiles/omni-infantry.elf.dir/Drivers/STM32F4xx_HAL_Driver/Src/stm32f4xx_hal_flash.c.obj
                0x080036c8                HAL_FLASH_Unlock
 .text.HAL_FLASH_Lock
                0x080036f8       0x14 CMakeFiles/omni-infantry.elf.dir/Drivers/STM32F4xx_HAL_Driver/Src/stm32f4xx_hal_flash.c.obj
                0x080036f8                HAL_FLASH_Lock
 .text.FLASH_WaitForLastOperation
                0x0800370c       0x60 CMakeFiles/omni-infantry.elf.dir/Drivers/STM32F4xx_HAL_Driver/Src/stm32f4xx_hal_flash.c.obj
                0x0800370c                FLASH_WaitForLastOperation
 .text.HAL_FLASH_Program
                0x0800376c       0x7c CMakeFiles/omni-infantry.elf.dir/Drivers/STM32F4xx_HAL_Driver/Src/stm32f4xx_hal_flash.c.obj
                0x0800376c                HAL_FLASH_Program
 .text.FLASH_MassErase
                0x080037e8       0x24 CMakeFiles/omni-infantry.elf.dir/Drivers/STM32F4xx_HAL_Driver/Src/stm32f4xx_hal_flash_ex.c.obj
 .text.FLASH_Erase_Sector
                0x0800380c       0x4c CMakeFiles/omni-infantry.elf.dir/Drivers/STM32F4xx_HAL_Driver/Src/stm32f4xx_hal_flash_ex.c.obj
                0x0800380c                FLASH_Erase_Sector
 .text.FLASH_FlushCaches
                0x08003858       0x60 CMakeFiles/omni-infantry.elf.dir/Drivers/STM32F4xx_HAL_Driver/Src/stm32f4xx_hal_flash_ex.c.obj
                0x08003858                FLASH_FlushCaches
 .text.HAL_FLASHEx_Erase
                0x080038b8       0x94 CMakeFiles/omni-infantry.elf.dir/Drivers/STM32F4xx_HAL_Driver/Src/stm32f4xx_hal_flash_ex.c.obj
                0x080038b8                HAL_FLASHEx_Erase
 .text.HAL_GPIO_Init
                0x0800394c      0x1ec CMakeFiles/omni-infantry.elf.dir/Drivers/STM32F4xx_HAL_Driver/Src/stm32f4xx_hal_gpio.c.obj
                0x0800394c                HAL_GPIO_Init
 .text.HAL_GPIO_WritePin
                0x08003b38        0xc CMakeFiles/omni-infantry.elf.dir/Drivers/STM32F4xx_HAL_Driver/Src/stm32f4xx_hal_gpio.c.obj
                0x08003b38                HAL_GPIO_WritePin
 .text.HAL_GPIO_EXTI_IRQHandler
                0x08003b44       0x1c CMakeFiles/omni-infantry.elf.dir/Drivers/STM32F4xx_HAL_Driver/Src/stm32f4xx_hal_gpio.c.obj
                0x08003b44                HAL_GPIO_EXTI_IRQHandler
 .text.PCD_WriteEmptyTxFifo
                0x08003b60       0xd0 CMakeFiles/omni-infantry.elf.dir/Drivers/STM32F4xx_HAL_Driver/Src/stm32f4xx_hal_pcd.c.obj
 .text.HAL_PCD_Init
                0x08003c30      0x12e CMakeFiles/omni-infantry.elf.dir/Drivers/STM32F4xx_HAL_Driver/Src/stm32f4xx_hal_pcd.c.obj
                0x08003c30                HAL_PCD_Init
 .text.HAL_PCD_Start
                0x08003d5e       0x42 CMakeFiles/omni-infantry.elf.dir/Drivers/STM32F4xx_HAL_Driver/Src/stm32f4xx_hal_pcd.c.obj
                0x08003d5e                HAL_PCD_Start
 .text.PCD_EP_OutXfrComplete_int
                0x08003da0      0x104 CMakeFiles/omni-infantry.elf.dir/Drivers/STM32F4xx_HAL_Driver/Src/stm32f4xx_hal_pcd.c.obj
 .text.PCD_EP_OutSetupPacket_int
                0x08003ea4       0x50 CMakeFiles/omni-infantry.elf.dir/Drivers/STM32F4xx_HAL_Driver/Src/stm32f4xx_hal_pcd.c.obj
 .text.HAL_PCD_SetAddress
                0x08003ef4       0x28 CMakeFiles/omni-infantry.elf.dir/Drivers/STM32F4xx_HAL_Driver/Src/stm32f4xx_hal_pcd.c.obj
                0x08003ef4                HAL_PCD_SetAddress
 .text.HAL_PCD_EP_Open
                0x08003f1c       0x8a CMakeFiles/omni-infantry.elf.dir/Drivers/STM32F4xx_HAL_Driver/Src/stm32f4xx_hal_pcd.c.obj
                0x08003f1c                HAL_PCD_EP_Open
 .text.HAL_PCD_EP_Close
                0x08003fa6       0x72 CMakeFiles/omni-infantry.elf.dir/Drivers/STM32F4xx_HAL_Driver/Src/stm32f4xx_hal_pcd.c.obj
                0x08003fa6                HAL_PCD_EP_Close
 .text.HAL_PCD_EP_Receive
                0x08004018       0x5e CMakeFiles/omni-infantry.elf.dir/Drivers/STM32F4xx_HAL_Driver/Src/stm32f4xx_hal_pcd.c.obj
                0x08004018                HAL_PCD_EP_Receive
 .text.HAL_PCD_EP_GetRxCount
                0x08004076       0x12 CMakeFiles/omni-infantry.elf.dir/Drivers/STM32F4xx_HAL_Driver/Src/stm32f4xx_hal_pcd.c.obj
                0x08004076                HAL_PCD_EP_GetRxCount
 .text.HAL_PCD_EP_Transmit
                0x08004088       0x5e CMakeFiles/omni-infantry.elf.dir/Drivers/STM32F4xx_HAL_Driver/Src/stm32f4xx_hal_pcd.c.obj
                0x08004088                HAL_PCD_EP_Transmit
 .text.HAL_PCD_EP_SetStall
                0x080040e6       0x88 CMakeFiles/omni-infantry.elf.dir/Drivers/STM32F4xx_HAL_Driver/Src/stm32f4xx_hal_pcd.c.obj
                0x080040e6                HAL_PCD_EP_SetStall
 .text.HAL_PCD_EP_ClrStall
                0x0800416e       0x76 CMakeFiles/omni-infantry.elf.dir/Drivers/STM32F4xx_HAL_Driver/Src/stm32f4xx_hal_pcd.c.obj
                0x0800416e                HAL_PCD_EP_ClrStall
 .text.HAL_PCD_EP_Abort
                0x080041e4       0x34 CMakeFiles/omni-infantry.elf.dir/Drivers/STM32F4xx_HAL_Driver/Src/stm32f4xx_hal_pcd.c.obj
                0x080041e4                HAL_PCD_EP_Abort
 .text.HAL_PCD_IRQHandler
                0x08004218      0x5c8 CMakeFiles/omni-infantry.elf.dir/Drivers/STM32F4xx_HAL_Driver/Src/stm32f4xx_hal_pcd.c.obj
                0x08004218                HAL_PCD_IRQHandler
 .text.HAL_PCDEx_SetTxFiFo
                0x080047e0       0x4c CMakeFiles/omni-infantry.elf.dir/Drivers/STM32F4xx_HAL_Driver/Src/stm32f4xx_hal_pcd_ex.c.obj
                0x080047e0                HAL_PCDEx_SetTxFiFo
 .text.HAL_PCDEx_SetRxFiFo
                0x0800482c        0x8 CMakeFiles/omni-infantry.elf.dir/Drivers/STM32F4xx_HAL_Driver/Src/stm32f4xx_hal_pcd_ex.c.obj
                0x0800482c                HAL_PCDEx_SetRxFiFo
 .text.HAL_PCDEx_LPM_Callback
                0x08004834        0x2 CMakeFiles/omni-infantry.elf.dir/Drivers/STM32F4xx_HAL_Driver/Src/stm32f4xx_hal_pcd_ex.c.obj
                0x08004834                HAL_PCDEx_LPM_Callback
 *fill*         0x08004836        0x2 
 .text.HAL_RCC_OscConfig
                0x08004838      0x3f8 CMakeFiles/omni-infantry.elf.dir/Drivers/STM32F4xx_HAL_Driver/Src/stm32f4xx_hal_rcc.c.obj
                0x08004838                HAL_RCC_OscConfig
 .text.HAL_RCC_GetSysClockFreq
                0x08004c30       0xa8 CMakeFiles/omni-infantry.elf.dir/Drivers/STM32F4xx_HAL_Driver/Src/stm32f4xx_hal_rcc.c.obj
                0x08004c30                HAL_RCC_GetSysClockFreq
 .text.HAL_RCC_ClockConfig
                0x08004cd8      0x160 CMakeFiles/omni-infantry.elf.dir/Drivers/STM32F4xx_HAL_Driver/Src/stm32f4xx_hal_rcc.c.obj
                0x08004cd8                HAL_RCC_ClockConfig
 .text.HAL_RCC_GetHCLKFreq
                0x08004e38        0xc CMakeFiles/omni-infantry.elf.dir/Drivers/STM32F4xx_HAL_Driver/Src/stm32f4xx_hal_rcc.c.obj
                0x08004e38                HAL_RCC_GetHCLKFreq
 .text.HAL_RCC_GetPCLK1Freq
                0x08004e44       0x20 CMakeFiles/omni-infantry.elf.dir/Drivers/STM32F4xx_HAL_Driver/Src/stm32f4xx_hal_rcc.c.obj
                0x08004e44                HAL_RCC_GetPCLK1Freq
 .text.HAL_RCC_GetPCLK2Freq
                0x08004e64       0x20 CMakeFiles/omni-infantry.elf.dir/Drivers/STM32F4xx_HAL_Driver/Src/stm32f4xx_hal_rcc.c.obj
                0x08004e64                HAL_RCC_GetPCLK2Freq
 .text.HAL_RNG_Init
                0x08004e84       0x2e CMakeFiles/omni-infantry.elf.dir/Drivers/STM32F4xx_HAL_Driver/Src/stm32f4xx_hal_rng.c.obj
                0x08004e84                HAL_RNG_Init
 *fill*         0x08004eb2        0x2 
 .text.SPI_WaitFlagStateUntilTimeout
                0x08004eb4       0xc8 CMakeFiles/omni-infantry.elf.dir/Drivers/STM32F4xx_HAL_Driver/Src/stm32f4xx_hal_spi.c.obj
 .text.SPI_EndRxTxTransaction
                0x08004f7c       0x68 CMakeFiles/omni-infantry.elf.dir/Drivers/STM32F4xx_HAL_Driver/Src/stm32f4xx_hal_spi.c.obj
 .text.HAL_SPI_Init
                0x08004fe4       0xbe CMakeFiles/omni-infantry.elf.dir/Drivers/STM32F4xx_HAL_Driver/Src/stm32f4xx_hal_spi.c.obj
                0x08004fe4                HAL_SPI_Init
 .text.HAL_SPI_TransmitReceive
                0x080050a2      0x238 CMakeFiles/omni-infantry.elf.dir/Drivers/STM32F4xx_HAL_Driver/Src/stm32f4xx_hal_spi.c.obj
                0x080050a2                HAL_SPI_TransmitReceive
 *fill*         0x080052da        0x2 
 .text.TIM_OC1_SetConfig
                0x080052dc       0x70 CMakeFiles/omni-infantry.elf.dir/Drivers/STM32F4xx_HAL_Driver/Src/stm32f4xx_hal_tim.c.obj
 .text.TIM_OC3_SetConfig
                0x0800534c       0x70 CMakeFiles/omni-infantry.elf.dir/Drivers/STM32F4xx_HAL_Driver/Src/stm32f4xx_hal_tim.c.obj
 .text.TIM_OC4_SetConfig
                0x080053bc       0x50 CMakeFiles/omni-infantry.elf.dir/Drivers/STM32F4xx_HAL_Driver/Src/stm32f4xx_hal_tim.c.obj
 .text.TIM_TI1_ConfigInputStage
                0x0800540c       0x26 CMakeFiles/omni-infantry.elf.dir/Drivers/STM32F4xx_HAL_Driver/Src/stm32f4xx_hal_tim.c.obj
 .text.TIM_TI2_ConfigInputStage
                0x08005432       0x28 CMakeFiles/omni-infantry.elf.dir/Drivers/STM32F4xx_HAL_Driver/Src/stm32f4xx_hal_tim.c.obj
 .text.TIM_ITRx_SetConfig
                0x0800545a       0x10 CMakeFiles/omni-infantry.elf.dir/Drivers/STM32F4xx_HAL_Driver/Src/stm32f4xx_hal_tim.c.obj
 *fill*         0x0800546a        0x2 
 .text.HAL_TIM_Base_Start
                0x0800546c       0x7c CMakeFiles/omni-infantry.elf.dir/Drivers/STM32F4xx_HAL_Driver/Src/stm32f4xx_hal_tim.c.obj
                0x0800546c                HAL_TIM_Base_Start
 .text.TIM_Base_SetConfig
                0x080054e8       0xc8 CMakeFiles/omni-infantry.elf.dir/Drivers/STM32F4xx_HAL_Driver/Src/stm32f4xx_hal_tim.c.obj
                0x080054e8                TIM_Base_SetConfig
 .text.HAL_TIM_Base_Init
                0x080055b0       0x58 CMakeFiles/omni-infantry.elf.dir/Drivers/STM32F4xx_HAL_Driver/Src/stm32f4xx_hal_tim.c.obj
                0x080055b0                HAL_TIM_Base_Init
 .text.HAL_TIM_PWM_Init
                0x08005608       0x58 CMakeFiles/omni-infantry.elf.dir/Drivers/STM32F4xx_HAL_Driver/Src/stm32f4xx_hal_tim.c.obj
                0x08005608                HAL_TIM_PWM_Init
 .text.TIM_OC2_SetConfig
                0x08005660       0x70 CMakeFiles/omni-infantry.elf.dir/Drivers/STM32F4xx_HAL_Driver/Src/stm32f4xx_hal_tim.c.obj
                0x08005660                TIM_OC2_SetConfig
 .text.HAL_TIM_PWM_ConfigChannel
                0x080056d0       0xdc CMakeFiles/omni-infantry.elf.dir/Drivers/STM32F4xx_HAL_Driver/Src/stm32f4xx_hal_tim.c.obj
                0x080056d0                HAL_TIM_PWM_ConfigChannel
 .text.TIM_ETR_SetConfig
                0x080057ac       0x1a CMakeFiles/omni-infantry.elf.dir/Drivers/STM32F4xx_HAL_Driver/Src/stm32f4xx_hal_tim.c.obj
                0x080057ac                TIM_ETR_SetConfig
 .text.HAL_TIM_ConfigClockSource
                0x080057c6       0xfe CMakeFiles/omni-infantry.elf.dir/Drivers/STM32F4xx_HAL_Driver/Src/stm32f4xx_hal_tim.c.obj
                0x080057c6                HAL_TIM_ConfigClockSource
 .text.TIM_CCxChannelCmd
                0x080058c4       0x1e CMakeFiles/omni-infantry.elf.dir/Drivers/STM32F4xx_HAL_Driver/Src/stm32f4xx_hal_tim.c.obj
                0x080058c4                TIM_CCxChannelCmd
 *fill*         0x080058e2        0x2 
 .text.HAL_TIM_PWM_Start
                0x080058e4      0x104 CMakeFiles/omni-infantry.elf.dir/Drivers/STM32F4xx_HAL_Driver/Src/stm32f4xx_hal_tim.c.obj
                0x080058e4                HAL_TIM_PWM_Start
 .text.HAL_TIMEx_MasterConfigSynchronization
                0x080059e8       0x8c CMakeFiles/omni-infantry.elf.dir/Drivers/STM32F4xx_HAL_Driver/Src/stm32f4xx_hal_tim_ex.c.obj
                0x080059e8                HAL_TIMEx_MasterConfigSynchronization
 .text.HAL_TIMEx_ConfigBreakDeadTime
                0x08005a74       0x52 CMakeFiles/omni-infantry.elf.dir/Drivers/STM32F4xx_HAL_Driver/Src/stm32f4xx_hal_tim_ex.c.obj
                0x08005a74                HAL_TIMEx_ConfigBreakDeadTime
 *fill*         0x08005ac6        0x2 
 .text.UART_SetConfig
                0x08005ac8      0x110 CMakeFiles/omni-infantry.elf.dir/Drivers/STM32F4xx_HAL_Driver/Src/stm32f4xx_hal_uart.c.obj
 .text.HAL_UART_Init
                0x08005bd8       0x5e CMakeFiles/omni-infantry.elf.dir/Drivers/STM32F4xx_HAL_Driver/Src/stm32f4xx_hal_uart.c.obj
                0x08005bd8                HAL_UART_Init
 *fill*         0x08005c36        0x2 
 .text.USB_CoreReset
                0x08005c38       0x50 CMakeFiles/omni-infantry.elf.dir/Drivers/STM32F4xx_HAL_Driver/Src/stm32f4xx_ll_usb.c.obj
 .text.USB_CoreInit
                0x08005c88       0x8a CMakeFiles/omni-infantry.elf.dir/Drivers/STM32F4xx_HAL_Driver/Src/stm32f4xx_ll_usb.c.obj
                0x08005c88                USB_CoreInit
 *fill*         0x08005d12        0x2 
 .text.USB_SetTurnaroundTime
                0x08005d14       0xe4 CMakeFiles/omni-infantry.elf.dir/Drivers/STM32F4xx_HAL_Driver/Src/stm32f4xx_ll_usb.c.obj
                0x08005d14                USB_SetTurnaroundTime
 .text.USB_EnableGlobalInt
                0x08005df8        0xc CMakeFiles/omni-infantry.elf.dir/Drivers/STM32F4xx_HAL_Driver/Src/stm32f4xx_ll_usb.c.obj
                0x08005df8                USB_EnableGlobalInt
 .text.USB_DisableGlobalInt
                0x08005e04        0xc CMakeFiles/omni-infantry.elf.dir/Drivers/STM32F4xx_HAL_Driver/Src/stm32f4xx_ll_usb.c.obj
                0x08005e04                USB_DisableGlobalInt
 .text.USB_FlushTxFifo
                0x08005e10       0x50 CMakeFiles/omni-infantry.elf.dir/Drivers/STM32F4xx_HAL_Driver/Src/stm32f4xx_ll_usb.c.obj
                0x08005e10                USB_FlushTxFifo
 .text.USB_FlushRxFifo
                0x08005e60       0x4c CMakeFiles/omni-infantry.elf.dir/Drivers/STM32F4xx_HAL_Driver/Src/stm32f4xx_ll_usb.c.obj
                0x08005e60                USB_FlushRxFifo
 .text.USB_SetDevSpeed
                0x08005eac        0xe CMakeFiles/omni-infantry.elf.dir/Drivers/STM32F4xx_HAL_Driver/Src/stm32f4xx_ll_usb.c.obj
                0x08005eac                USB_SetDevSpeed
 *fill*         0x08005eba        0x2 
 .text.USB_DevInit
                0x08005ebc      0x190 CMakeFiles/omni-infantry.elf.dir/Drivers/STM32F4xx_HAL_Driver/Src/stm32f4xx_ll_usb.c.obj
                0x08005ebc                USB_DevInit
 .text.USB_GetDevSpeed
                0x0800604c       0x22 CMakeFiles/omni-infantry.elf.dir/Drivers/STM32F4xx_HAL_Driver/Src/stm32f4xx_ll_usb.c.obj
                0x0800604c                USB_GetDevSpeed
 .text.USB_ActivateEndpoint
                0x0800606e       0x9a CMakeFiles/omni-infantry.elf.dir/Drivers/STM32F4xx_HAL_Driver/Src/stm32f4xx_ll_usb.c.obj
                0x0800606e                USB_ActivateEndpoint
 .text.USB_DeactivateEndpoint
                0x08006108       0xe0 CMakeFiles/omni-infantry.elf.dir/Drivers/STM32F4xx_HAL_Driver/Src/stm32f4xx_ll_usb.c.obj
                0x08006108                USB_DeactivateEndpoint
 .text.USB_EP0StartXfer
                0x080061e8      0x118 CMakeFiles/omni-infantry.elf.dir/Drivers/STM32F4xx_HAL_Driver/Src/stm32f4xx_ll_usb.c.obj
                0x080061e8                USB_EP0StartXfer
 .text.USB_EPStopXfer
                0x08006300       0xbe CMakeFiles/omni-infantry.elf.dir/Drivers/STM32F4xx_HAL_Driver/Src/stm32f4xx_ll_usb.c.obj
                0x08006300                USB_EPStopXfer
 .text.USB_WritePacket
                0x080063be       0x2e CMakeFiles/omni-infantry.elf.dir/Drivers/STM32F4xx_HAL_Driver/Src/stm32f4xx_ll_usb.c.obj
                0x080063be                USB_WritePacket
 .text.USB_EPStartXfer
                0x080063ec      0x228 CMakeFiles/omni-infantry.elf.dir/Drivers/STM32F4xx_HAL_Driver/Src/stm32f4xx_ll_usb.c.obj
                0x080063ec                USB_EPStartXfer
 .text.USB_ReadPacket
                0x08006614       0x46 CMakeFiles/omni-infantry.elf.dir/Drivers/STM32F4xx_HAL_Driver/Src/stm32f4xx_ll_usb.c.obj
                0x08006614                USB_ReadPacket
 .text.USB_EPSetStall
                0x0800665a       0x5a CMakeFiles/omni-infantry.elf.dir/Drivers/STM32F4xx_HAL_Driver/Src/stm32f4xx_ll_usb.c.obj
                0x0800665a                USB_EPSetStall
 .text.USB_EPClearStall
                0x080066b4       0x5c CMakeFiles/omni-infantry.elf.dir/Drivers/STM32F4xx_HAL_Driver/Src/stm32f4xx_ll_usb.c.obj
                0x080066b4                USB_EPClearStall
 .text.USB_SetDevAddress
                0x08006710       0x20 CMakeFiles/omni-infantry.elf.dir/Drivers/STM32F4xx_HAL_Driver/Src/stm32f4xx_ll_usb.c.obj
                0x08006710                USB_SetDevAddress
 .text.USB_DevConnect
                0x08006730       0x1c CMakeFiles/omni-infantry.elf.dir/Drivers/STM32F4xx_HAL_Driver/Src/stm32f4xx_ll_usb.c.obj
                0x08006730                USB_DevConnect
 .text.USB_DevDisconnect
                0x0800674c       0x1c CMakeFiles/omni-infantry.elf.dir/Drivers/STM32F4xx_HAL_Driver/Src/stm32f4xx_ll_usb.c.obj
                0x0800674c                USB_DevDisconnect
 .text.USB_ReadInterrupts
                0x08006768        0x8 CMakeFiles/omni-infantry.elf.dir/Drivers/STM32F4xx_HAL_Driver/Src/stm32f4xx_ll_usb.c.obj
                0x08006768                USB_ReadInterrupts
 .text.USB_ReadDevAllOutEpInterrupt
                0x08006770       0x10 CMakeFiles/omni-infantry.elf.dir/Drivers/STM32F4xx_HAL_Driver/Src/stm32f4xx_ll_usb.c.obj
                0x08006770                USB_ReadDevAllOutEpInterrupt
 .text.USB_ReadDevAllInEpInterrupt
                0x08006780       0x10 CMakeFiles/omni-infantry.elf.dir/Drivers/STM32F4xx_HAL_Driver/Src/stm32f4xx_ll_usb.c.obj
                0x08006780                USB_ReadDevAllInEpInterrupt
 .text.USB_ReadDevOutEPInterrupt
                0x08006790       0x12 CMakeFiles/omni-infantry.elf.dir/Drivers/STM32F4xx_HAL_Driver/Src/stm32f4xx_ll_usb.c.obj
                0x08006790                USB_ReadDevOutEPInterrupt
 .text.USB_ReadDevInEPInterrupt
                0x080067a2       0x24 CMakeFiles/omni-infantry.elf.dir/Drivers/STM32F4xx_HAL_Driver/Src/stm32f4xx_ll_usb.c.obj
                0x080067a2                USB_ReadDevInEPInterrupt
 .text.USB_GetMode
                0x080067c6        0x8 CMakeFiles/omni-infantry.elf.dir/Drivers/STM32F4xx_HAL_Driver/Src/stm32f4xx_ll_usb.c.obj
                0x080067c6                USB_GetMode
 .text.USB_SetCurrentMode
                0x080067ce       0x62 CMakeFiles/omni-infantry.elf.dir/Drivers/STM32F4xx_HAL_Driver/Src/stm32f4xx_ll_usb.c.obj
                0x080067ce                USB_SetCurrentMode
 .text.USB_ActivateSetup
                0x08006830       0x1c CMakeFiles/omni-infantry.elf.dir/Drivers/STM32F4xx_HAL_Driver/Src/stm32f4xx_ll_usb.c.obj
                0x08006830                USB_ActivateSetup
 .text.USB_EP0_OutStart
                0x0800684c       0x60 CMakeFiles/omni-infantry.elf.dir/Drivers/STM32F4xx_HAL_Driver/Src/stm32f4xx_ll_usb.c.obj
                0x0800684c                USB_EP0_OutStart
 .text.USBD_CDC_EP0_RxReady
                0x080068ac       0x40 CMakeFiles/omni-infantry.elf.dir/Middlewares/ST/STM32_USB_Device_Library/Class/CDC/Src/usbd_cdc.c.obj
 .text.USBD_CDC_GetDeviceQualifierDescriptor
                0x080068ec        0xc CMakeFiles/omni-infantry.elf.dir/Middlewares/ST/STM32_USB_Device_Library/Class/CDC/Src/usbd_cdc.c.obj
                0x080068ec                USBD_CDC_GetDeviceQualifierDescriptor
 .text.USBD_CDC_GetOtherSpeedCfgDesc
                0x080068f8       0x48 CMakeFiles/omni-infantry.elf.dir/Middlewares/ST/STM32_USB_Device_Library/Class/CDC/Src/usbd_cdc.c.obj
 .text.USBD_CDC_GetFSCfgDesc
                0x08006940       0x48 CMakeFiles/omni-infantry.elf.dir/Middlewares/ST/STM32_USB_Device_Library/Class/CDC/Src/usbd_cdc.c.obj
 .text.USBD_CDC_GetHSCfgDesc
                0x08006988       0x48 CMakeFiles/omni-infantry.elf.dir/Middlewares/ST/STM32_USB_Device_Library/Class/CDC/Src/usbd_cdc.c.obj
 .text.USBD_CDC_DataOut
                0x080069d0       0x38 CMakeFiles/omni-infantry.elf.dir/Middlewares/ST/STM32_USB_Device_Library/Class/CDC/Src/usbd_cdc.c.obj
 .text.USBD_CDC_DataIn
                0x08006a08       0x7c CMakeFiles/omni-infantry.elf.dir/Middlewares/ST/STM32_USB_Device_Library/Class/CDC/Src/usbd_cdc.c.obj
 .text.USBD_CDC_Setup
                0x08006a84      0x11a CMakeFiles/omni-infantry.elf.dir/Middlewares/ST/STM32_USB_Device_Library/Class/CDC/Src/usbd_cdc.c.obj
 .text.USBD_CDC_DeInit
                0x08006b9e       0x64 CMakeFiles/omni-infantry.elf.dir/Middlewares/ST/STM32_USB_Device_Library/Class/CDC/Src/usbd_cdc.c.obj
 .text.USBD_CDC_Init
                0x08006c02       0xee CMakeFiles/omni-infantry.elf.dir/Middlewares/ST/STM32_USB_Device_Library/Class/CDC/Src/usbd_cdc.c.obj
 .text.USBD_CDC_RegisterInterface
                0x08006cf0       0x16 CMakeFiles/omni-infantry.elf.dir/Middlewares/ST/STM32_USB_Device_Library/Class/CDC/Src/usbd_cdc.c.obj
                0x08006cf0                USBD_CDC_RegisterInterface
 .text.USBD_CDC_SetTxBuffer
                0x08006d06       0x1c CMakeFiles/omni-infantry.elf.dir/Middlewares/ST/STM32_USB_Device_Library/Class/CDC/Src/usbd_cdc.c.obj
                0x08006d06                USBD_CDC_SetTxBuffer
 .text.USBD_CDC_SetRxBuffer
                0x08006d22       0x18 CMakeFiles/omni-infantry.elf.dir/Middlewares/ST/STM32_USB_Device_Library/Class/CDC/Src/usbd_cdc.c.obj
                0x08006d22                USBD_CDC_SetRxBuffer
 .text.USBD_CDC_TransmitPacket
                0x08006d3a       0x36 CMakeFiles/omni-infantry.elf.dir/Middlewares/ST/STM32_USB_Device_Library/Class/CDC/Src/usbd_cdc.c.obj
                0x08006d3a                USBD_CDC_TransmitPacket
 .text.USBD_CDC_ReceivePacket
                0x08006d70       0x38 CMakeFiles/omni-infantry.elf.dir/Middlewares/ST/STM32_USB_Device_Library/Class/CDC/Src/usbd_cdc.c.obj
                0x08006d70                USBD_CDC_ReceivePacket
 .text.USBD_Init
                0x08006da8       0x2e CMakeFiles/omni-infantry.elf.dir/Middlewares/ST/STM32_USB_Device_Library/Core/Src/usbd_core.c.obj
                0x08006da8                USBD_Init
 .text.USBD_RegisterClass
                0x08006dd6       0x40 CMakeFiles/omni-infantry.elf.dir/Middlewares/ST/STM32_USB_Device_Library/Core/Src/usbd_core.c.obj
                0x08006dd6                USBD_RegisterClass
 .text.USBD_Start
                0x08006e16        0x8 CMakeFiles/omni-infantry.elf.dir/Middlewares/ST/STM32_USB_Device_Library/Core/Src/usbd_core.c.obj
                0x08006e16                USBD_Start
 .text.USBD_SetClassConfig
                0x08006e1e       0x12 CMakeFiles/omni-infantry.elf.dir/Middlewares/ST/STM32_USB_Device_Library/Core/Src/usbd_core.c.obj
                0x08006e1e                USBD_SetClassConfig
 .text.USBD_ClrClassConfig
                0x08006e30       0x12 CMakeFiles/omni-infantry.elf.dir/Middlewares/ST/STM32_USB_Device_Library/Core/Src/usbd_core.c.obj
                0x08006e30                USBD_ClrClassConfig
 .text.USBD_LL_SetupStage
                0x08006e42       0x58 CMakeFiles/omni-infantry.elf.dir/Middlewares/ST/STM32_USB_Device_Library/Core/Src/usbd_core.c.obj
                0x08006e42                USBD_LL_SetupStage
 .text.USBD_LL_Reset
                0x08006e9a       0x64 CMakeFiles/omni-infantry.elf.dir/Middlewares/ST/STM32_USB_Device_Library/Core/Src/usbd_core.c.obj
                0x08006e9a                USBD_LL_Reset
 .text.USBD_LL_SetSpeed
                0x08006efe        0x6 CMakeFiles/omni-infantry.elf.dir/Middlewares/ST/STM32_USB_Device_Library/Core/Src/usbd_core.c.obj
                0x08006efe                USBD_LL_SetSpeed
 .text.USBD_LL_Suspend
                0x08006f04       0x14 CMakeFiles/omni-infantry.elf.dir/Middlewares/ST/STM32_USB_Device_Library/Core/Src/usbd_core.c.obj
                0x08006f04                USBD_LL_Suspend
 .text.USBD_LL_Resume
                0x08006f18       0x1a CMakeFiles/omni-infantry.elf.dir/Middlewares/ST/STM32_USB_Device_Library/Core/Src/usbd_core.c.obj
                0x08006f18                USBD_LL_Resume
 .text.USBD_LL_SOF
                0x08006f32       0x22 CMakeFiles/omni-infantry.elf.dir/Middlewares/ST/STM32_USB_Device_Library/Core/Src/usbd_core.c.obj
                0x08006f32                USBD_LL_SOF
 .text.USBD_LL_IsoINIncomplete
                0x08006f54       0x2e CMakeFiles/omni-infantry.elf.dir/Middlewares/ST/STM32_USB_Device_Library/Core/Src/usbd_core.c.obj
                0x08006f54                USBD_LL_IsoINIncomplete
 .text.USBD_LL_IsoOUTIncomplete
                0x08006f82       0x2e CMakeFiles/omni-infantry.elf.dir/Middlewares/ST/STM32_USB_Device_Library/Core/Src/usbd_core.c.obj
                0x08006f82                USBD_LL_IsoOUTIncomplete
 .text.USBD_LL_DevConnected
                0x08006fb0        0x4 CMakeFiles/omni-infantry.elf.dir/Middlewares/ST/STM32_USB_Device_Library/Core/Src/usbd_core.c.obj
                0x08006fb0                USBD_LL_DevConnected
 .text.USBD_LL_DevDisconnected
                0x08006fb4       0x20 CMakeFiles/omni-infantry.elf.dir/Middlewares/ST/STM32_USB_Device_Library/Core/Src/usbd_core.c.obj
                0x08006fb4                USBD_LL_DevDisconnected
 .text.USBD_CoreFindIF
                0x08006fd4        0x4 CMakeFiles/omni-infantry.elf.dir/Middlewares/ST/STM32_USB_Device_Library/Core/Src/usbd_core.c.obj
                0x08006fd4                USBD_CoreFindIF
 .text.USBD_CoreFindEP
                0x08006fd8        0x4 CMakeFiles/omni-infantry.elf.dir/Middlewares/ST/STM32_USB_Device_Library/Core/Src/usbd_core.c.obj
                0x08006fd8                USBD_CoreFindEP
 .text.USBD_LL_DataOutStage
                0x08006fdc       0xc4 CMakeFiles/omni-infantry.elf.dir/Middlewares/ST/STM32_USB_Device_Library/Core/Src/usbd_core.c.obj
                0x08006fdc                USBD_LL_DataOutStage
 .text.USBD_LL_DataInStage
                0x080070a0       0xd6 CMakeFiles/omni-infantry.elf.dir/Middlewares/ST/STM32_USB_Device_Library/Core/Src/usbd_core.c.obj
                0x080070a0                USBD_LL_DataInStage
 .text.USBD_GetNextDesc
                0x08007176        0xe CMakeFiles/omni-infantry.elf.dir/Middlewares/ST/STM32_USB_Device_Library/Core/Src/usbd_core.c.obj
                0x08007176                USBD_GetNextDesc
 .text.USBD_GetEpDesc
                0x08007184       0x3e CMakeFiles/omni-infantry.elf.dir/Middlewares/ST/STM32_USB_Device_Library/Core/Src/usbd_core.c.obj
                0x08007184                USBD_GetEpDesc
 .text.USBD_GetLen
                0x080071c2       0x14 CMakeFiles/omni-infantry.elf.dir/Middlewares/ST/STM32_USB_Device_Library/Core/Src/usbd_ctlreq.c.obj
 .text.USBD_ParseSetupRequest
                0x080071d6       0x28 CMakeFiles/omni-infantry.elf.dir/Middlewares/ST/STM32_USB_Device_Library/Core/Src/usbd_ctlreq.c.obj
                0x080071d6                USBD_ParseSetupRequest
 .text.USBD_CtlError
                0x080071fe       0x14 CMakeFiles/omni-infantry.elf.dir/Middlewares/ST/STM32_USB_Device_Library/Core/Src/usbd_ctlreq.c.obj
                0x080071fe                USBD_CtlError
 .text.USBD_GetDescriptor
                0x08007212      0x18a CMakeFiles/omni-infantry.elf.dir/Middlewares/ST/STM32_USB_Device_Library/Core/Src/usbd_ctlreq.c.obj
 .text.USBD_SetAddress
                0x0800739c       0x50 CMakeFiles/omni-infantry.elf.dir/Middlewares/ST/STM32_USB_Device_Library/Core/Src/usbd_ctlreq.c.obj
 .text.USBD_SetConfig
                0x080073ec       0xcc CMakeFiles/omni-infantry.elf.dir/Middlewares/ST/STM32_USB_Device_Library/Core/Src/usbd_ctlreq.c.obj
 .text.USBD_GetConfig
                0x080074b8       0x40 CMakeFiles/omni-infantry.elf.dir/Middlewares/ST/STM32_USB_Device_Library/Core/Src/usbd_ctlreq.c.obj
 .text.USBD_GetStatus
                0x080074f8       0x38 CMakeFiles/omni-infantry.elf.dir/Middlewares/ST/STM32_USB_Device_Library/Core/Src/usbd_ctlreq.c.obj
 .text.USBD_SetFeature
                0x08007530       0x2a CMakeFiles/omni-infantry.elf.dir/Middlewares/ST/STM32_USB_Device_Library/Core/Src/usbd_ctlreq.c.obj
 .text.USBD_ClrFeature
                0x0800755a       0x26 CMakeFiles/omni-infantry.elf.dir/Middlewares/ST/STM32_USB_Device_Library/Core/Src/usbd_ctlreq.c.obj
 .text.USBD_StdDevReq
                0x08007580       0x76 CMakeFiles/omni-infantry.elf.dir/Middlewares/ST/STM32_USB_Device_Library/Core/Src/usbd_ctlreq.c.obj
                0x08007580                USBD_StdDevReq
 .text.USBD_StdItfReq
                0x080075f6       0x84 CMakeFiles/omni-infantry.elf.dir/Middlewares/ST/STM32_USB_Device_Library/Core/Src/usbd_ctlreq.c.obj
                0x080075f6                USBD_StdItfReq
 .text.USBD_StdEPReq
                0x0800767a      0x230 CMakeFiles/omni-infantry.elf.dir/Middlewares/ST/STM32_USB_Device_Library/Core/Src/usbd_ctlreq.c.obj
                0x0800767a                USBD_StdEPReq
 .text.USBD_GetString
                0x080078aa       0x3a CMakeFiles/omni-infantry.elf.dir/Middlewares/ST/STM32_USB_Device_Library/Core/Src/usbd_ctlreq.c.obj
                0x080078aa                USBD_GetString
 .text.USBD_CtlSendData
                0x080078e4       0x1a CMakeFiles/omni-infantry.elf.dir/Middlewares/ST/STM32_USB_Device_Library/Core/Src/usbd_ioreq.c.obj
                0x080078e4                USBD_CtlSendData
 .text.USBD_CtlContinueSendData
                0x080078fe       0x10 CMakeFiles/omni-infantry.elf.dir/Middlewares/ST/STM32_USB_Device_Library/Core/Src/usbd_ioreq.c.obj
                0x080078fe                USBD_CtlContinueSendData
 .text.USBD_CtlPrepareRx
                0x0800790e       0x1e CMakeFiles/omni-infantry.elf.dir/Middlewares/ST/STM32_USB_Device_Library/Core/Src/usbd_ioreq.c.obj
                0x0800790e                USBD_CtlPrepareRx
 .text.USBD_CtlContinueRx
                0x0800792c       0x10 CMakeFiles/omni-infantry.elf.dir/Middlewares/ST/STM32_USB_Device_Library/Core/Src/usbd_ioreq.c.obj
                0x0800792c                USBD_CtlContinueRx
 .text.USBD_CtlSendStatus
                0x0800793c       0x16 CMakeFiles/omni-infantry.elf.dir/Middlewares/ST/STM32_USB_Device_Library/Core/Src/usbd_ioreq.c.obj
                0x0800793c                USBD_CtlSendStatus
 .text.USBD_CtlReceiveStatus
                0x08007952       0x16 CMakeFiles/omni-infantry.elf.dir/Middlewares/ST/STM32_USB_Device_Library/Core/Src/usbd_ioreq.c.obj
                0x08007952                USBD_CtlReceiveStatus
 .text.makeFreeRtosPriority
                0x08007968        0xc CMakeFiles/omni-infantry.elf.dir/Middlewares/Third_Party/FreeRTOS/Source/CMSIS_RTOS/cmsis_os.c.obj
 .text.osKernelStart
                0x08007974        0xa CMakeFiles/omni-infantry.elf.dir/Middlewares/Third_Party/FreeRTOS/Source/CMSIS_RTOS/cmsis_os.c.obj
                0x08007974                osKernelStart
 .text.osThreadCreate
                0x0800797e       0x66 CMakeFiles/omni-infantry.elf.dir/Middlewares/Third_Party/FreeRTOS/Source/CMSIS_RTOS/cmsis_os.c.obj
                0x0800797e                osThreadCreate
 .text.osDelay  0x080079e4        0xe CMakeFiles/omni-infantry.elf.dir/Middlewares/Third_Party/FreeRTOS/Source/CMSIS_RTOS/cmsis_os.c.obj
                0x080079e4                osDelay
 .text.vListInitialise
                0x080079f2       0x16 CMakeFiles/omni-infantry.elf.dir/Middlewares/Third_Party/FreeRTOS/Source/list.c.obj
                0x080079f2                vListInitialise
 .text.vListInitialiseItem
                0x08007a08        0x6 CMakeFiles/omni-infantry.elf.dir/Middlewares/Third_Party/FreeRTOS/Source/list.c.obj
                0x08007a08                vListInitialiseItem
 .text.vListInsertEnd
                0x08007a0e       0x16 CMakeFiles/omni-infantry.elf.dir/Middlewares/Third_Party/FreeRTOS/Source/list.c.obj
                0x08007a0e                vListInsertEnd
 .text.vListInsert
                0x08007a24       0x32 CMakeFiles/omni-infantry.elf.dir/Middlewares/Third_Party/FreeRTOS/Source/list.c.obj
                0x08007a24                vListInsert
 .text.uxListRemove
                0x08007a56       0x26 CMakeFiles/omni-infantry.elf.dir/Middlewares/Third_Party/FreeRTOS/Source/list.c.obj
                0x08007a56                uxListRemove
 .text.prvTaskExitError
                0x08007a7c       0x40 CMakeFiles/omni-infantry.elf.dir/Middlewares/Third_Party/FreeRTOS/Source/portable/GCC/ARM_CM4F/port.c.obj
 .text.prvPortStartFirstTask
                0x08007abc       0x28 CMakeFiles/omni-infantry.elf.dir/Middlewares/Third_Party/FreeRTOS/Source/portable/GCC/ARM_CM4F/port.c.obj
 .text.vPortEnableVFP
                0x08007ae4       0x14 CMakeFiles/omni-infantry.elf.dir/Middlewares/Third_Party/FreeRTOS/Source/portable/GCC/ARM_CM4F/port.c.obj
 .text.pxPortInitialiseStack
                0x08007af8       0x2c CMakeFiles/omni-infantry.elf.dir/Middlewares/Third_Party/FreeRTOS/Source/portable/GCC/ARM_CM4F/port.c.obj
                0x08007af8                pxPortInitialiseStack
 *fill*         0x08007b24        0xc 
 .text.SVC_Handler
                0x08007b30       0x24 CMakeFiles/omni-infantry.elf.dir/Middlewares/Third_Party/FreeRTOS/Source/portable/GCC/ARM_CM4F/port.c.obj
                0x08007b30                SVC_Handler
 .text.vPortEnterCritical
                0x08007b54       0x44 CMakeFiles/omni-infantry.elf.dir/Middlewares/Third_Party/FreeRTOS/Source/portable/GCC/ARM_CM4F/port.c.obj
                0x08007b54                vPortEnterCritical
 .text.vPortExitCritical
                0x08007b98       0x2c CMakeFiles/omni-infantry.elf.dir/Middlewares/Third_Party/FreeRTOS/Source/portable/GCC/ARM_CM4F/port.c.obj
                0x08007b98                vPortExitCritical
 *fill*         0x08007bc4        0xc 
 .text.PendSV_Handler
                0x08007bd0       0x64 CMakeFiles/omni-infantry.elf.dir/Middlewares/Third_Party/FreeRTOS/Source/portable/GCC/ARM_CM4F/port.c.obj
                0x08007bd0                PendSV_Handler
 .text.xPortSysTickHandler
                0x08007c34       0x2c CMakeFiles/omni-infantry.elf.dir/Middlewares/Third_Party/FreeRTOS/Source/portable/GCC/ARM_CM4F/port.c.obj
                0x08007c34                xPortSysTickHandler
 .text.vPortSetupTimerInterrupt
                0x08007c60       0x28 CMakeFiles/omni-infantry.elf.dir/Middlewares/Third_Party/FreeRTOS/Source/portable/GCC/ARM_CM4F/port.c.obj
                0x08007c60                vPortSetupTimerInterrupt
 .text.xPortStartScheduler
                0x08007c88      0x118 CMakeFiles/omni-infantry.elf.dir/Middlewares/Third_Party/FreeRTOS/Source/portable/GCC/ARM_CM4F/port.c.obj
                0x08007c88                xPortStartScheduler
 .text.vPortValidateInterruptPriority
                0x08007da0       0x5c CMakeFiles/omni-infantry.elf.dir/Middlewares/Third_Party/FreeRTOS/Source/portable/GCC/ARM_CM4F/port.c.obj
                0x08007da0                vPortValidateInterruptPriority
 .text.prvHeapInit
                0x08007dfc       0x64 CMakeFiles/omni-infantry.elf.dir/Middlewares/Third_Party/FreeRTOS/Source/portable/MemMang/heap_4.c.obj
 .text.prvInsertBlockIntoFreeList
                0x08007e60       0x64 CMakeFiles/omni-infantry.elf.dir/Middlewares/Third_Party/FreeRTOS/Source/portable/MemMang/heap_4.c.obj
 .text.pvPortMalloc
                0x08007ec4      0x104 CMakeFiles/omni-infantry.elf.dir/Middlewares/Third_Party/FreeRTOS/Source/portable/MemMang/heap_4.c.obj
                0x08007ec4                pvPortMalloc
 .text.vPortFree
                0x08007fc8       0x7c CMakeFiles/omni-infantry.elf.dir/Middlewares/Third_Party/FreeRTOS/Source/portable/MemMang/heap_4.c.obj
                0x08007fc8                vPortFree
 .text.prvIsQueueFull
                0x08008044       0x1e CMakeFiles/omni-infantry.elf.dir/Middlewares/Third_Party/FreeRTOS/Source/queue.c.obj
 .text.prvIsQueueEmpty
                0x08008062       0x1a CMakeFiles/omni-infantry.elf.dir/Middlewares/Third_Party/FreeRTOS/Source/queue.c.obj
 .text.prvCopyDataToQueue
                0x0800807c       0x76 CMakeFiles/omni-infantry.elf.dir/Middlewares/Third_Party/FreeRTOS/Source/queue.c.obj
 .text.prvCopyDataFromQueue
                0x080080f2       0x24 CMakeFiles/omni-infantry.elf.dir/Middlewares/Third_Party/FreeRTOS/Source/queue.c.obj
 .text.prvUnlockQueue
                0x08008116       0x6e CMakeFiles/omni-infantry.elf.dir/Middlewares/Third_Party/FreeRTOS/Source/queue.c.obj
 .text.xQueueGenericReset
                0x08008184       0x84 CMakeFiles/omni-infantry.elf.dir/Middlewares/Third_Party/FreeRTOS/Source/queue.c.obj
                0x08008184                xQueueGenericReset
 .text.prvInitialiseNewQueue
                0x08008208       0x1c CMakeFiles/omni-infantry.elf.dir/Middlewares/Third_Party/FreeRTOS/Source/queue.c.obj
 .text.xQueueGenericCreate
                0x08008224       0x48 CMakeFiles/omni-infantry.elf.dir/Middlewares/Third_Party/FreeRTOS/Source/queue.c.obj
                0x08008224                xQueueGenericCreate
 .text.xQueueGenericSend
                0x0800826c      0x188 CMakeFiles/omni-infantry.elf.dir/Middlewares/Third_Party/FreeRTOS/Source/queue.c.obj
                0x0800826c                xQueueGenericSend
 .text.xQueueReceive
                0x080083f4      0x15e CMakeFiles/omni-infantry.elf.dir/Middlewares/Third_Party/FreeRTOS/Source/queue.c.obj
                0x080083f4                xQueueReceive
 *fill*         0x08008552        0x2 
 .text.prvTaskIsTaskSuspended
                0x08008554       0x40 CMakeFiles/omni-infantry.elf.dir/Middlewares/Third_Party/FreeRTOS/Source/tasks.c.obj
 .text.prvSearchForNameWithinSingleList
                0x08008594       0x64 CMakeFiles/omni-infantry.elf.dir/Middlewares/Third_Party/FreeRTOS/Source/tasks.c.obj
 .text.prvResetNextTaskUnblockTime
                0x080085f8       0x2c CMakeFiles/omni-infantry.elf.dir/Middlewares/Third_Party/FreeRTOS/Source/tasks.c.obj
 .text.prvInitialiseNewTask
                0x08008624       0xa2 CMakeFiles/omni-infantry.elf.dir/Middlewares/Third_Party/FreeRTOS/Source/tasks.c.obj
 *fill*         0x080086c6        0x2 
 .text.prvInitialiseTaskLists
                0x080086c8       0x68 CMakeFiles/omni-infantry.elf.dir/Middlewares/Third_Party/FreeRTOS/Source/tasks.c.obj
 .text.prvAddNewTaskToReadyList
                0x08008730       0xa8 CMakeFiles/omni-infantry.elf.dir/Middlewares/Third_Party/FreeRTOS/Source/tasks.c.obj
 .text.prvDeleteTCB
                0x080087d8       0x38 CMakeFiles/omni-infantry.elf.dir/Middlewares/Third_Party/FreeRTOS/Source/tasks.c.obj
 .text.prvCheckTasksWaitingTermination
                0x08008810       0x4c CMakeFiles/omni-infantry.elf.dir/Middlewares/Third_Party/FreeRTOS/Source/tasks.c.obj
 .text.prvIdleTask
                0x0800885c       0x28 CMakeFiles/omni-infantry.elf.dir/Middlewares/Third_Party/FreeRTOS/Source/tasks.c.obj
 .text.prvAddCurrentTaskToDelayedList
                0x08008884       0xa0 CMakeFiles/omni-infantry.elf.dir/Middlewares/Third_Party/FreeRTOS/Source/tasks.c.obj
 .text.xTaskCreateStatic
                0x08008924       0x76 CMakeFiles/omni-infantry.elf.dir/Middlewares/Third_Party/FreeRTOS/Source/tasks.c.obj
                0x08008924                xTaskCreateStatic
 .text.xTaskCreate
                0x0800899a       0x64 CMakeFiles/omni-infantry.elf.dir/Middlewares/Third_Party/FreeRTOS/Source/tasks.c.obj
                0x0800899a                xTaskCreate
 *fill*         0x080089fe        0x2 
 .text.vTaskResume
                0x08008a00       0x88 CMakeFiles/omni-infantry.elf.dir/Middlewares/Third_Party/FreeRTOS/Source/tasks.c.obj
                0x08008a00                vTaskResume
 .text.vTaskStartScheduler
                0x08008a88       0x74 CMakeFiles/omni-infantry.elf.dir/Middlewares/Third_Party/FreeRTOS/Source/tasks.c.obj
                0x08008a88                vTaskStartScheduler
 .text.vTaskSuspendAll
                0x08008afc       0x10 CMakeFiles/omni-infantry.elf.dir/Middlewares/Third_Party/FreeRTOS/Source/tasks.c.obj
                0x08008afc                vTaskSuspendAll
 .text.xTaskGetTickCount
                0x08008b0c        0xc CMakeFiles/omni-infantry.elf.dir/Middlewares/Third_Party/FreeRTOS/Source/tasks.c.obj
                0x08008b0c                xTaskGetTickCount
 .text.pcTaskGetName
                0x08008b18       0x28 CMakeFiles/omni-infantry.elf.dir/Middlewares/Third_Party/FreeRTOS/Source/tasks.c.obj
                0x08008b18                pcTaskGetName
 .text.xTaskIncrementTick
                0x08008b40      0x118 CMakeFiles/omni-infantry.elf.dir/Middlewares/Third_Party/FreeRTOS/Source/tasks.c.obj
                0x08008b40                xTaskIncrementTick
 .text.xTaskResumeAll
                0x08008c58       0xf8 CMakeFiles/omni-infantry.elf.dir/Middlewares/Third_Party/FreeRTOS/Source/tasks.c.obj
                0x08008c58                xTaskResumeAll
 .text.vTaskDelay
                0x08008d50       0x4c CMakeFiles/omni-infantry.elf.dir/Middlewares/Third_Party/FreeRTOS/Source/tasks.c.obj
                0x08008d50                vTaskDelay
 .text.xTaskGetHandle
                0x08008d9c       0x98 CMakeFiles/omni-infantry.elf.dir/Middlewares/Third_Party/FreeRTOS/Source/tasks.c.obj
                0x08008d9c                xTaskGetHandle
 .text.vTaskSwitchContext
                0x08008e34       0x98 CMakeFiles/omni-infantry.elf.dir/Middlewares/Third_Party/FreeRTOS/Source/tasks.c.obj
                0x08008e34                vTaskSwitchContext
 .text.vTaskPlaceOnEventList
                0x08008ecc       0x30 CMakeFiles/omni-infantry.elf.dir/Middlewares/Third_Party/FreeRTOS/Source/tasks.c.obj
                0x08008ecc                vTaskPlaceOnEventList
 .text.xTaskRemoveFromEventList
                0x08008efc       0x8c CMakeFiles/omni-infantry.elf.dir/Middlewares/Third_Party/FreeRTOS/Source/tasks.c.obj
                0x08008efc                xTaskRemoveFromEventList
 .text.vTaskInternalSetTimeOutState
                0x08008f88       0x18 CMakeFiles/omni-infantry.elf.dir/Middlewares/Third_Party/FreeRTOS/Source/tasks.c.obj
                0x08008f88                vTaskInternalSetTimeOutState
 .text.xTaskCheckForTimeOut
                0x08008fa0       0xa0 CMakeFiles/omni-infantry.elf.dir/Middlewares/Third_Party/FreeRTOS/Source/tasks.c.obj
                0x08008fa0                xTaskCheckForTimeOut
 .text.vTaskMissedYield
                0x08009040        0xc CMakeFiles/omni-infantry.elf.dir/Middlewares/Third_Party/FreeRTOS/Source/tasks.c.obj
                0x08009040                vTaskMissedYield
 .text.xTaskGetSchedulerState
                0x0800904c       0x20 CMakeFiles/omni-infantry.elf.dir/Middlewares/Third_Party/FreeRTOS/Source/tasks.c.obj
                0x0800904c                xTaskGetSchedulerState
 .text.xTaskPriorityDisinherit
                0x0800906c       0xb0 CMakeFiles/omni-infantry.elf.dir/Middlewares/Third_Party/FreeRTOS/Source/tasks.c.obj
                0x0800906c                xTaskPriorityDisinherit
 .text.ulTaskNotifyTake
                0x0800911c       0x78 CMakeFiles/omni-infantry.elf.dir/Middlewares/Third_Party/FreeRTOS/Source/tasks.c.obj
                0x0800911c                ulTaskNotifyTake
 .text.vTaskNotifyGiveFromISR
                0x08009194       0xd0 CMakeFiles/omni-infantry.elf.dir/Middlewares/Third_Party/FreeRTOS/Source/tasks.c.obj
                0x08009194                vTaskNotifyGiveFromISR
 .text.MX_USB_DEVICE_Init
                0x08009264       0x54 CMakeFiles/omni-infantry.elf.dir/USB_DEVICE/App/usb_device.c.obj
                0x08009264                MX_USB_DEVICE_Init
 .text.CDC_DeInit_FS
                0x080092b8        0x4 CMakeFiles/omni-infantry.elf.dir/USB_DEVICE/App/usbd_cdc_if.c.obj
 .text.CDC_Control_FS
                0x080092bc        0x4 CMakeFiles/omni-infantry.elf.dir/USB_DEVICE/App/usbd_cdc_if.c.obj
 .text.CDC_TransmitCplt_FS
                0x080092c0        0x4 CMakeFiles/omni-infantry.elf.dir/USB_DEVICE/App/usbd_cdc_if.c.obj
 .text.CDC_Receive_FS
                0x080092c4       0x24 CMakeFiles/omni-infantry.elf.dir/USB_DEVICE/App/usbd_cdc_if.c.obj
 .text.CDC_Init_FS
                0x080092e8       0x28 CMakeFiles/omni-infantry.elf.dir/USB_DEVICE/App/usbd_cdc_if.c.obj
 .text.CDC_Transmit_FS
                0x08009310       0x2c CMakeFiles/omni-infantry.elf.dir/USB_DEVICE/App/usbd_cdc_if.c.obj
                0x08009310                CDC_Transmit_FS
 .text.USBD_FS_DeviceDescriptor
                0x0800933c        0xc CMakeFiles/omni-infantry.elf.dir/USB_DEVICE/App/usbd_desc.c.obj
                0x0800933c                USBD_FS_DeviceDescriptor
 .text.USBD_FS_LangIDStrDescriptor
                0x08009348        0xc CMakeFiles/omni-infantry.elf.dir/USB_DEVICE/App/usbd_desc.c.obj
                0x08009348                USBD_FS_LangIDStrDescriptor
 .text.IntToUnicode
                0x08009354       0x46 CMakeFiles/omni-infantry.elf.dir/USB_DEVICE/App/usbd_desc.c.obj
 *fill*         0x0800939a        0x2 
 .text.Get_SerialNum
                0x0800939c       0x38 CMakeFiles/omni-infantry.elf.dir/USB_DEVICE/App/usbd_desc.c.obj
 .text.USBD_FS_SerialStrDescriptor
                0x080093d4       0x14 CMakeFiles/omni-infantry.elf.dir/USB_DEVICE/App/usbd_desc.c.obj
                0x080093d4                USBD_FS_SerialStrDescriptor
 .text.USBD_FS_ProductStrDescriptor
                0x080093e8       0x24 CMakeFiles/omni-infantry.elf.dir/USB_DEVICE/App/usbd_desc.c.obj
                0x080093e8                USBD_FS_ProductStrDescriptor
 .text.USBD_FS_ManufacturerStrDescriptor
                0x0800940c       0x1c CMakeFiles/omni-infantry.elf.dir/USB_DEVICE/App/usbd_desc.c.obj
                0x0800940c                USBD_FS_ManufacturerStrDescriptor
 .text.USBD_FS_ConfigStrDescriptor
                0x08009428       0x24 CMakeFiles/omni-infantry.elf.dir/USB_DEVICE/App/usbd_desc.c.obj
                0x08009428                USBD_FS_ConfigStrDescriptor
 .text.USBD_FS_InterfaceStrDescriptor
                0x0800944c       0x24 CMakeFiles/omni-infantry.elf.dir/USB_DEVICE/App/usbd_desc.c.obj
                0x0800944c                USBD_FS_InterfaceStrDescriptor
 .text.HAL_PCD_MspInit
                0x08009470       0x84 CMakeFiles/omni-infantry.elf.dir/USB_DEVICE/Target/usbd_conf.c.obj
                0x08009470                HAL_PCD_MspInit
 .text.HAL_PCD_SetupStageCallback
                0x080094f4       0x10 CMakeFiles/omni-infantry.elf.dir/USB_DEVICE/Target/usbd_conf.c.obj
                0x080094f4                HAL_PCD_SetupStageCallback
 .text.HAL_PCD_DataOutStageCallback
                0x08009504       0x18 CMakeFiles/omni-infantry.elf.dir/USB_DEVICE/Target/usbd_conf.c.obj
                0x08009504                HAL_PCD_DataOutStageCallback
 .text.HAL_PCD_DataInStageCallback
                0x0800951c       0x16 CMakeFiles/omni-infantry.elf.dir/USB_DEVICE/Target/usbd_conf.c.obj
                0x0800951c                HAL_PCD_DataInStageCallback
 .text.HAL_PCD_SOFCallback
                0x08009532        0xc CMakeFiles/omni-infantry.elf.dir/USB_DEVICE/Target/usbd_conf.c.obj
                0x08009532                HAL_PCD_SOFCallback
 .text.HAL_PCD_ResetCallback
                0x0800953e       0x2c CMakeFiles/omni-infantry.elf.dir/USB_DEVICE/Target/usbd_conf.c.obj
                0x0800953e                HAL_PCD_ResetCallback
 *fill*         0x0800956a        0x2 
 .text.HAL_PCD_SuspendCallback
                0x0800956c       0x30 CMakeFiles/omni-infantry.elf.dir/USB_DEVICE/Target/usbd_conf.c.obj
                0x0800956c                HAL_PCD_SuspendCallback
 .text.HAL_PCD_ResumeCallback
                0x0800959c        0xc CMakeFiles/omni-infantry.elf.dir/USB_DEVICE/Target/usbd_conf.c.obj
                0x0800959c                HAL_PCD_ResumeCallback
 .text.HAL_PCD_ISOOUTIncompleteCallback
                0x080095a8        0xc CMakeFiles/omni-infantry.elf.dir/USB_DEVICE/Target/usbd_conf.c.obj
                0x080095a8                HAL_PCD_ISOOUTIncompleteCallback
 .text.HAL_PCD_ISOINIncompleteCallback
                0x080095b4        0xc CMakeFiles/omni-infantry.elf.dir/USB_DEVICE/Target/usbd_conf.c.obj
                0x080095b4                HAL_PCD_ISOINIncompleteCallback
 .text.HAL_PCD_ConnectCallback
                0x080095c0        0xc CMakeFiles/omni-infantry.elf.dir/USB_DEVICE/Target/usbd_conf.c.obj
                0x080095c0                HAL_PCD_ConnectCallback
 .text.HAL_PCD_DisconnectCallback
                0x080095cc        0xc CMakeFiles/omni-infantry.elf.dir/USB_DEVICE/Target/usbd_conf.c.obj
                0x080095cc                HAL_PCD_DisconnectCallback
 .text.USBD_LL_Init
                0x080095d8       0x68 CMakeFiles/omni-infantry.elf.dir/USB_DEVICE/Target/usbd_conf.c.obj
                0x080095d8                USBD_LL_Init
 .text.USBD_LL_IsStallEP
                0x08009640       0x2e CMakeFiles/omni-infantry.elf.dir/USB_DEVICE/Target/usbd_conf.c.obj
                0x08009640                USBD_LL_IsStallEP
 .text.USBD_LL_GetRxDataSize
                0x0800966e        0xc CMakeFiles/omni-infantry.elf.dir/USB_DEVICE/Target/usbd_conf.c.obj
                0x0800966e                USBD_LL_GetRxDataSize
 *fill*         0x0800967a        0x2 
 .text.USBD_static_malloc
                0x0800967c        0x8 CMakeFiles/omni-infantry.elf.dir/USB_DEVICE/Target/usbd_conf.c.obj
                0x0800967c                USBD_static_malloc
 .text.USBD_static_free
                0x08009684        0x2 CMakeFiles/omni-infantry.elf.dir/USB_DEVICE/Target/usbd_conf.c.obj
                0x08009684                USBD_static_free
 .text.USBD_Get_USB_Status
                0x08009686       0x14 CMakeFiles/omni-infantry.elf.dir/USB_DEVICE/Target/usbd_conf.c.obj
                0x08009686                USBD_Get_USB_Status
 .text.USBD_LL_Start
                0x0800969a       0x10 CMakeFiles/omni-infantry.elf.dir/USB_DEVICE/Target/usbd_conf.c.obj
                0x0800969a                USBD_LL_Start
 .text.USBD_LL_OpenEP
                0x080096aa       0x16 CMakeFiles/omni-infantry.elf.dir/USB_DEVICE/Target/usbd_conf.c.obj
                0x080096aa                USBD_LL_OpenEP
 .text.USBD_LL_CloseEP
                0x080096c0       0x10 CMakeFiles/omni-infantry.elf.dir/USB_DEVICE/Target/usbd_conf.c.obj
                0x080096c0                USBD_LL_CloseEP
 .text.USBD_LL_StallEP
                0x080096d0       0x10 CMakeFiles/omni-infantry.elf.dir/USB_DEVICE/Target/usbd_conf.c.obj
                0x080096d0                USBD_LL_StallEP
 .text.USBD_LL_ClearStallEP
                0x080096e0       0x10 CMakeFiles/omni-infantry.elf.dir/USB_DEVICE/Target/usbd_conf.c.obj
                0x080096e0                USBD_LL_ClearStallEP
 .text.USBD_LL_SetUSBAddress
                0x080096f0       0x10 CMakeFiles/omni-infantry.elf.dir/USB_DEVICE/Target/usbd_conf.c.obj
                0x080096f0                USBD_LL_SetUSBAddress
 .text.USBD_LL_Transmit
                0x08009700       0x10 CMakeFiles/omni-infantry.elf.dir/USB_DEVICE/Target/usbd_conf.c.obj
                0x08009700                USBD_LL_Transmit
 .text.USBD_LL_PrepareReceive
                0x08009710       0x10 CMakeFiles/omni-infantry.elf.dir/USB_DEVICE/Target/usbd_conf.c.obj
                0x08009710                USBD_LL_PrepareReceive
 .text.imu_cali_slove
                0x08009720       0xbc CMakeFiles/omni-infantry.elf.dir/application/Atti.c.obj
 .text.imu_temp_control
                0x080097dc       0xa0 CMakeFiles/omni-infantry.elf.dir/application/Atti.c.obj
 .text.imu_cmd_spi_dma
                0x0800987c      0x180 CMakeFiles/omni-infantry.elf.dir/application/Atti.c.obj
 .text.INS_task
                0x080099fc      0x268 CMakeFiles/omni-infantry.elf.dir/application/Atti.c.obj
                0x080099fc                INS_task
 .text.gyro_offset_calc
                0x08009c64       0x54 CMakeFiles/omni-infantry.elf.dir/application/Atti.c.obj
                0x08009c64                gyro_offset_calc
 .text.INS_cali_gyro
                0x08009cb8       0x48 CMakeFiles/omni-infantry.elf.dir/application/Atti.c.obj
                0x08009cb8                INS_cali_gyro
 .text.INS_set_cali_gyro
                0x08009d00       0x28 CMakeFiles/omni-infantry.elf.dir/application/Atti.c.obj
                0x08009d00                INS_set_cali_gyro
 .text.HAL_GPIO_EXTI_Callback
                0x08009d28       0x94 CMakeFiles/omni-infantry.elf.dir/application/Atti.c.obj
                0x08009d28                HAL_GPIO_EXTI_Callback
 .text.DMA2_Stream2_IRQHandler
                0x08009dbc      0x6b0 CMakeFiles/omni-infantry.elf.dir/application/Atti.c.obj
                0x08009dbc                DMA2_Stream2_IRQHandler
 .text.cali_gimbal_hook
                0x0800a46c       0x1a CMakeFiles/omni-infantry.elf.dir/application/Calibrate.c.obj
 *fill*         0x0800a486        0x2 
 .text.cali_gyro_hook
                0x0800a488       0x58 CMakeFiles/omni-infantry.elf.dir/application/Calibrate.c.obj
 .text.cali_head_hook
                0x0800a4e0       0x44 CMakeFiles/omni-infantry.elf.dir/application/Calibrate.c.obj
 .text.RC_cmd_to_calibrate
                0x0800a524      0x304 CMakeFiles/omni-infantry.elf.dir/application/Calibrate.c.obj
 .text.cali_data_write
                0x0800a828       0x70 CMakeFiles/omni-infantry.elf.dir/application/Calibrate.c.obj
 .text.cali_data_read
                0x0800a898       0x90 CMakeFiles/omni-infantry.elf.dir/application/Calibrate.c.obj
 .text.calibrate_task
                0x0800a928       0xa0 CMakeFiles/omni-infantry.elf.dir/application/Calibrate.c.obj
                0x0800a928                calibrate_task
 .text.get_control_temperature
                0x0800a9c8        0xc CMakeFiles/omni-infantry.elf.dir/application/Calibrate.c.obj
                0x0800a9c8                get_control_temperature
 .text.cali_param_init
                0x0800a9d4       0x78 CMakeFiles/omni-infantry.elf.dir/application/Calibrate.c.obj
                0x0800a9d4                cali_param_init
 .text.cap_info_update
                0x0800aa4c       0x90 CMakeFiles/omni-infantry.elf.dir/application/Cap.c.obj
                0x0800aa4c                cap_info_update
 .text.cap_task
                0x0800aadc       0x20 CMakeFiles/omni-infantry.elf.dir/application/Cap.c.obj
                0x0800aadc                cap_task
 .text.chassis_set_mode
                0x0800aafc       0x78 CMakeFiles/omni-infantry.elf.dir/application/Chassis.c.obj
 .text.chassis_speed_change
                0x0800ab74       0xc0 CMakeFiles/omni-infantry.elf.dir/application/Chassis.c.obj
 .text.chassis_pc_ctrl
                0x0800ac34       0x9c CMakeFiles/omni-infantry.elf.dir/application/Chassis.c.obj
 .text.chassis_ctrl_info_get
                0x0800acd0      0x144 CMakeFiles/omni-infantry.elf.dir/application/Chassis.c.obj
 .text.chassis_init